Component: ARM Compiler 5.06 update 6 (build 750) Tool: armlink [4d35ed]

==============================================================================

Section Cross References

    main.o(.text) refers to key.o(.text) for KEY_Scan
    main.o(.text) refers to os_tmr.o(.text) for OSTmrStart
    main.o(.text) refers to malloc.o(.text) for mymalloc
    main.o(.text) refers to wifi.o(.text) for Connect_TCP_Server
    main.o(.text) refers to printfa.o(i.__0printf) for __2printf
    main.o(.text) refers to lcd.o(.text) for LCD_ShowString
    main.o(.text) refers to os_time.o(.text) for OSTimeDlyHMSM
    main.o(.text) refers to os_sem.o(.text) for OSSemPend
    main.o(.text) refers to cpu_core.o(.text) for CPU_Init
    main.o(.text) refers to os_stat.o(.text) for OSStatTaskCPUUsageInit
    main.o(.text) refers to os_core.o(.text) for OSSchedRoundRobinCfg
    main.o(.text) refers to main.o(.bss) for HTTP_timer
    main.o(.text) refers to main.o(.data) for TimerCount
    main.o(.text) refers to lcd.o(.data) for POINT_COLOR
    main.o(.text) refers to cpu_a.o(.text) for CPU_SR_Save
    main.o(.text) refers to os_task.o(.text) for OSTaskCreate
    main.o(.text) refers to delay.o(.text) for delay_init
    main.o(.text) refers to misc.o(.text) for NVIC_PriorityGroupConfig
    main.o(.text) refers to usart.o(.text) for uart_init
    main.o(.text) refers to espuart.o(.text) for USART2_Init
    main.o(.text) refers to led.o(.text) for LED_Init
    main.o(.text) refers to os_var.o(.data) for OSSchedLockNestingCtr
    main.o(.data) refers to main.o(.conststring) for .conststring
    system_stm32f10x.o(.text) refers to system_stm32f10x.o(.data) for SystemCoreClock
    led.o(.text) refers to stm32f10x_rcc.o(.text) for RCC_APB2PeriphClockCmd
    led.o(.text) refers to stm32f10x_gpio.o(.text) for GPIO_Init
    key.o(.text) refers to stm32f10x_rcc.o(.text) for RCC_APB2PeriphClockCmd
    key.o(.text) refers to stm32f10x_gpio.o(.text) for GPIO_PinRemapConfig
    key.o(.text) refers to delay.o(.text) for delay_ms
    key.o(.text) refers to key.o(.data) for key_up
    lcd.o(.text) refers to delay.o(.text) for delay_us
    lcd.o(.text) refers to lcd.o(.bss) for lcddev
    lcd.o(.text) refers to dfltui.o(.text) for __aeabi_ui2d
    lcd.o(.text) refers to dmul.o(.text) for __aeabi_dmul
    lcd.o(.text) refers to dfixui.o(.text) for __aeabi_d2uiz
    lcd.o(.text) refers to lcd.o(.data) for POINT_COLOR
    lcd.o(.text) refers to stm32f10x_rcc.o(.text) for RCC_APB2PeriphClockCmd
    lcd.o(.text) refers to stm32f10x_gpio.o(.text) for GPIO_PinRemapConfig
    lcd.o(.text) refers to printfa.o(i.__0printf) for __2printf
    lcd.o(.text) refers to lcd.o(.constdata) for asc2_1206
    wifi.o(.text) refers to strstr.o(.text) for strstr
    wifi.o(.text) refers to espuart.o(.text) for u2_printf
    wifi.o(.text) refers to printfa.o(i.__0printf) for __2printf
    wifi.o(.text) refers to delay.o(.text) for delay_ms
    wifi.o(.text) refers to printfa.o(i.__0sprintf) for __2sprintf
    wifi.o(.text) refers to malloc.o(.text) for mymalloc
    wifi.o(.text) refers to stm32f10x_usart.o(.text) for USART_GetFlagStatus
    wifi.o(.text) refers to cjson.o(.text) for cJSON_Parse
    wifi.o(.text) refers to espuart.o(.data) for USART2_RX_STA
    wifi.o(.text) refers to espuart.o(.bss) for USART2_RX_BUF
    wifi.o(.text) refers to atoi.o(.text) for atoi
    wifi.o(.text) refers to memseta.o(.text) for __aeabi_memclr4
    wifi.o(.text) refers to strcpy.o(.text) for strcpy
    espuart.o(.text) refers to stm32f10x_tim.o(.text) for TIM_SetCounter
    espuart.o(.text) refers to os_core.o(.text) for OSIntEnter
    espuart.o(.text) refers to stm32f10x_usart.o(.text) for USART_GetITStatus
    espuart.o(.text) refers to stm32f10x_rcc.o(.text) for RCC_APB1PeriphClockCmd
    espuart.o(.text) refers to misc.o(.text) for NVIC_Init
    espuart.o(.text) refers to stm32f10x_dma.o(.text) for DMA_DeInit
    espuart.o(.text) refers to stm32f10x_gpio.o(.text) for GPIO_Init
    espuart.o(.text) refers to printfa.o(i.__0vsprintf) for __c89vsprintf
    espuart.o(.text) refers to strlen.o(.text) for strlen
    espuart.o(.text) refers to espuart.o(.data) for USART2_RX_STA
    espuart.o(.text) refers to espuart.o(.bss) for USART2_RX_BUF
    cjson.o(.text) refers to scanf_fp.o(.text) for _scanf_real
    cjson.o(.text) refers to printfa.o(i.__0sprintf) for __2sprintf
    cjson.o(.text) refers to tolower.o(.text) for tolower
    cjson.o(.text) refers to strlen.o(.text) for strlen
    cjson.o(.text) refers to memcpya.o(.text) for __aeabi_memcpy
    cjson.o(.text) refers to memseta.o(.text) for __aeabi_memclr4
    cjson.o(.text) refers to strtod.o(i.strtod) for strtod
    cjson.o(.text) refers to cdrcmple.o(.text) for __aeabi_cdrcmple
    cjson.o(.text) refers to cdcmple.o(.text) for __aeabi_cdcmple
    cjson.o(.text) refers to dfixi.o(.text) for __aeabi_d2iz
    cjson.o(.text) refers to cjson.o(.data) for global_error
    cjson.o(.text) refers to cjson.o(.bss) for version
[...]
    RCC_AHBPeriphClockCmd                    0x0800a42b   Thumb Code    26  stm32f10x_rcc.o(.text)
    RCC_APB2PeriphClockCmd                   0x0800a445   Thumb Code    26  stm32f10x_rcc.o(.text)
    RCC_APB1PeriphClockCmd                   0x0800a45f   Thumb Code    26  stm32f10x_rcc.o(.text)
    RCC_APB2PeriphResetCmd                   0x0800a479   Thumb Code    26  stm32f10x_rcc.o(.text)
    RCC_APB1PeriphResetCmd                   0x0800a493   Thumb Code    26  stm32f10x_rcc.o(.text)
    RCC_BackupResetCmd                       0x0800a4ad   Thumb Code     8  stm32f10x_rcc.o(.text)
    RCC_ClockSecuritySystemCmd               0x0800a4b5   Thumb Code     6  stm32f10x_rcc.o(.text)
    RCC_MCOConfig                            0x0800a4bb   Thumb Code     6  stm32f10x_rcc.o(.text)
    RCC_ClearFlag                            0x0800a4c1   Thumb Code    14  stm32f10x_rcc.o(.text)
    RCC_GetITStatus                          0x0800a4cf   Thumb Code    20  stm32f10x_rcc.o(.text)
    RCC_ClearITPendingBit                    0x0800a4e3   Thumb Code     6  stm32f10x_rcc.o(.text)
    TIM_DeInit                               0x0800a50d   Thumb Code   424  stm32f10x_tim.o(.text)
    TIM_TimeBaseInit                         0x0800a6b5   Thumb Code   122  stm32f10x_tim.o(.text)
    TIM_OC1Init                              0x0800a72f   Thumb Code   132  stm32f10x_tim.o(.text)
    TIM_OC2Init                              0x0800a7b3   Thumb Code   154  stm32f10x_tim.o(.text)
    TIM_OC3Init                              0x0800a84d   Thumb Code   150  stm32f10x_tim.o(.text)
    TIM_OC4Init                              0x0800a8e3   Thumb Code   182  stm32f10x_tim.o(.text)
    TIM_SetIC4Prescaler                      0x0800a999   Thumb Code    26  stm32f10x_tim.o(.text)
    TIM_SetIC3Prescaler                      0x0800aa35   Thumb Code    18  stm32f10x_tim.o(.text)
    TIM_SetIC2Prescaler                      0x0800aac1   Thumb Code    26  stm32f10x_tim.o(.text)
    TIM_SetIC1Prescaler                      0x0800ab5d   Thumb Code    18  stm32f10x_tim.o(.text)
    TIM_ICInit                               0x0800abdb   Thumb Code   150  stm32f10x_tim.o(.text)
    TIM_PWMIConfig                           0x0800ac71   Thumb Code   124  stm32f10x_tim.o(.text)
    TIM_BDTRConfig                           0x0800aced   Thumb Code    32  stm32f10x_tim.o(.text)
    TIM_TimeBaseStructInit                   0x0800ad0d   Thumb Code    18  stm32f10x_tim.o(.text)
    TIM_OCStructInit                         0x0800ad1f   Thumb Code    20  stm32f10x_tim.o(.text)
    TIM_ICStructInit                         0x0800ad33   Thumb Code    18  stm32f10x_tim.o(.text)
    TIM_BDTRStructInit                       0x0800ad45   Thumb Code    40  stm32f10x_tim.o(.text)
    TIM_Cmd                                  0x0800ad6d   Thumb Code    24  stm32f10x_tim.o(.text)
    TIM_CtrlPWMOutputs                       0x0800ad85   Thumb Code    30  stm32f10x_tim.o(.text)
    TIM_ITConfig                             0x0800ada3   Thumb Code    18  stm32f10x_tim.o(.text)
    TIM_GenerateEvent                        0x0800adb5   Thumb Code     4  stm32f10x_tim.o(.text)
    TIM_DMAConfig                            0x0800adb9   Thumb Code    10  stm32f10x_tim.o(.text)
    TIM_DMACmd                               0x0800adc3   Thumb Code    18  stm32f10x_tim.o(.text)
    TIM_InternalClockConfig                  0x0800add5   Thumb Code    12  stm32f10x_tim.o(.text)
    TIM_SelectInputTrigger                   0x0800ade1   Thumb Code    18  stm32f10x_tim.o(.text)
    TIM_ITRxExternalClockConfig              0x0800adf3   Thumb Code    24  stm32f10x_tim.o(.text)
    TIM_TIxExternalClockConfig               0x0800ae0b   Thumb Code    62  stm32f10x_tim.o(.text)
    TIM_ETRConfig                            0x0800ae49   Thumb Code    28  stm32f10x_tim.o(.text)
    TIM_ETRClockMode1Config                  0x0800ae65   Thumb Code    54  stm32f10x_tim.o(.text)
    TIM_ETRClockMode2Config                  0x0800ae9b   Thumb Code    32  stm32f10x_tim.o(.text)
    TIM_PrescalerConfig                      0x0800aebb   Thumb Code     6  stm32f10x_tim.o(.text)
    TIM_CounterModeConfig                    0x0800aec1   Thumb Code    18  stm32f10x_tim.o(.text)
    TIM_EncoderInterfaceConfig               0x0800aed3   Thumb Code    66  stm32f10x_tim.o(.text)
    TIM_ForcedOC1Config                      0x0800af15   Thumb Code    18  stm32f10x_tim.o(.text)
    TIM_ForcedOC2Config                      0x0800af27   Thumb Code    26  stm32f10x_tim.o(.text)
    TIM_ForcedOC3Config                      0x0800af41   Thumb Code    18  stm32f10x_tim.o(.text)
    TIM_ForcedOC4Config                      0x0800af53   Thumb Code    26  stm32f10x_tim.o(.text)
    TIM_ARRPreloadConfig                     0x0800af6d   Thumb Code    24  stm32f10x_tim.o(.text)
    TIM_SelectCOM                            0x0800af85   Thumb Code    24  stm32f10x_tim.o(.text)
    TIM_SelectCCDMA                          0x0800af9d   Thumb Code    24  stm32f10x_tim.o(.text)
    TIM_CCPreloadControl                     0x0800afb5   Thumb Code    24  stm32f10x_tim.o(.text)
    TIM_OC1PreloadConfig                     0x0800afcd   Thumb Code    18  stm32f10x_tim.o(.text)
    TIM_OC2PreloadConfig                     0x0800afdf   Thumb Code    26  stm32f10x_tim.o(.text)
    TIM_OC3PreloadConfig                     0x0800aff9   Thumb Code    18  stm32f10x_tim.o(.text)
    TIM_OC4PreloadConfig                     0x0800b00b   Thumb Code    26  stm32f10x_tim.o(.text)
    TIM_OC1FastConfig                        0x0800b025   Thumb Code    18  stm32f10x_tim.o(.text)
    TIM_OC2FastConfig                        0x0800b037   Thumb Code    26  stm32f10x_tim.o(.text)
    TIM_OC3FastConfig                        0x0800b051   Thumb Code    18  stm32f10x_tim.o(.text)
    TIM_OC4FastConfig                        0x0800b063   Thumb Code    26  stm32f10x_tim.o(.text)
    TIM_ClearOC1Ref                          0x0800b07d   Thumb Code    18  stm32f10x_tim.o(.text)
    TIM_ClearOC2Ref                          0x0800b08f   Thumb Code    24  stm32f10x_tim.o(.text)
    TIM_ClearOC3Ref                          0x0800b0a7   Thumb Code    18  stm32f10x_tim.o(.text)
    TIM_ClearOC4Ref                          0x0800b0b9   Thumb Code    24  stm32f10x_tim.o(.text)
    TIM_OC1PolarityConfig                    0x0800b0d1   Thumb Code    18  stm32f10x_tim.o(.text)
    TIM_OC1NPolarityConfig                   0x0800b0e3   Thumb Code    18  stm32f10x_tim.o(.text)
    TIM_OC2PolarityConfig                    0x0800b0f5   Thumb Code    26  stm32f10x_tim.o(.text)
    TIM_OC2NPolarityConfig                   0x0800b10f   Thumb Code    26  stm32f10x_tim.o(.text)
    TIM_OC3PolarityConfig                    0x0800b129   Thumb Code    26  stm32f10x_tim.o(.text)
    TIM_OC3NPolarityConfig                   0x0800b143   Thumb Code    26  stm32f10x_tim.o(.text)
    TIM_OC4PolarityConfig                    0x0800b15d   Thumb Code    26  stm32f10x_tim.o(.text)
    TIM_CCxCmd                               0x0800b177   Thumb Code    30  stm32f10x_tim.o(.text)
    TIM_CCxNCmd                              0x0800b195   Thumb Code    30  stm32f10x_tim.o(.text)
    TIM_SelectOCxM                           0x0800b1b3   Thumb Code    82  stm32f10x_tim.o(.text)
    TIM_UpdateDisableConfig                  0x0800b205   Thumb Code    24  stm32f10x_tim.o(.text)
    TIM_UpdateRequestConfig                  0x0800b21d   Thumb Code    24  stm32f10x_tim.o(.text)
    TIM_SelectHallSensor                     0x0800b235   Thumb Code    24  stm32f10x_tim.o(.text)
    TIM_SelectOnePulseMode                   0x0800b24d   Thumb Code    18  stm32f10x_tim.o(.text)
    TIM_SelectOutputTrigger                  0x0800b25f   Thumb Code    18  stm32f10x_tim.o(.text)
    TIM_SelectSlaveMode                      0x0800b271   Thumb Code    18  stm32f10x_tim.o(.text)
    TIM_SelectMasterSlaveMode                0x0800b283   Thumb Code    18  stm32f10x_tim.o(.text)
    TIM_SetCounter                           0x0800b295   Thumb Code     4  stm32f10x_tim.o(.text)
    TIM_SetAutoreload                        0x0800b299   Thumb Code     4  stm32f10x_tim.o(.text)
    TIM_SetCompare1                          0x0800b29d   Thumb Code     4  stm32f10x_tim.o(.text)
    TIM_SetCompare2                          0x0800b2a1   Thumb Code     4  stm32f10x_tim.o(.text)
    TIM_SetCompare3                          0x0800b2a5   Thumb Code     4  stm32f10x_tim.o(.text)
    TIM_SetCompare4                          0x0800b2a9   Thumb Code     6  stm32f10x_tim.o(.text)
    TIM_SetClockDivision                     0x0800b2af   Thumb Code    18  stm32f10x_tim.o(.text)
    TIM_GetCapture1                          0x0800b2c1   Thumb Code     6  stm32f10x_tim.o(.text)
    TIM_GetCapture2                          0x0800b2c7   Thumb Code     6  stm32f10x_tim.o(.text)
    TIM_GetCapture3                          0x0800b2cd   Thumb Code     6  stm32f10x_tim.o(.text)
    TIM_GetCapture4                          0x0800b2d3   Thumb Code     8  stm32f10x_tim.o(.text)
    TIM_GetCounter                           0x0800b2db   Thumb Code     6  stm32f10x_tim.o(.text)
    TIM_GetPrescaler                         0x0800b2e1   Thumb Code     6  stm32f10x_tim.o(.text)
    TIM_GetFlagStatus                        0x0800b2e7   Thumb Code    18  stm32f10x_tim.o(.text)
    TIM_ClearFlag                            0x0800b2f9   Thumb Code     6  stm32f10x_tim.o(.text)
    TIM_GetITStatus                          0x0800b2ff   Thumb Code    34  stm32f10x_tim.o(.text)
    TIM_ClearITPendingBit                    0x0800b321   Thumb Code     6  stm32f10x_tim.o(.text)
    DMA_DeInit                               0x0800b329   Thumb Code   324  stm32f10x_dma.o(.text)
    DMA_Init                                 0x0800b46d   Thumb Code    60  stm32f10x_dma.o(.text)
    DMA_StructInit                           0x0800b4a9   Thumb Code    26  stm32f10x_dma.o(.text)
    DMA_Cmd                                  0x0800b4c3   Thumb Code    24  stm32f10x_dma.o(.text)
    DMA_ITConfig                             0x0800b4db   Thumb Code    18  stm32f10x_dma.o(.text)
    DMA_SetCurrDataCounter                   0x0800b4ed   Thumb Code     4  stm32f10x_dma.o(.text)
    DMA_GetCurrDataCounter                   0x0800b4f1   Thumb Code     8  stm32f10x_dma.o(.text)
    DMA_GetFlagStatus                        0x0800b4f9   Thumb Code    40  stm32f10x_dma.o(.text)
    DMA_ClearFlag                            0x0800b521   Thumb Code    22  stm32f10x_dma.o(.text)
    DMA_GetITStatus                          0x0800b537   Thumb Code    40  stm32f10x_dma.o(.text)
    DMA_ClearITPendingBit                    0x0800b55f   Thumb Code    22  stm32f10x_dma.o(.text)
    mymemcpy                                 0x0800b57d   Thumb Code    26  malloc.o(.text)
    mymemset                                 0x0800b597   Thumb Code    20  malloc.o(.text)
    mem_init                                 0x0800b5ab   Thumb Code    38  malloc.o(.text)
    mem_perused                              0x0800b5d1   Thumb Code    42  malloc.o(.text)
    mem_malloc                               0x0800b5fb   Thumb Code   116  malloc.o(.text)
    mem_free                                 0x0800b66f   Thumb Code    66  malloc.o(.text)
    myfree                                   0x0800b6b1   Thumb Code    24  malloc.o(.text)
    mymalloc                                 0x0800b6c9   Thumb Code    28  malloc.o(.text)
    myrealloc                                0x0800b6e5   Thumb Code    50  malloc.o(.text)
    BSP_CPU_ClkFreq                          0x0800b71d   Thumb Code    16  bsp.o(.text)
    CPU_TS_TmrInit                           0x0800b72d   Thumb Code    44  bsp.o(.text)
    CPU_TS_TmrRd                             0x0800b759   Thumb Code     6  bsp.o(.text)
    CPU_TS32_to_uSec                         0x0800b75f   Thumb Code    54  bsp.o(.text)
    CPU_NameClr                              0x0800b7a1   Thumb Code    42  cpu_core.o(.text)
    CPU_Init                                 0x0800b7e1   Thumb Code    12  cpu_core.o(.text)
    CPU_SW_Exception                         0x0800b7ed   Thumb Code     4  cpu_core.o(.text)
    CPU_NameGet                              0x0800b7f1   Thumb Code    70  cpu_core.o(.text)
    CPU_NameSet                              0x0800b837   Thumb Code    96  cpu_core.o(.text)
    CPU_TS_Get32                             0x0800b897   Thumb Code    12  cpu_core.o(.text)
    CPU_TS_Update                            0x0800b8a3   Thumb Code     2  cpu_core.o(.text)
    CPU_TS_TmrFreqGet                        0x0800b8a5   Thumb Code    30  cpu_core.o(.text)
    CPU_TS_TmrFreqSet                        0x0800b8c3   Thumb Code     6  cpu_core.o(.text)
    CPU_CntLeadZeros08                       0x0800b8c9   Thumb Code    18  cpu_core.o(.text)
    CPU_CntLeadZeros16                       0x0800b8db   Thumb Code    18  cpu_core.o(.text)
    CPU_CntLeadZeros32                       0x0800b8ed   Thumb Code    18  cpu_core.o(.text)
    CPU_CntLeadZeros64                       0x0800b8ff   Thumb Code   188  cpu_core.o(.text)
    CPU_CntTrailZeros08                      0x0800b9bb   Thumb Code    22  cpu_core.o(.text)
    CPU_CntTrailZeros16                      0x0800b9d1   Thumb Code    22  cpu_core.o(.text)
    CPU_CntTrailZeros32                      0x0800b9e7   Thumb Code    22  cpu_core.o(.text)
    CPU_CntTrailZeros64                      0x0800b9fd   Thumb Code    62  cpu_core.o(.text)
    CPU_IntDis                               0x0800ba49   Thumb Code     0  cpu_a.o(.text)
    CPU_IntEn                                0x0800ba4d   Thumb Code     0  cpu_a.o(.text)
    CPU_SR_Save                              0x0800ba51   Thumb Code     0  cpu_a.o(.text)
    CPU_SR_Restore                           0x0800ba59   Thumb Code     0  cpu_a.o(.text)
    CPU_WaitForInt                           0x0800ba5f   Thumb Code     0  cpu_a.o(.text)
    CPU_WaitForExcept                        0x0800ba63   Thumb Code     0  cpu_a.o(.text)
    CPU_CntLeadZeros                         0x0800ba67   Thumb Code     0  cpu_a.o(.text)
    CPU_CntTrailZeros                        0x0800ba6d   Thumb Code     0  cpu_a.o(.text)
    CPU_RevBits                              0x0800ba77   Thumb Code     0  cpu_a.o(.text)
    ASCII_IsAlpha                            0x0800ba7d   Thumb Code    48  lib_ascii.o(.text)
    ASCII_IsAlphaNum                         0x0800baad   Thumb Code    76  lib_ascii.o(.text)
    ASCII_IsLower                            0x0800baf9   Thumb Code    20  lib_ascii.o(.text)
    ASCII_IsUpper                            0x0800bb0d   Thumb Code    20  lib_ascii.o(.text)
    ASCII_IsDig                              0x0800bb21   Thumb Code    20  lib_ascii.o(.text)
    ASCII_IsDigOct                           0x0800bb35   Thumb Code    20  lib_ascii.o(.text)
    ASCII_IsDigHex                           0x0800bb49   Thumb Code    36  lib_ascii.o(.text)
    ASCII_IsBlank                            0x0800bb6d   Thumb Code    20  lib_ascii.o(.text)
    ASCII_IsSpace                            0x0800bb81   Thumb Code    36  lib_ascii.o(.text)
    ASCII_IsPrint                            0x0800bba5   Thumb Code    20  lib_ascii.o(.text)
    ASCII_IsGraph                            0x0800bbb9   Thumb Code    20  lib_ascii.o(.text)
    ASCII_IsPunct                            0x0800bbcd   Thumb Code   134  lib_ascii.o(.text)
    ASCII_IsCtrl                             0x0800bc53   Thumb Code    26  lib_ascii.o(.text)
    ASCII_ToLower                            0x0800bc6d   Thumb Code    32  lib_ascii.o(.text)
    ASCII_ToUpper                            0x0800bc8d   Thumb Code    32  lib_ascii.o(.text)
    ASCII_Cmp                                0x0800bcad   Thumb Code    38  lib_ascii.o(.text)
    Mem_Init                                 0x0800bcd5   Thumb Code    54  lib_mem.o(.text)
    Mem_Set                                  0x0800bd0b   Thumb Code    84  lib_mem.o(.text)
    Mem_Clr                                  0x0800bd5f   Thumb Code    18  lib_mem.o(.text)
    Mem_Move                                 0x0800bd71   Thumb Code   186  lib_mem.o(.text)
    Mem_Cmp                                  0x0800be2b   Thumb Code   192  lib_mem.o(.text)
    Mem_HeapAlloc                            0x0800bf63   Thumb Code   168  lib_mem.o(.text)
    Mem_SegGetSizeRem                        0x0800c00b   Thumb Code   108  lib_mem.o(.text)
    Mem_HeapGetSizeRem                       0x0800c077   Thumb Code    22  lib_mem.o(.text)
    Mem_PoolClr                              0x0800c08d   Thumb Code    80  lib_mem.o(.text)
    Mem_PoolCreate                           0x0800c0dd   Thumb Code   838  lib_mem.o(.text)
    Mem_PoolBlkGetNbrAvail                   0x0800c423   Thumb Code    52  lib_mem.o(.text)
    Mem_PoolBlkGet                           0x0800c457   Thumb Code   126  lib_mem.o(.text)
    Mem_PoolBlkGetUsedAtIx                   0x0800c4d5   Thumb Code   140  lib_mem.o(.text)
    Mem_PoolBlkFree                          0x0800c561   Thumb Code   152  lib_mem.o(.text)
    Mem_PoolBlkIxGet                         0x0800c5f9   Thumb Code   162  lib_mem.o(.text)
    Str_Len_N                                0x0800c69d   Thumb Code    28  lib_str.o(.text)
    Str_Len                                  0x0800c6b9   Thumb Code    20  lib_str.o(.text)
    Str_Copy_N                               0x0800c6cd   Thumb Code    70  lib_str.o(.text)
    Str_Copy                                 0x0800c713   Thumb Code    24  lib_str.o(.text)
    Str_Cat_N                                0x0800c72b   Thumb Code    90  lib_str.o(.text)
    Str_Cat                                  0x0800c785   Thumb Code    24  lib_str.o(.text)
    Str_Cmp_N                                0x0800c79d   Thumb Code   156  lib_str.o(.text)
    Str_Cmp                                  0x0800c839   Thumb Code    24  lib_str.o(.text)
    Str_CmpIgnoreCase_N                      0x0800c851   Thumb Code   264  lib_str.o(.text)
    Str_CmpIgnoreCase                        0x0800c959   Thumb Code    24  lib_str.o(.text)
    Str_Char_N                               0x0800c971   Thumb Code    74  lib_str.o(.text)
    Str_Char                                 0x0800c9bb   Thumb Code    24  lib_str.o(.text)
    Str_Char_Last_N                          0x0800c9d3   Thumb Code    76  lib_str.o(.text)
    Str_Char_Last                            0x0800ca1f   Thumb Code    24  lib_str.o(.text)
    Str_Char_Replace_N                       0x0800ca37   Thumb Code    52  lib_str.o(.text)
    Str_Char_Replace                         0x0800ca6b   Thumb Code    28  lib_str.o(.text)
    Str_Str_N                                0x0800ca87   Thumb Code   182  lib_str.o(.text)
    Str_Str                                  0x0800cb3d   Thumb Code    24  lib_str.o(.text)
    Str_FmtNbr_Int32U                        0x0800cd31   Thumb Code    46  lib_str.o(.text)
    Str_FmtNbr_Int32S                        0x0800cd5f   Thumb Code    62  lib_str.o(.text)
    Str_ParseNbr_Int32U                      0x0800cf5b   Thumb Code    30  lib_str.o(.text)
    Str_ParseNbr_Int32S                      0x0800cf79   Thumb Code    74  lib_str.o(.text)
    Mem_Copy                                 0x0800cfc9   Thumb Code     0  lib_mem_a.o(.text)
    OSCfg_Init                               0x0800d1e9   Thumb Code    86  os_cfg_app.o(.text)
    OS_IdleTask                              0x0800d2e5   Thumb Code    60  os_core.o(.text)
    OS_IdleTaskInit                          0x0800d321   Thumb Code    68  os_core.o(.text)
    OS_RdyListInit                           0x0800d365   Thumb Code    32  os_core.o(.text)
    OSInit                                   0x0800d385   Thumb Code   300  os_core.o(.text)
    OSIntEnter                               0x0800d4b1   Thumb Code    34  os_core.o(.text)
    OSIntExit                                0x0800d4d3   Thumb Code   192  os_core.o(.text)
    OSSched                                  0x0800d593   Thumb Code   134  os_core.o(.text)
    OS_SchedLockTimeMeasStart                0x0800d619   Thumb Code    20  os_core.o(.text)
    OSSchedLock                              0x0800d62d   Thumb Code   104  os_core.o(.text)
    OS_SchedLockTimeMeasStop                 0x0800d695   Thumb Code    44  os_core.o(.text)
    OSSchedUnlock                            0x0800d6c1   Thumb Code   290  os_core.o(.text)
    OSSchedRoundRobinCfg                     0x0800d7e3   Thumb Code    88  os_core.o(.text)
    OS_RdyListMoveHeadToTail                 0x0800d83b   Thumb Code    68  os_core.o(.text)
    OSSchedRoundRobinYield                   0x0800d87f   Thumb Code   164  os_core.o(.text)
    OSStart                                  0x0800d923   Thumb Code    78  os_core.o(.text)
    OSVersion                                0x0800d971   Thumb Code    12  os_core.o(.text)
    OS_PendDbgNameAdd                        0x0800d97d   Thumb Code    66  os_core.o(.text)
    OS_PendListInsertPrio                    0x0800d9bf   Thumb Code   102  os_core.o(.text)
    OS_PendDataInit                          0x0800da25   Thumb Code    38  os_core.o(.text)
    OS_RdyListRemove                         0x0800da4b   Thumb Code    86  os_core.o(.text)
    OS_TaskBlock                             0x0800daa1   Thumb Code    56  os_core.o(.text)
    OS_Pend                                  0x0800dad9   Thumb Code    98  os_core.o(.text)
    OS_PendListRemove1                       0x0800db3b   Thumb Code   134  os_core.o(.text)
    OS_PendListRemove                        0x0800dbc1   Thumb Code    48  os_core.o(.text)
    OS_PendAbort1                            0x0800dbf1   Thumb Code    36  os_core.o(.text)
    OS_RdyListInsertHead                     0x0800dc15   Thumb Code    58  os_core.o(.text)
    OS_RdyListInsertTail                     0x0800dc4f   Thumb Code    56  os_core.o(.text)
    OS_RdyListInsert                         0x0800dc87   Thumb Code    40  os_core.o(.text)
    OS_TaskRdy                               0x0800dcaf   Thumb Code    28  os_core.o(.text)
    OS_PendAbort                             0x0800dccb   Thumb Code   166  os_core.o(.text)
    OS_PendDbgNameRemove                     0x0800dd71   Thumb Code    34  os_core.o(.text)
    OS_PendListChangePrio                    0x0800dd93   Thumb Code    70  os_core.o(.text)
    OS_PendListInit                          0x0800ddd9   Thumb Code    10  os_core.o(.text)
    OS_PendListInsertHead                    0x0800dde3   Thumb Code    32  os_core.o(.text)
    OS_PendObjDel1                           0x0800de03   Thumb Code    36  os_core.o(.text)
    OS_PendObjDel                            0x0800de27   Thumb Code   162  os_core.o(.text)
    OS_Post1                                 0x0800dec9   Thumb Code    42  os_core.o(.text)
    OS_Post                                  0x0800def3   Thumb Code   192  os_core.o(.text)
    OS_Sched0                                0x0800dfb3   Thumb Code   102  os_core.o(.text)
    OS_SchedRoundRobin                       0x0800e019   Thumb Code   190  os_core.o(.text)
    OS_Dbg_Init                              0x0800e0e9   Thumb Code   146  os_dbg.o(.text)
    OS_FlagDbgListAdd                        0x0800e299   Thumb Code    38  os_flag.o(.text)
    OSFlagCreate                             0x0800e2bf   Thumb Code   172  os_flag.o(.text)
    OS_FlagClr                               0x0800e36b   Thumb Code    28  os_flag.o(.text)
    OS_FlagDbgListRemove                     0x0800e387   Thumb Code    44  os_flag.o(.text)
    OSFlagDel                                0x0800e3b3   Thumb Code   594  os_flag.o(.text)
    OS_FlagBlock                             0x0800e605   Thumb Code    58  os_flag.o(.text)
    OSFlagPend                               0x0800e63f   Thumb Code  1488  os_flag.o(.text)
    OSFlagPendAbort                          0x0800ec0f   Thumb Code   292  os_flag.o(.text)
    OSFlagPendGetFlagsRdy                    0x0800ed33   Thumb Code    68  os_flag.o(.text)
    OS_FlagTaskRdy                           0x0800ed77   Thumb Code    86  os_flag.o(.text)
    OS_FlagPost                              0x0800edcd   Thumb Code   570  os_flag.o(.text)
    OSFlagPost                               0x0800f007   Thumb Code   146  os_flag.o(.text)
    OS_FlagInit                              0x0800f099   Thumb Code    14  os_flag.o(.text)
    OS_IntQPost                              0x0800f0c1   Thumb Code   216  os_int.o(.text)
    OS_IntQRePost                            0x0800f199   Thumb Code   360  os_int.o(.text)
    OS_IntQTask                              0x0800f301   Thumb Code   162  os_int.o(.text)
    OS_IntQTaskInit                          0x0800f3a3   Thumb Code   208  os_int.o(.text)
    OS_MemDbgListAdd                         0x0800f505   Thumb Code    34  os_mem.o(.text)
    OSMemCreate                              0x0800f527   Thumb Code   288  os_mem.o(.text)
    OSMemGet                                 0x0800f647   Thumb Code   100  os_mem.o(.text)
    OSMemPut                                 0x0800f6ab   Thumb Code   112  os_mem.o(.text)
    OS_MemInit                               0x0800f71b   Thumb Code    14  os_mem.o(.text)
    OS_MsgPoolCreate                         0x0800f73d   Thumb Code    54  os_msg.o(.text)
    OS_MsgPoolInit                           0x0800f773   Thumb Code    70  os_msg.o(.text)
    OS_MsgQFreeAll                           0x0800f7b9   Thumb Code    62  os_msg.o(.text)
    OS_MsgQInit                              0x0800f7f7   Thumb Code    14  os_msg.o(.text)
    OS_MsgQGet                               0x0800f805   Thumb Code    98  os_msg.o(.text)
    OS_MsgQPut                               0x0800f867   Thumb Code   246  os_msg.o(.text)
    OS_MutexDbgListAdd                       0x0800f969   Thumb Code    38  os_mutex.o(.text)
    OSMutexCreate                            0x0800f98f   Thumb Code   178  os_mutex.o(.text)
    OS_MutexClr                              0x0800fa41   Thumb Code    38  os_mutex.o(.text)
    OS_MutexDbgListRemove                    0x0800fa67   Thumb Code    44  os_mutex.o(.text)
    OSMutexDel                               0x0800fa93   Thumb Code   842  os_mutex.o(.text)
    OSMutexPend                              0x0800fddd   Thumb Code   706  os_mutex.o(.text)
    OSMutexPendAbort                         0x0801009f   Thumb Code   314  os_mutex.o(.text)
    OSMutexPost                              0x080101d9   Thumb Code   564  os_mutex.o(.text)
    OS_MutexInit                             0x0801040d   Thumb Code    14  os_mutex.o(.text)
    OS_PrioInit                              0x0801043d   Thumb Code    20  os_prio.o(.text)
    OS_PrioGetHighest                        0x08010451   Thumb Code    36  os_prio.o(.text)
    OS_PrioInsert                            0x08010475   Thumb Code    32  os_prio.o(.text)
    OS_PrioRemove                            0x08010495   Thumb Code    32  os_prio.o(.text)
    OS_QDbgListAdd                           0x080104b9   Thumb Code    38  os_q.o(.text)
    OSQCreate                                0x080104df   Thumb Code   186  os_q.o(.text)
    OS_QClr                                  0x08010599   Thumb Code    40  os_q.o(.text)
    OS_QDbgListRemove                        0x080105c1   Thumb Code    44  os_q.o(.text)
    OSQDel                                   0x080105ed   Thumb Code   362  os_q.o(.text)
    OSQFlush                                 0x08010757   Thumb Code   210  os_q.o(.text)
    OSQPend                                  0x08010829   Thumb Code   538  os_q.o(.text)
    OSQPendAbort                             0x08010a43   Thumb Code   292  os_q.o(.text)
    OS_QPost                                 0x08010b67   Thumb Code   324  os_q.o(.text)
    OSQPost                                  0x08010cab   Thumb Code   198  os_q.o(.text)
    OS_QInit                                 0x08010d71   Thumb Code    14  os_q.o(.text)
    OS_SemDbgListAdd                         0x08010d91   Thumb Code    38  os_sem.o(.text)
    OSSemCreate                              0x08010db7   Thumb Code   172  os_sem.o(.text)
    OS_SemClr                                0x08010e63   Thumb Code    28  os_sem.o(.text)
    OS_SemDbgListRemove                      0x08010e7f   Thumb Code    44  os_sem.o(.text)
    OSSemDel                                 0x08010eab   Thumb Code   362  os_sem.o(.text)
    OSSemPend                                0x08011015   Thumb Code   504  os_sem.o(.text)
    OSSemPendAbort                           0x0801120d   Thumb Code   292  os_sem.o(.text)
    OS_SemPost                               0x08011331   Thumb Code   350  os_sem.o(.text)
    OSSemPost                                0x0801148f   Thumb Code   144  os_sem.o(.text)
    OSSemSet                                 0x0801151f   Thumb Code   138  os_sem.o(.text)
    OS_SemInit                               0x080115a9   Thumb Code    14  os_sem.o(.text)
    OSStatReset                              0x080115c1   Thumb Code   270  os_stat.o(.text)
    OSStatTaskCPUUsageInit                   0x080116cf   Thumb Code   212  os_stat.o(.text)
    OS_StatTask                              0x080117a3   Thumb Code   888  os_stat.o(.text)
    OS_StatTaskInit                          0x08011b1b   Thumb Code   138  os_stat.o(.text)
    OSTaskChangePrio                         0x08011bf9   Thumb Code   416  os_task.o(.text)
    OS_TaskDbgListAdd                        0x08011d99   Thumb Code    42  os_task.o(.text)
    OS_TaskInitTCB                           0x08011dc3   Thumb Code   186  os_task.o(.text)
    OSTaskCreate                             0x08011e7d   Thumb Code   616  os_task.o(.text)
    OS_TaskDbgListRemove                     0x080120e5   Thumb Code    64  os_task.o(.text)
    OSTaskDel                                0x08012125   Thumb Code   424  os_task.o(.text)
    OSTaskQFlush                             0x080122cd   Thumb Code   214  os_task.o(.text)
    OSTaskQPend                              0x080123a3   Thumb Code   554  os_task.o(.text)
    OSTaskQPendAbort                         0x080125cd   Thumb Code   242  os_task.o(.text)
    OS_TaskQPost                             0x080126bf   Thumb Code   526  os_task.o(.text)
    OSTaskQPost                              0x080128cd   Thumb Code   114  os_task.o(.text)
    OSTaskRegGet                             0x0801293f   Thumb Code    78  os_task.o(.text)
    OSTaskRegGetID                           0x0801298d   Thumb Code    84  os_task.o(.text)
    OSTaskRegSet                             0x080129e1   Thumb Code    78  os_task.o(.text)
    OS_TaskResume                            0x08012a2f   Thumb Code   314  os_task.o(.text)
    OSTaskResume                             0x08012b69   Thumb Code   112  os_task.o(.text)
    OSTaskSemPend                            0x08012bd9   Thumb Code   550  os_task.o(.text)
    OSTaskSemPendAbort                       0x08012dff   Thumb Code   270  os_task.o(.text)
    OS_TaskSemPost                           0x08012f0d   Thumb Code  1224  os_task.o(.text)
    OSTaskSemPost                            0x080133d5   Thumb Code    98  os_task.o(.text)
    OSTaskSemSet                             0x08013437   Thumb Code    80  os_task.o(.text)
    OSTaskStkChk                             0x08013487   Thumb Code   224  os_task.o(.text)
    OS_TaskSuspend                           0x08013567   Thumb Code   328  os_task.o(.text)
    OSTaskSuspend                            0x080136af   Thumb Code    78  os_task.o(.text)
    OSTaskTimeQuantaSet                      0x080136fd   Thumb Code    96  os_task.o(.text)
    OS_TaskInit                              0x0801375d   Thumb Code    18  os_task.o(.text)
    OS_TaskReturn                            0x0801376f   Thumb Code    20  os_task.o(.text)
    OS_TickListRemove                        0x080137ad   Thumb Code    56  os_tick.o(.text)
    OS_TickListUpdate                        0x080137e5   Thumb Code   480  os_tick.o(.text)
    OS_TickTask                              0x080139c5   Thumb Code    38  os_tick.o(.text)
    OS_TickListInit                          0x080139eb   Thumb Code    32  os_tick.o(.text)
    OS_TickTaskInit                          0x08013a0b   Thumb Code   130  os_tick.o(.text)
    OS_TickListInsert                        0x08013a8d   Thumb Code   502  os_tick.o(.text)
    OS_TickListResetPeak                     0x08013c83   Thumb Code    28  os_tick.o(.text)
    OSTimeDly                                0x08013ca9   Thumb Code   266  os_time.o(.text)
    OSTimeDlyHMSM                            0x08013db3   Thumb Code   480  os_time.o(.text)
    OSTimeDlyResume                          0x08013f93   Thumb Code   466  os_time.o(.text)
    OSTimeGet                                0x08014165   Thumb Code    46  os_time.o(.text)
    OSTimeSet                                0x08014193   Thumb Code    46  os_time.o(.text)
    OSTimeTick                               0x080141c1   Thumb Code    54  os_time.o(.text)
    OS_TmrDbgListAdd                         0x0801420d   Thumb Code    34  os_tmr.o(.text)
    OSTmrCreate                              0x0801422f   Thumb Code   248  os_tmr.o(.text)
    OS_TmrClr                                0x08014327   Thumb Code    36  os_tmr.o(.text)
    OS_TmrUnlink                             0x0801434b   Thumb Code    72  os_tmr.o(.text)
    OS_TmrDbgListRemove                      0x08014393   Thumb Code    44  os_tmr.o(.text)
    OSTmrDel                                 0x080143bf   Thumb Code   176  os_tmr.o(.text)
    OSTmrRemainGet                           0x0801446f   Thumb Code   184  os_tmr.o(.text)
    OS_TmrLink                               0x08014527   Thumb Code   196  os_tmr.o(.text)
    OSTmrStart                               0x080145eb   Thumb Code   210  os_tmr.o(.text)
    OSTmrStateGet                            0x080146bd   Thumb Code   134  os_tmr.o(.text)
    OSTmrStop                                0x08014743   Thumb Code   232  os_tmr.o(.text)
    OS_TmrTask                               0x0801482b   Thumb Code   176  os_tmr.o(.text)
    OS_TmrInit                               0x080148db   Thumb Code   208  os_tmr.o(.text)
    OS_TmrResetPeak                          0x080149ab   Thumb Code    28  os_tmr.o(.text)
    OSIdleTaskHook                           0x08014a25   Thumb Code    16  os_cpu_c.o(.text)
    OSInitHook                               0x08014a35   Thumb Code    42  os_cpu_c.o(.text)
    OSStatTaskHook                           0x08014a5f   Thumb Code    16  os_cpu_c.o(.text)
    OSTaskCreateHook                         0x08014a6f   Thumb Code    20  os_cpu_c.o(.text)
    OSTaskDelHook                            0x08014a83   Thumb Code    20  os_cpu_c.o(.text)
    OSTaskReturnHook                         0x08014a97   Thumb Code    20  os_cpu_c.o(.text)
    OSTaskStkInit                            0x08014aab   Thumb Code   188  os_cpu_c.o(.text)
    OSTaskSwHook                             0x08014b67   Thumb Code   120  os_cpu_c.o(.text)
    OSTimeTickHook                           0x08014bdf   Thumb Code    16  os_cpu_c.o(.text)
    OS_CPU_SysTickHandler                    0x08014bef   Thumb Code    52  os_cpu_c.o(.text)
    OS_CPU_SysTickInit                       0x08014c23   Thumb Code    44  os_cpu_c.o(.text)
    __aeabi_uldivmod                         0x08014c91   Thumb Code    98  uldiv.o(.text)
    tolower                                  0x08014cf3   Thumb Code    12  tolower.o(.text)
    __aeabi_memcpy                           0x08014cff   Thumb Code    36  memcpya.o(.text)
    __aeabi_memcpy4                          0x08014cff   Thumb Code     0  memcpya.o(.text)
    __aeabi_memcpy8                          0x08014cff   Thumb Code     0  memcpya.o(.text)
    __aeabi_memset                           0x08014d23   Thumb Code    14  memseta.o(.text)
    __aeabi_memset4                          0x08014d23   Thumb Code     0  memseta.o(.text)
    __aeabi_memset8                          0x08014d23   Thumb Code     0  memseta.o(.text)
    __aeabi_memclr                           0x08014d31   Thumb Code     4  memseta.o(.text)
    __aeabi_memclr4                          0x08014d31   Thumb Code     0  memseta.o(.text)
    __aeabi_memclr8                          0x08014d31   Thumb Code     0  memseta.o(.text)
    _memset$wrapper                          0x08014d35   Thumb Code    18  memseta.o(.text)
    strstr                                   0x08014d47   Thumb Code    36  strstr.o(.text)
    strlen                                   0x08014d6b   Thumb Code    14  strlen.o(.text)
    strcmp                                   0x08014d79   Thumb Code    28  strcmp.o(.text)
    strcpy                                   0x08014d95   Thumb Code    18  strcpy.o(.text)
    strncmp                                  0x08014da7   Thumb Code    30  strncmp.o(.text)
    __0sscanf                                0x08014dc5   Thumb Code    48  __0sscanf.o(.text)
    _scanf_real                              0x08014f25   Thumb Code     0  scanf_fp.o(.text)
    _scanf_really_real                       0x08014f25   Thumb Code   556  scanf_fp.o(.text)
    atoi                                     0x0801515d   Thumb Code    26  atoi.o(.text)
    __aeabi_dadd                             0x08015177   Thumb Code   322  dadd.o(.text)
    __aeabi_dsub                             0x080152b9   Thumb Code     6  dadd.o(.text)
    __aeabi_drsub                            0x080152bf   Thumb Code     6  dadd.o(.text)
    __aeabi_dmul                             0x080152c5   Thumb Code   228  dmul.o(.text)
    __aeabi_i2d                              0x080153a9   Thumb Code    34  dflti.o(.text)
    __aeabi_ui2d                             0x080153cb   Thumb Code    26  dfltui.o(.text)
    __aeabi_d2iz                             0x080153e5   Thumb Code    62  dfixi.o(.text)
    __aeabi_d2uiz                            0x08015423   Thumb Code    50  dfixui.o(.text)
    __aeabi_f2d                              0x08015455   Thumb Code    38  f2d.o(.text)
    __aeabi_cdcmpeq                          0x0801547d   Thumb Code     0  cdcmple.o(.text)
    __aeabi_cdcmple                          0x0801547d   Thumb Code    48  cdcmple.o(.text)
    __aeabi_cdrcmple                         0x080154ad   Thumb Code    48  cdrcmple.o(.text)
    __aeabi_uidiv                            0x080154dd   Thumb Code     0  uidiv.o(.text)
    __aeabi_uidivmod                         0x080154dd   Thumb Code    44  uidiv.o(.text)
    __aeabi_llsl                             0x08015509   Thumb Code    30  llshl.o(.text)
    _ll_shift_l                              0x08015509   Thumb Code     0  llshl.o(.text)
    __aeabi_llsr                             0x08015527   Thumb Code    32  llushr.o(.text)
    _ll_ushift_r                             0x08015527   Thumb Code     0  llushr.o(.text)
    __aeabi_lasr                             0x08015547   Thumb Code    36  llsshr.o(.text)
    _ll_sshift_r                             0x08015547   Thumb Code     0  llsshr.o(.text)
    __vfscanf_char                           0x08015579   Thumb Code    20  scanf_char.o(.text)
    _sgetc                                   0x08015595   Thumb Code    30  _sgetc.o(.text)
    _sbackspace                              0x080155b3   Thumb Code    34  _sgetc.o(.text)
    __strtod_int                             0x0801560b   Thumb Code    90  strtod.o(.text)
    strtol                                   0x08015671   Thumb Code   112  strtol.o(.text)
    __I$use$fp                               0x080156e1   Thumb Code     0  iusefp.o(.text)
    _double_round                            0x080156e1   Thumb Code    30  depilogue.o(.text)
    _double_epilogue                         0x080156ff   Thumb Code   156  depilogue.o(.text)
    __aeabi_ddiv                             0x0801579b   Thumb Code   222  ddiv.o(.text)
    __aeabi_ul2d                             0x08015879   Thumb Code    24  dfltul.o(.text)
    __aeabi_d2ulz                            0x08015891   Thumb Code    48  dfixul.o(.text)
    __aeabi_d2f                              0x080158c1   Thumb Code    56  d2f.o(.text)
    __scatterload                            0x080158f9   Thumb Code    28  init.o(.text)
    __scatterload_rt2                        0x080158f9   Thumb Code     0  init.o(.text)
    __rt_ctype_table                         0x0801591d   Thumb Code     4  ctype_o.o(.text)
    isspace                                  0x08015925   Thumb Code    18  isspace_o.o(.text)
    __vfscanf                                0x08015939   Thumb Code   808  _scanf.o(.text)
    _strtoul                                 0x08015c65   Thumb Code   158  _strtoul.o(.text)
    _float_round                             0x08015d03   Thumb Code    18  fepilogue.o(.text)
    _float_epilogue                          0x08015d15   Thumb Code    92  fepilogue.o(.text)
    _chval                                   0x08015d71   Thumb Code    28  _chval.o(.text)
    __decompress                             0x08015d8d   Thumb Code     0  __dczerorl2.o(.text)
    __decompress1                            0x08015d8d   Thumb Code    86  __dczerorl2.o(.text)
    OSStartHighRdy                           0x08015de5   Thumb Code     0  os_cpu_a.o(CODE)
    PendSV_Handler                           0x08015e1b   Thumb Code     0  os_cpu_a.o(CODE)
    __0printf                                0x08015e7d   Thumb Code    22  printfa.o(i.__0printf)
    __1printf                                0x08015e7d   Thumb Code     0  printfa.o(i.__0printf)
    __2printf                                0x08015e7d   Thumb Code     0  printfa.o(i.__0printf)
    __c89printf                              0x08015e7d   Thumb Code     0  printfa.o(i.__0printf)
    printf                                   0x08015e7d   Thumb Code     0  printfa.o(i.__0printf)
    __0sprintf                               0x08015e9d   Thumb Code    34  printfa.o(i.__0sprintf)
    __1sprintf                               0x08015e9d   Thumb Code     0  printfa.o(i.__0sprintf)
    __2sprintf                               0x08015e9d   Thumb Code     0  printfa.o(i.__0sprintf)
    __c89sprintf                             0x08015e9d   Thumb Code     0  printfa.o(i.__0sprintf)
    sprintf                                  0x08015e9d   Thumb Code     0  printfa.o(i.__0sprintf)
    __0vsprintf                              0x08015ec5   Thumb Code    30  printfa.o(i.__0vsprintf)
    __1vsprintf                              0x08015ec5   Thumb Code     0  printfa.o(i.__0vsprintf)
    __2vsprintf                              0x08015ec5   Thumb Code     0  printfa.o(i.__0vsprintf)
    __c89vsprintf                            0x08015ec5   Thumb Code     0  printfa.o(i.__0vsprintf)
    vsprintf                                 0x08015ec5   Thumb Code     0  printfa.o(i.__0vsprintf)
    __aeabi_errno_addr                       0x08015ee9   Thumb Code     4  errno.o(i.__aeabi_errno_addr)
    __rt_errno_addr                          0x08015ee9   Thumb Code     0  errno.o(i.__aeabi_errno_addr)
    free                                     0x08015ef1   Thumb Code    88  mallocr.o(i.__free$realloc)
    malloc                                   0x08015f4d   Thumb Code    64  mallocr.o(i.__malloc$realloc)
    __scatterload_copy                       0x08015f9d   Thumb Code    14  handlers.o(i.__scatterload_copy)
    __scatterload_null                       0x08015fab   Thumb Code     2  handlers.o(i.__scatterload_null)
    __scatterload_zeroinit                   0x08015fad   Thumb Code    14  handlers.o(i.__scatterload_zeroinit)
    _is_digit                                0x08016141   Thumb Code    14  scanf_fp.o(i._is_digit)
    realloc                                  0x080168d9   Thumb Code   102  mallocr.o(i.realloc)
    strtod                                   0x08016945   Thumb Code    28  strtod.o(i.strtod)
    asc2_1206                                0x08016960   Data        1140  lcd.o(.constdata)
    asc2_1608                                0x08016dd4   Data        1520  lcd.o(.constdata)
    asc2_2412                                0x080173c4   Data        3420  lcd.o(.constdata)
    CPU_EndiannessTest                       0x08018220   Data           4  cpu_core.o(.constdata)
    OSCfg_IdleTaskStkBasePtr                 0x080182b8   Data           4  os_cfg_app.o(.constdata)
    OSCfg_IdleTaskStkLimit                   0x080182bc   Data           4  os_cfg_app.o(.constdata)
    OSCfg_IdleTaskStkSize                    0x080182c0   Data           4  os_cfg_app.o(.constdata)
    OSCfg_IdleTaskStkSizeRAM                 0x080182c4   Data           4  os_cfg_app.o(.constdata)
    OSCfg_IntQBasePtr                        0x080182c8   Data           4  os_cfg_app.o(.constdata)
    OSCfg_IntQSize                           0x080182cc   Data           2  os_cfg_app.o(.constdata)
    OSCfg_IntQSizeRAM                        0x080182d0   Data           4  os_cfg_app.o(.constdata)
    OSCfg_IntQTaskStkBasePtr                 0x080182d4   Data           4  os_cfg_app.o(.constdata)
    OSCfg_IntQTaskStkLimit                   0x080182d8   Data           4  os_cfg_app.o(.constdata)
    OSCfg_IntQTaskStkSize                    0x080182dc   Data           4  os_cfg_app.o(.constdata)
    OSCfg_IntQTaskStkSizeRAM                 0x080182e0   Data           4  os_cfg_app.o(.constdata)
    OSCfg_ISRStkBasePtr                      0x080182e4   Data           4  os_cfg_app.o(.constdata)
    OSCfg_ISRStkSize                         0x080182e8   Data           4  os_cfg_app.o(.constdata)
    OSCfg_ISRStkSizeRAM                      0x080182ec   Data           4  os_cfg_app.o(.constdata)
    OSCfg_MsgPoolSize                        0x080182f0   Data           2  os_cfg_app.o(.constdata)
    OSCfg_MsgPoolSizeRAM                     0x080182f4   Data           4  os_cfg_app.o(.constdata)
    OSCfg_MsgPoolBasePtr                     0x080182f8   Data           4  os_cfg_app.o(.constdata)
    OSCfg_StatTaskPrio                       0x080182fc   Data           1  os_cfg_app.o(.constdata)
    OSCfg_StatTaskRate_Hz                    0x08018300   Data           4  os_cfg_app.o(.constdata)
    OSCfg_StatTaskStkBasePtr                 0x08018304   Data           4  os_cfg_app.o(.constdata)
    OSCfg_StatTaskStkLimit                   0x08018308   Data           4  os_cfg_app.o(.constdata)
    OSCfg_StatTaskStkSize                    0x0801830c   Data           4  os_cfg_app.o(.constdata)
    OSCfg_StatTaskStkSizeRAM                 0x08018310   Data           4  os_cfg_app.o(.constdata)
    OSCfg_StkSizeMin                         0x08018314   Data           4  os_cfg_app.o(.constdata)
    OSCfg_TickRate_Hz                        0x08018318   Data           4  os_cfg_app.o(.constdata)
    OSCfg_TickTaskPrio                       0x0801831c   Data           1  os_cfg_app.o(.constdata)
    OSCfg_TickTaskStkBasePtr                 0x08018320   Data           4  os_cfg_app.o(.constdata)
    OSCfg_TickTaskStkLimit                   0x08018324   Data           4  os_cfg_app.o(.constdata)
    OSCfg_TickTaskStkSize                    0x08018328   Data           4  os_cfg_app.o(.constdata)
    OSCfg_TickTaskStkSizeRAM                 0x0801832c   Data           4  os_cfg_app.o(.constdata)
    OSCfg_TickWheelSize                      0x08018330   Data           2  os_cfg_app.o(.constdata)
    OSCfg_TickWheelSizeRAM                   0x08018334   Data           4  os_cfg_app.o(.constdata)
    OSCfg_TmrTaskPrio                        0x08018338   Data           1  os_cfg_app.o(.constdata)
    OSCfg_TmrTaskRate_Hz                     0x0801833c   Data           4  os_cfg_app.o(.constdata)
    OSCfg_TmrTaskStkBasePtr                  0x08018340   Data           4  os_cfg_app.o(.constdata)
    OSCfg_TmrTaskStkLimit                    0x08018344   Data           4  os_cfg_app.o(.constdata)
    OSCfg_TmrTaskStkSize                     0x08018348   Data           4  os_cfg_app.o(.constdata)
    OSCfg_TmrTaskStkSizeRAM                  0x0801834c   Data           4  os_cfg_app.o(.constdata)
    OSCfg_TmrWheelSize                       0x08018350   Data           2  os_cfg_app.o(.constdata)
    OSCfg_TmrWheelSizeRAM                    0x08018354   Data           4  os_cfg_app.o(.constdata)
    OSCfg_DataSizeRAM                        0x08018358   Data           4  os_cfg_app.o(.constdata)
    OSDbg_DbgEn                              0x0801835c   Data           2  os_dbg.o(.constdata)
    OSDbg_ArgChkEn                           0x0801835e   Data           1  os_dbg.o(.constdata)
    OSDbg_AppHooksEn                         0x0801835f   Data           1  os_dbg.o(.constdata)
    OSDbg_EndiannessTest                     0x08018360   Data           4  os_dbg.o(.constdata)
    OSDbg_CalledFromISRChkEn                 0x08018364   Data           1  os_dbg.o(.constdata)
    OSDbg_FlagEn                             0x08018365   Data           1  os_dbg.o(.constdata)
    OSDbg_FlagGrp                            0x08018368   Data          40  os_dbg.o(.constdata)
    OSDbg_FlagDelEn                          0x08018390   Data           1  os_dbg.o(.constdata)
    OSDbg_FlagModeClrEn                      0x08018391   Data           1  os_dbg.o(.constdata)
    OSDbg_FlagPendAbortEn                    0x08018392   Data           1  os_dbg.o(.constdata)
    OSDbg_FlagGrpSize                        0x08018394   Data           2  os_dbg.o(.constdata)
    OSDbg_FlagWidth                          0x08018396   Data           2  os_dbg.o(.constdata)
    OSDbg_IntQ                               0x08018398   Data           2  os_dbg.o(.constdata)
    OSDbg_ISRPostDeferredEn                  0x0801839a   Data           1  os_dbg.o(.constdata)
    OSDbg_Mem                                0x0801839c   Data          32  os_dbg.o(.constdata)
    OSDbg_MemEn                              0x080183bc   Data           1  os_dbg.o(.constdata)
    OSDbg_MemSize                            0x080183be   Data           2  os_dbg.o(.constdata)
    OSDbg_MsgEn                              0x080183c0   Data           1  os_dbg.o(.constdata)
    OSDbg_MsgSize                            0x080183c2   Data           2  os_dbg.o(.constdata)
    OSDbg_MsgPoolSize                        0x080183c4   Data           2  os_dbg.o(.constdata)
    OSDbg_MsgQSize                           0x080183c6   Data           2  os_dbg.o(.constdata)
    OSDbg_Mutex                              0x080183c8   Data          44  os_dbg.o(.constdata)
    OSDbg_MutexEn                            0x080183f4   Data           1  os_dbg.o(.constdata)
    OSDbg_MutexDelEn                         0x080183f5   Data           1  os_dbg.o(.constdata)
    OSDbg_MutexPendAbortEn                   0x080183f6   Data           1  os_dbg.o(.constdata)
    OSDbg_MutexSize                          0x080183f8   Data           2  os_dbg.o(.constdata)
    OSDbg_ObjTypeChkEn                       0x080183fa   Data           1  os_dbg.o(.constdata)
    OSDbg_PendMultiEn                        0x080183fb   Data           1  os_dbg.o(.constdata)
    OSDbg_PendDataSize                       0x080183fc   Data           2  os_dbg.o(.constdata)
    OSDbg_PendListSize                       0x080183fe   Data           2  os_dbg.o(.constdata)
    OSDbg_PendObjSize                        0x08018400   Data           2  os_dbg.o(.constdata)
    OSDbg_PrioMax                            0x08018402   Data           2  os_dbg.o(.constdata)
    OSDbg_PrioTblSize                        0x08018404   Data           2  os_dbg.o(.constdata)
    OSDbg_PtrSize                            0x08018406   Data           2  os_dbg.o(.constdata)
    OSDbg_Q                                  0x08018408   Data          48  os_dbg.o(.constdata)
    OSDbg_QEn                                0x08018438   Data           1  os_dbg.o(.constdata)
    OSDbg_QDelEn                             0x08018439   Data           1  os_dbg.o(.constdata)
    OSDbg_QFlushEn                           0x0801843a   Data           1  os_dbg.o(.constdata)
    OSDbg_QPendAbortEn                       0x0801843b   Data           1  os_dbg.o(.constdata)
    OSDbg_QSize                              0x0801843c   Data           2  os_dbg.o(.constdata)
    OSDbg_SchedRoundRobinEn                  0x0801843e   Data           1  os_dbg.o(.constdata)
    OSDbg_Sem                                0x08018440   Data          40  os_dbg.o(.constdata)
    OSDbg_SemEn                              0x08018468   Data           1  os_dbg.o(.constdata)
    OSDbg_SemDelEn                           0x08018469   Data           1  os_dbg.o(.constdata)
    OSDbg_SemPendAbortEn                     0x0801846a   Data           1  os_dbg.o(.constdata)
    OSDbg_SemSetEn                           0x0801846b   Data           1  os_dbg.o(.constdata)
    OSDbg_SemSize                            0x0801846c   Data           2  os_dbg.o(.constdata)
    OSDbg_RdyList                            0x0801846e   Data           2  os_dbg.o(.constdata)
    OSDbg_RdyListSize                        0x08018470   Data           4  os_dbg.o(.constdata)
    OSDbg_StkWidth                           0x08018474   Data           1  os_dbg.o(.constdata)
    OSDbg_StatTaskEn                         0x08018475   Data           1  os_dbg.o(.constdata)
    OSDbg_StatTaskStkChkEn                   0x08018476   Data           1  os_dbg.o(.constdata)
    OSDbg_TaskChangePrioEn                   0x08018477   Data           1  os_dbg.o(.constdata)
    OSDbg_TaskDelEn                          0x08018478   Data           1  os_dbg.o(.constdata)
    OSDbg_TaskQEn                            0x08018479   Data           1  os_dbg.o(.constdata)
    OSDbg_TaskQPendAbortEn                   0x0801847a   Data           1  os_dbg.o(.constdata)
    OSDbg_TaskProfileEn                      0x0801847b   Data           1  os_dbg.o(.constdata)
    OSDbg_TaskRegTblSize                     0x0801847c   Data           2  os_dbg.o(.constdata)
    OSDbg_TaskSemPendAbortEn                 0x0801847e   Data           1  os_dbg.o(.constdata)
    OSDbg_TaskSuspendEn                      0x0801847f   Data           1  os_dbg.o(.constdata)
    OSDbg_TCBSize                            0x08018480   Data           2  os_dbg.o(.constdata)
    OSDbg_TickSpokeSize                      0x08018482   Data           2  os_dbg.o(.constdata)
    OSDbg_TimeDlyHMSMEn                      0x08018484   Data           1  os_dbg.o(.constdata)
    OSDbg_TimeDlyResumeEn                    0x08018485   Data           1  os_dbg.o(.constdata)
    OSDbg_TLS_TblSize                        0x08018486   Data           2  os_dbg.o(.constdata)
    OSDbg_Tmr                                0x08018488   Data          52  os_dbg.o(.constdata)
    OSDbg_TmrEn                              0x080184bc   Data           1  os_dbg.o(.constdata)
    OSDbg_TmrDelEn                           0x080184bd   Data           1  os_dbg.o(.constdata)
    OSDbg_TmrSize                            0x080184be   Data           2  os_dbg.o(.constdata)
    OSDbg_TmrSpokeSize                       0x080184c0   Data           2  os_dbg.o(.constdata)
    OSDbg_VersionNbr                         0x080184c2   Data           2  os_dbg.o(.constdata)
    OSDbg_DataSize                           0x080184c4   Data           4  os_dbg.o(.constdata)
    __ctype_table                            0x080184c8   Data         129  ctype_o.o(.constdata)
    Region$$Table$$Base                      0x08018634   Number         0  anon$$obj.o(Region$$Table)
    Region$$Table$$Limit                     0x08018654   Number         0  anon$$obj.o(Region$$Table)
    SSID                                     0x20000000   Data           4  main.o(.data)
    PSWD                                     0x20000004   Data           4  main.o(.data)
    Seniverse                                0x20000008   Data           4  main.o(.data)
    Ihogu                                    0x2000000c   Data           4  main.o(.data)
    PORT                                     0x20000010   Data           4  main.o(.data)
    Request                                  0x20000014   Data           4  main.o(.data)
    myapiRequest                             0x20000018   Data           4  main.o(.data)
    TimerCount                               0x2000001c   Data           1  main.o(.data)
    switchFlag                               0x2000001d   Data           1  main.o(.data)
    SystemCoreClock                          0x20000020   Data           4  system_stm32f10x.o(.data)
    AHBPrescTable                            0x20000024   Data          16  system_stm32f10x.o(.data)
    POINT_COLOR                              0x20000036   Data           2  lcd.o(.data)
    BACK_COLOR                               0x20000038   Data           2  lcd.o(.data)
    USART2_RX_STA                            0x2000003a   Data           2  espuart.o(.data)
    __stdout                                 0x20000054   Data           4  usart.o(.data)
    USART_RX_STA                             0x20000058   Data           2  usart.o(.data)
    mallco_dev                               0x20000070   Data          20  malloc.o(.data)
    CPU_TS_TmrFreq_Hz                        0x20000084   Data           4  cpu_core.o(.data)
    Mem_PoolTbl                              0x20000088   Data           4  lib_mem.o(.data)
    OSPrioTbl                                0x2000008c   Data           8  os_prio.o(.data)
    OS_AppTaskCreateHookPtr                  0x20000094   Data           4  os_var.o(.data)
    OS_AppTaskDelHookPtr                     0x20000098   Data           4  os_var.o(.data)
    OS_AppTaskReturnHookPtr                  0x2000009c   Data           4  os_var.o(.data)
    OS_AppIdleTaskHookPtr                    0x200000a0   Data           4  os_var.o(.data)
    OS_AppStatTaskHookPtr                    0x200000a4   Data           4  os_var.o(.data)
    OS_AppTaskSwHookPtr                      0x200000a8   Data           4  os_var.o(.data)
    OS_AppTimeTickHookPtr                    0x200000ac   Data           4  os_var.o(.data)
    OSIdleTaskCtr                            0x200000b0   Data           4  os_var.o(.data)
    OSIntNestingCtr                          0x200000b4   Data           1  os_var.o(.data)
    OSRunning                                0x200000b5   Data           1  os_var.o(.data)
    OSIntQInPtr                              0x200000b8   Data           4  os_var.o(.data)
    OSIntQOutPtr                             0x200000bc   Data           4  os_var.o(.data)
    OSIntQNbrEntries                         0x200000c0   Data           2  os_var.o(.data)
    OSIntQNbrEntriesMax                      0x200000c2   Data           2  os_var.o(.data)
    OSIntQOvfCtr                             0x200000c4   Data           2  os_var.o(.data)
    OSIntQTaskTimeMax                        0x200000c8   Data           4  os_var.o(.data)
    OSFlagDbgListPtr                         0x200000cc   Data           4  os_var.o(.data)
    OSFlagQty                                0x200000d0   Data           2  os_var.o(.data)
    OSMemDbgListPtr                          0x200000d4   Data           4  os_var.o(.data)
    OSMemQty                                 0x200000d8   Data           2  os_var.o(.data)
    OSMutexDbgListPtr                        0x200000dc   Data           4  os_var.o(.data)
    OSMutexQty                               0x200000e0   Data           2  os_var.o(.data)
    OSPrioCur                                0x200000e2   Data           1  os_var.o(.data)
    OSPrioHighRdy                            0x200000e3   Data           1  os_var.o(.data)
    OSPrioSaved                              0x200000e4   Data           1  os_var.o(.data)
    OSQDbgListPtr                            0x200000e8   Data           4  os_var.o(.data)
    OSQQty                                   0x200000ec   Data           2  os_var.o(.data)
    OSSchedLockTimeBegin                     0x200000f0   Data           4  os_var.o(.data)
    OSSchedLockTimeMax                       0x200000f4   Data           4  os_var.o(.data)
    OSSchedLockTimeMaxCur                    0x200000f8   Data           4  os_var.o(.data)
    OSSchedLockNestingCtr                    0x200000fc   Data           1  os_var.o(.data)
    OSSchedRoundRobinDfltTimeQuanta          0x20000100   Data           4  os_var.o(.data)
    OSSchedRoundRobinEn                      0x20000104   Data           1  os_var.o(.data)
    OSSemDbgListPtr                          0x20000108   Data           4  os_var.o(.data)
    OSSemQty                                 0x2000010c   Data           2  os_var.o(.data)
    OSStatResetFlag                          0x2000010e   Data           1  os_var.o(.data)
    OSStatTaskCPUUsage                       0x20000110   Data           2  os_var.o(.data)
    OSStatTaskCPUUsageMax                    0x20000112   Data           2  os_var.o(.data)
    OSStatTaskCtr                            0x20000114   Data           4  os_var.o(.data)
    OSStatTaskCtrMax                         0x20000118   Data           4  os_var.o(.data)
    OSStatTaskCtrRun                         0x2000011c   Data           4  os_var.o(.data)
    OSStatTaskRdy                            0x20000120   Data           1  os_var.o(.data)
    OSStatTaskTimeMax                        0x20000124   Data           4  os_var.o(.data)
    OSTaskCtxSwCtr                           0x20000128   Data           4  os_var.o(.data)
    OSTaskDbgListPtr                         0x2000012c   Data           4  os_var.o(.data)
    OSTaskQty                                0x20000130   Data           2  os_var.o(.data)
    OSTaskRegNextAvailID                     0x20000132   Data           1  os_var.o(.data)
    OSTickCtr                                0x20000134   Data           4  os_var.o(.data)
    OSTickTaskTimeMax                        0x20000138   Data           4  os_var.o(.data)
    OSTmrDbgListPtr                          0x2000013c   Data           4  os_var.o(.data)
    OSTmrQty                                 0x20000140   Data           2  os_var.o(.data)
    OSTmrTaskTimeMax                         0x20000144   Data           4  os_var.o(.data)
    OSTmrTickCtr                             0x20000148   Data           4  os_var.o(.data)
    OSTmrUpdateCnt                           0x2000014c   Data           4  os_var.o(.data)
    OSTmrUpdateCtr                           0x20000150   Data           4  os_var.o(.data)
    OSTCBCurPtr                              0x20000154   Data           4  os_var.o(.data)
    OSTCBHighRdyPtr                          0x20000158   Data           4  os_var.o(.data)
    OS_CPU_ExceptStkBase                     0x2000015c   Data           4  os_cpu_c.o(.data)
    __microlib_freelist                      0x20000160   Data           4  mvars.o(.data)
    __microlib_freelist_initialised          0x20000164   Data           4  mvars.o(.data)
    StartTaskTCB                             0x2000016c   Data         196  main.o(.bss)
    START_TASK_STK                           0x20000230   Data        2048  main.o(.bss)
    ParseTaskTCB                             0x20000a30   Data         196  main.o(.bss)
    Parse_TASK_STK                           0x20000af4   Data        1024  main.o(.bss)
    FyTaskTCB                                0x20000ef4   Data         196  main.o(.bss)
    Fy_TASK_STK                              0x20000fb8   Data        1024  main.o(.bss)
    KEYTaskTCB                               0x200013b8   Data         196  main.o(.bss)
    KEY_TASK_STK                             0x2000147c   Data         512  main.o(.bss)
    TqSem                                    0x2000167c   Data          40  main.o(.bss)
    FySem                                    0x200016a4   Data          40  main.o(.bss)
    HTTP_timer                               0x200016cc   Data          52  main.o(.bss)
    lcddev                                   0x20001700   Data          14  lcd.o(.bss)
    USART2_TX_BUF                            0x20001710   Data        1024  espuart.o(.bss)
    USART2_RX_BUF                            0x20001b10   Data        1024  espuart.o(.bss)
    USART_RX_BUF                             0x20001f1f   Data         200  usart.o(.bss)
    membase                                  0x20001fe8   Data       18432  malloc.o(.bss)
    memmapbase                               0x200067e8   Data        1152  malloc.o(.bss)
    CPU_Name                                 0x20006c68   Data          16  cpu_core.o(.bss)
    Mem_PoolHeap                             0x20006c78   Data          72  lib_mem.o(.bss)
    Mem_Heap                                 0x20006cc0   Data        1024  lib_mem.o(.bss)
    OSCfg_IdleTaskStk                        0x200070c0   Data         512  os_cfg_app.o(.bss)
    OSCfg_IntQ                               0x200072c0   Data         320  os_cfg_app.o(.bss)
    OSCfg_IntQTaskStk                        0x20007400   Data         512  os_cfg_app.o(.bss)
    OSCfg_ISRStk                             0x20007600   Data         512  os_cfg_app.o(.bss)
    OSCfg_MsgPool                            0x20007800   Data        1600  os_cfg_app.o(.bss)
    OSCfg_StatTaskStk                        0x20007e40   Data         512  os_cfg_app.o(.bss)
    OSCfg_TickTaskStk                        0x20008040   Data         512  os_cfg_app.o(.bss)
    OSCfg_TickWheel                          0x20008240   Data         136  os_cfg_app.o(.bss)
    OSCfg_TmrTaskStk                         0x200082c8   Data         512  os_cfg_app.o(.bss)
    OSCfg_TmrWheel                           0x200084c8   Data         136  os_cfg_app.o(.bss)
    OSIdleTaskTCB                            0x20008550   Data         196  os_var.o(.bss)
    OSIntQTaskTCB                            0x20008614   Data         196  os_var.o(.bss)
    OSMsgPool                                0x200086d8   Data          12  os_var.o(.bss)
    OSRdyList                                0x200086e4   Data         768  os_var.o(.bss)
    OSStatTaskTCB                            0x200089e4   Data         196  os_var.o(.bss)
    OSTickTaskTCB                            0x20008aa8   Data         196  os_var.o(.bss)
    OSTmrTaskTCB                             0x20008b6c   Data         196  os_var.o(.bss)
    __heap_base                              0x20008c30   Data           0  startup_stm32f10x_hd.o(HEAP)
    __heap_limit                             0x20009c30   Data           0  startup_stm32f10x_hd.o(HEAP)
    __initial_sp                             0x2000a430   Data           0  startup_stm32f10x_hd.o(STACK)



==============================================================================

Memory Map of the image

  Image Entry point : 0x08000131

  Load Region LR_IROM1 (Base: 0x08000000, Size: 0x000187c0, Max: 0x00040000, ABSOLUTE, COMPRESSED[0x000186a8])

    Execution Region ER_IROM1 (Exec base: 0x08000000, Load base: 0x08000000, Size: 0x00018654, Max: 0x00040000, ABSOLUTE)

    Exec Addr    Load Addr    Size         Type   Attr      Idx    E Section Name        Object

    0x08000000   0x08000000   0x00000130   Data   RO          419    RESET               startup_stm32f10x_hd.o
    0x08000130   0x08000130   0x00000000   Code   RO          919  * .ARM.Collect$$$$00000000  mc_w.l(entry.o)
    0x08000130   0x08000130   0x00000004   Code   RO         1257    .ARM.Collect$$$$00000001  mc_w.l(entry2.o)
    0x08000134   0x08000134   0x00000004   Code   RO         1260    .ARM.Collect$$$$00000004  mc_w.l(entry5.o)
    0x08000138   0x08000138   0x00000000   Code   RO         1262    .ARM.Collect$$$$00000008  mc_w.l(entry7b.o)
    0x08000138   0x08000138   0x00000000   Code   RO         1264    .ARM.Collect$$$$0000000A  mc_w.l(entry8b.o)
    0x08000138   0x08000138   0x00000008   Code   RO         1265    .ARM.Collect$$$$0000000B  mc_w.l(entry9a.o)
    0x08000140   0x08000140   0x00000000   Code   RO         1267    .ARM.Collect$$$$0000000D  mc_w.l(entry10a.o)
    0x08000140   0x08000140   0x00000000   Code   RO         1269    .ARM.Collect$$$$0000000F  mc_w.l(entry11a.o)
    0x08000140   0x08000140   0x00000004   Code   RO         1258    .ARM.Collect$$$$00002712  mc_w.l(entry2.o)
    0x08000144   0x08000144   0x00000a34   Code   RO            1    .text               main.o
    0x08000b78   0x08000b78   0x00000016   Code   RO          170    .text               stm32f10x_it.o
    0x08000b8e   0x08000b8e   0x00000002   PAD
    0x08000b90   0x08000b90   0x000001e0   Code   RO          202    .text               system_stm32f10x.o
    0x08000d70   0x08000d70   0x00000050   Code   RO          220    .text               led.o
    0x08000dc0   0x08000dc0   0x000000fc   Code   RO          232    .text               key.o
    0x08000ebc   0x08000ebc   0x00005846   Code   RO          245    .text               lcd.o
    0x08006702   0x08006702   0x00000002   PAD
    0x08006704   0x08006704   0x00000c00   Code   RO          275    .text               wifi.o
    0x08007304   0x08007304   0x00000284   Code   RO          303    .text               espuart.o
    0x08007588   0x08007588   0x000020e0   Code   RO          329    .text               cjson.o
    0x08009668   0x08009668   0x0000014c   Code   RO          353    .text               delay.o
    0x080097b4   0x080097b4   0x00000150   Code   RO          384    .text               usart.o
    0x08009904   0x08009904   0x00000024   Code   RO          420    .text               startup_stm32f10x_hd.o
    0x08009928   0x08009928   0x000000dc   Code   RO          424    .text               misc.o
    0x08009a04   0x08009a04   0x0000035c   Code   RO          436    .text               stm32f10x_gpio.o
    0x08009d60   0x08009d60   0x00000408   Code   RO          448    .text               stm32f10x_usart.o
    0x0800a168   0x0800a168   0x000003a4   Code   RO          460    .text               stm32f10x_rcc.o
    0x0800a50c   0x0800a50c   0x00000e1a   Code   RO          474    .text               stm32f10x_tim.o
    0x0800b326   0x0800b326   0x00000002   PAD
    0x0800b328   0x0800b328   0x00000254   Code   RO          486    .text               stm32f10x_dma.o
    0x0800b57c   0x0800b57c   0x000001a0   Code   RO          498    .text               malloc.o
    0x0800b71c   0x0800b71c   0x00000084   Code   RO          518    .text               bsp.o
    0x0800b7a0   0x0800b7a0   0x000002a8   Code   RO          533    .text               cpu_core.o
    0x0800ba48   0x0800ba48   0x00000034   Code   RO          571    .text               cpu_a.o
    0x0800ba7c   0x0800ba7c   0x00000256   Code   RO          574    .text               lib_ascii.o
    0x0800bcd2   0x0800bcd2   0x00000002   PAD
    0x0800bcd4   0x0800bcd4   0x000009c6   Code   RO          607    .text               lib_mem.o
    0x0800c69a   0x0800c69a   0x00000002   PAD
    0x0800c69c   0x0800c69c   0x0000092c   Code   RO          626    .text               lib_str.o
    0x0800cfc8   0x0800cfc8   0x00000220   Code   RO          643    .text               lib_mem_a.o
    0x0800d1e8   0x0800d1e8   0x000000fc   Code   RO          646    .text               os_cfg_app.o
    0x0800d2e4   0x0800d2e4   0x00000e04   Code   RO          669    .text               os_core.o
    0x0800e0e8   0x0800e0e8   0x000001b0   Code   RO          681    .text               os_dbg.o
    0x0800e298   0x0800e298   0x00000e28   Code   RO          696    .text               os_flag.o
    0x0800f0c0   0x0800f0c0   0x00000444   Code   RO          708    .text               os_int.o
    0x0800f504   0x0800f504   0x00000238   Code   RO          720    .text               os_mem.o
    0x0800f73c   0x0800f73c   0x0000022c   Code   RO          732    .text               os_msg.o
    0x0800f968   0x0800f968   0x00000ad4   Code   RO          744    .text               os_mutex.o
    0x0801043c   0x0801043c   0x0000007c   Code   RO          762    .text               os_prio.o
    0x080104b8   0x080104b8   0x000008d8   Code   RO          781    .text               os_q.o
    0x08010d90   0x08010d90   0x00000830   Code   RO          793    .text               os_sem.o
    0x080115c0   0x080115c0   0x00000638   Code   RO          805    .text               os_stat.o
    0x08011bf8   0x08011bf8   0x00001bb4   Code   RO          817    .text               os_task.o
    0x080137ac   0x080137ac   0x000004fc   Code   RO          829    .text               os_tick.o
    0x08013ca8   0x08013ca8   0x00000564   Code   RO          841    .text               os_time.o
    0x0801420c   0x0801420c   0x00000818   Code   RO          853    .text               os_tmr.o
    0x08014a24   0x08014a24   0x0000026c   Code   RO          882    .text               os_cpu_c.o
    0x08014c90   0x08014c90   0x00000062   Code   RO          922    .text               mc_w.l(uldiv.o)
    0x08014cf2   0x08014cf2   0x0000000c   Code   RO          924    .text               mc_w.l(tolower.o)
    0x08014cfe   0x08014cfe   0x00000024   Code   RO          926    .text               mc_w.l(memcpya.o)
    0x08014d22   0x08014d22   0x00000024   Code   RO          928    .text               mc_w.l(memseta.o)
    0x08014d46   0x08014d46   0x00000024   Code   RO          930    .text               mc_w.l(strstr.o)
    0x08014d6a   0x08014d6a   0x0000000e   Code   RO          932    .text               mc_w.l(strlen.o)
    0x08014d78   0x08014d78   0x0000001c   Code   RO          934    .text               mc_w.l(strcmp.o)
    0x08014d94   0x08014d94   0x00000012   Code   RO          936    .text               mc_w.l(strcpy.o)
    0x08014da6   0x08014da6   0x0000001e   Code   RO          938    .text               mc_w.l(strncmp.o)
    0x08014dc4   0x08014dc4   0x00000038   Code   RO         1231    .text               mc_w.l(__0sscanf.o)
    0x08014dfc   0x08014dfc   0x00000360   Code   RO         1233    .text               mc_w.l(scanf_fp.o)
    0x0801515c   0x0801515c   0x0000001a   Code   RO         1237    .text               mc_w.l(atoi.o)
    0x08015176   0x08015176   0x0000014e   Code   RO         1239    .text               mf_w.l(dadd.o)
    0x080152c4   0x080152c4   0x000000e4   Code   RO         1241    .text               mf_w.l(dmul.o)
    0x080153a8   0x080153a8   0x00000022   Code   RO         1243    .text               mf_w.l(dflti.o)
    0x080153ca   0x080153ca   0x0000001a   Code   RO         1245    .text               mf_w.l(dfltui.o)
    0x080153e4   0x080153e4   0x0000003e   Code   RO         1247    .text               mf_w.l(dfixi.o)
    0x08015422   0x08015422   0x00000032   Code   RO         1249    .text               mf_w.l(dfixui.o)
    0x08015454   0x08015454   0x00000026   Code   RO         1251    .text               mf_w.l(f2d.o)
    0x0801547a   0x0801547a   0x00000002   PAD
    0x0801547c   0x0801547c   0x00000030   Code   RO         1253    .text               mf_w.l(cdcmple.o)
    0x080154ac   0x080154ac   0x00000030   Code   RO         1255    .text               mf_w.l(cdrcmple.o)
    0x080154dc   0x080154dc   0x0000002c   Code   RO         1271    .text               mc_w.l(uidiv.o)
    0x08015508   0x08015508   0x0000001e   Code   RO         1273    .text               mc_w.l(llshl.o)
    0x08015526   0x08015526   0x00000020   Code   RO         1275    .text               mc_w.l(llushr.o)
    0x08015546   0x08015546   0x00000024   Code   RO         1277    .text               mc_w.l(llsshr.o)
    0x0801556a   0x0801556a   0x00000002   PAD
    0x0801556c   0x0801556c   0x00000028   Code   RO         1288    .text               mc_w.l(scanf_char.o)
    0x08015594   0x08015594   0x00000040   Code   RO         1290    .text               mc_w.l(_sgetc.o)
    0x080155d4   0x080155d4   0x0000009c   Code   RO         1292    .text               mc_w.l(strtod.o)
    0x08015670   0x08015670   0x00000070   Code   RO         1294    .text               mc_w.l(strtol.o)
    0x080156e0   0x080156e0   0x00000000   Code   RO         1296    .text               mc_w.l(iusefp.o)
    0x080156e0   0x080156e0   0x000000ba   Code   RO         1297    .text               mf_w.l(depilogue.o)
    0x0801579a   0x0801579a   0x000000de   Code   RO         1299    .text               mf_w.l(ddiv.o)
    0x08015878   0x08015878   0x00000018   Code   RO         1301    .text               mf_w.l(dfltul.o)
    0x08015890   0x08015890   0x00000030   Code   RO         1303    .text               mf_w.l(dfixul.o)
    0x080158c0   0x080158c0   0x00000038   Code   RO         1305    .text               mf_w.l(d2f.o)
    0x080158f8   0x080158f8   0x00000024   Code   RO         1307    .text               mc_w.l(init.o)
    0x0801591c   0x0801591c   0x00000008   Code   RO         1311    .text               mc_w.l(ctype_o.o)
    0x08015924   0x08015924   0x00000012   Code   RO         1333    .text               mc_w.l(isspace_o.o)
    0x08015936   0x08015936   0x00000002   PAD
    0x08015938   0x08015938   0x0000032c   Code   RO         1339    .text               mc_w.l(_scanf.o)
    0x08015c64   0x08015c64   0x0000009e   Code   RO         1341    .text               mc_w.l(_strtoul.o)
    0x08015d02   0x08015d02   0x0000006e   Code   RO         1343    .text               mf_w.l(fepilogue.o)
    0x08015d70   0x08015d70   0x0000001c   Code   RO         1348    .text               mc_w.l(_chval.o)
    0x08015d8c   0x08015d8c   0x00000056   Code   RO         1358    .text               mc_w.l(__dczerorl2.o)
    0x08015de2   0x08015de2   0x00000002   PAD
    0x08015de4   0x08015de4   0x00000098   Code   RO          879    CODE                os_cpu_a.o
    0x08015e7c   0x08015e7c   0x00000020   Code   RO         1175    i.__0printf         mc_w.l(printfa.o)
    0x08015e9c   0x08015e9c   0x00000028   Code   RO         1177    i.__0sprintf        mc_w.l(printfa.o)
    0x08015ec4   0x08015ec4   0x00000024   Code   RO         1181    i.__0vsprintf       mc_w.l(printfa.o)
    0x08015ee8   0x08015ee8   0x00000008   Code   RO         1281    i.__aeabi_errno_addr  mc_w.l(errno.o)
    0x08015ef0   0x08015ef0   0x0000005c   Code   RO         1207    i.__free$realloc    mc_w.l(mallocr.o)
    0x08015f4c   0x08015f4c   0x00000050   Code   RO         1208    i.__malloc$realloc  mc_w.l(mallocr.o)
    0x08015f9c   0x08015f9c   0x0000000e   Code   RO         1352    i.__scatterload_copy  mc_w.l(handlers.o)
    0x08015faa   0x08015faa   0x00000002   Code   RO         1353    i.__scatterload_null  mc_w.l(handlers.o)
    0x08015fac   0x08015fac   0x0000000e   Code   RO         1354    i.__scatterload_zeroinit  mc_w.l(handlers.o)
    0x08015fba   0x08015fba   0x00000002   PAD
    0x08015fbc   0x08015fbc   0x00000184   Code   RO         1182    i._fp_digits        mc_w.l(printfa.o)
    0x08016140   0x08016140   0x0000000e   Code   RO         1235    i._is_digit         mc_w.l(scanf_fp.o)
    0x0801614e   0x0801614e   0x00000002   PAD
    0x08016150   0x08016150   0x000006dc   Code   RO         1183    i._printf_core      mc_w.l(printfa.o)
    0x0801682c   0x0801682c   0x00000024   Code   RO         1184    i._printf_post_padding  mc_w.l(printfa.o)
    0x08016850   0x08016850   0x0000002e   Code   RO         1185    i._printf_pre_padding  mc_w.l(printfa.o)
    0x0801687e   0x0801687e   0x0000000a   Code   RO         1187    i._sputc            mc_w.l(printfa.o)
    0x08016888   0x08016888   0x00000050   Code   RO         1209    i.internal_alloc    mc_w.l(mallocr.o)
    0x080168d8   0x080168d8   0x0000006c   Code   RO         1210    i.realloc           mc_w.l(mallocr.o)
    0x08016944   0x08016944   0x0000001c   Code   RO          916    i.strtod            m_ws.l(strtod.o)
    0x08016960   0x08016960   0x000017c0   Data   RO          247    .constdata          lcd.o
    0x08018120   0x08018120   0x00000104   Data   RO          535    .constdata          cpu_core.o
    0x08018224   0x08018224   0x00000094   Data   RO          627    .constdata          lib_str.o
    0x080182b8   0x080182b8   0x000000a4   Data   RO          648    .constdata          os_cfg_app.o
    0x0801835c   0x0801835c   0x0000016c   Data   RO          682    .constdata          os_dbg.o
    0x080184c8   0x080184c8   0x00000081   Data   RO         1312    .constdata          mc_w.l(ctype_o.o)
    0x08018549   0x08018549   0x00000003   PAD
    0x0801854c   0x0801854c   0x00000004   Data   RO         1313    .constdata          mc_w.l(ctype_o.o)
    0x08018550   0x08018550   0x000000e1   Data   RO            3    .conststring        main.o
    0x08018631   0x08018631   0x00000003   PAD
    0x08018634   0x08018634   0x00000020   Data   RO         1350    Region$$Table       anon$$obj.o


    Execution Region RW_IRAM1 (Exec base: 0x20000000, Load base: 0x08018654, Size: 0x0000a430, Max: 0x0000c000, ABSOLUTE, COMPRESSED[0x00000054])

    Exec Addr    Load Addr    Size         Type   Attr      Idx    E Section Name        Object

    0x20000000   COMPRESSED   0x0000001e   Data   RW            4    .data               main.o
    0x2000001e   COMPRESSED   0x00000002   PAD
    0x20000020   COMPRESSED   0x00000014   Data   RW          203    .data               system_stm32f10x.o
    0x20000034   COMPRESSED   0x00000001   Data   RW          233    .data               key.o
    0x20000035   COMPRESSED   0x00000001   PAD
    0x20000036   COMPRESSED   0x00000004   Data   RW          248    .data               lcd.o
    0x2000003a   COMPRESSED   0x00000002   Data   RW          305    .data               espuart.o
    0x2000003c   COMPRESSED   0x00000014   Data   RW          331    .data               cjson.o
    0x20000050   COMPRESSED   0x00000004   Data   RW          354    .data               delay.o
    0x20000054   COMPRESSED   0x00000006   Data   RW          386    .data               usart.o
    0x2000005a   COMPRESSED   0x00000014   Data   RW          461    .data               stm32f10x_rcc.o
    0x2000006e   COMPRESSED   0x00000002   PAD
    0x20000070   COMPRESSED   0x00000014   Data   RW          501    .data               malloc.o
    0x20000084   COMPRESSED   0x00000004   Data   RW          536    .data               cpu_core.o
    0x20000088   COMPRESSED   0x00000004   Data   RW          609    .data               lib_mem.o
    0x2000008c   COMPRESSED   0x00000008   Data   RW          763    .data               os_prio.o
    0x20000094   COMPRESSED   0x000000c8   Data   RW          866    .data               os_var.o
    0x2000015c   COMPRESSED   0x00000004   Data   RW          883    .data               os_cpu_c.o
    0x20000160   COMPRESSED   0x00000004   Data   RW         1279    .data               mc_w.l(mvars.o)
    0x20000164   COMPRESSED   0x00000004   Data   RW         1280    .data               mc_w.l(mvars.o)
    0x20000168   COMPRESSED   0x00000004   Data   RW         1284    .data               mc_w.l(errno.o)
    0x2000016c        -       0x00001594   Zero   RW            2    .bss                main.o
    0x20001700        -       0x0000000e   Zero   RW          246    .bss                lcd.o
    0x2000170e   COMPRESSED   0x00000002   PAD
    0x20001710        -       0x00000800   Zero   RW          304    .bss                espuart.o
    0x20001f10        -       0x0000000f   Zero   RW          330    .bss                cjson.o
    0x20001f1f        -       0x000000c8   Zero   RW          385    .bss                usart.o
    0x20001fe7   COMPRESSED   0x00000001   PAD
    0x20001fe8        -       0x00004c80   Zero   RW          499    .bss                malloc.o
    0x20006c68        -       0x00000010   Zero   RW          534    .bss                cpu_core.o
    0x20006c78        -       0x00000448   Zero   RW          608    .bss                lib_mem.o
    0x200070c0        -       0x00001490   Zero   RW          647    .bss                os_cfg_app.o
    0x20008550        -       0x000006e0   Zero   RW          865    .bss                os_var.o
    0x20008c30        -       0x00001000   Zero   RW          418    HEAP                startup_stm32f10x_hd.o
    0x20009c30        -       0x00000800   Zero   RW          417    STACK               startup_stm32f10x_hd.o


==============================================================================

Image component sizes


      Code (inc. data)   RO Data    RW Data    ZI Data      Debug   Object Name

       132         12          0          0          0       1151   bsp.o
      8416        168          0         20         15      38546   cjson.o
        52          0          0          0          0        344   cpu_a.o
       680         14        260          4         16      14411   cpu_core.o
       332         28          0          4          0       1817   delay.o
       644         30          0          2       2048       3769   espuart.o
       252         16          0          1          0        840   key.o
     22598        208       6080          4         14      25007   lcd.o
        80          8          0          0          0        499   led.o
       598          0          0          0          0       3888   lib_ascii.o
      2502         32          0          4       1096      22228   lib_mem.o
       544          0          0          0          0        492   lib_mem_a.o
      2348          6        148          0          0      13794   lib_str.o
      2612        798        225         30       5524     307431   main.o
       416          6          0         20      19584       3993   malloc.o
       220         22          0          0          0       1829   misc.o
       252        166        164          0       5264      20914   os_cfg_app.o
      3588        294          0          0          0      12465   os_core.o
       152         32          0          0          0        400   os_cpu_a.o
       620         66          0          4          0       3821   os_cpu_c.o
       432        286        364          0          0       4761   os_dbg.o
      3624        110          0          0          0       8047   os_flag.o
      1092        146          0          0          0       2352   os_int.o
       568         20          0          0          0       2776   os_mem.o
       556         12          0          0          0       2811   os_msg.o
      2772        114          0          0          0       5582   os_mutex.o
       124          4          0          8          0       1756   os_prio.o
      2264         76          0          0          0       6344   os_q.o
      2096         70          0          0          0       6364   os_sem.o
      1592        180          0          0          0       2833   os_stat.o
      7092        270          0          0          0      14190   os_task.o
      1276         90          0          0          0       3301   os_tick.o
      1380         46          0          0          0       3305   os_time.o
      2072        140          0          0          0       6490   os_tmr.o
         0          0          0        200       1760      19365   os_var.o
        36          8        304          0       6144        792   startup_stm32f10x_hd.o
       596          8          0          0          0       4398   stm32f10x_dma.o
       860         38          0          0          0       5765   stm32f10x_gpio.o
        22          0          0          0          0        999   stm32f10x_it.o
       932         36          0         20          0       8952   stm32f10x_rcc.o
      3610         88          0          0          0      22876   stm32f10x_tim.o
      1032         22          0          0          0       8488   stm32f10x_usart.o
         0          0          0          0          0         32   sys.o
       480         38          0         20          0       1743   system_stm32f10x.o
       336         18          0          6        200       3210   usart.o
      3072       1208          0          0          0       7900   wifi.o

    ----------------------------------------------------------------------
     84964       4934       7580        352      41668     633071   Object Totals
         0          0         32          0          0          0   (incl. Generated)
        10          0          3          5          3          0   (incl. Padding)

    ----------------------------------------------------------------------

      Code (inc. data)   RO Data    RW Data    ZI Data      Debug   Library Member Name

        28          0          0          0          0         80   strtod.o
        56          8          0          0          0         84   __0sscanf.o
        86          0          0          0          0          0   __dczerorl2.o
        28          0          0          0          0         68   _chval.o
       812          4          0          0          0        112   _scanf.o
        64          0          0          0          0         84   _sgetc.o
       158          0          0          0          0         92   _strtoul.o
        26          0          0          0          0         80   atoi.o
         8          4        133          0          0         68   ctype_o.o
         0          0          0          0          0          0   entry.o
         0          0          0          0          0          0   entry10a.o
         0          0          0          0          0          0   entry11a.o
         8          4          0          0          0          0   entry2.o
         4          0          0          0          0          0   entry5.o
         0          0          0          0          0          0   entry7b.o
         0          0          0          0          0          0   entry8b.o
         8          4          0          0          0          0   entry9a.o
         8          4          0          4          0         68   errno.o
        30          0          0          0          0          0   handlers.o
        36          8          0          0          0         68   init.o
        18          0          0          0          0         76   isspace_o.o
         0          0          0          0          0          0   iusefp.o
        30          0          0          0          0         68   llshl.o
        36          0          0          0          0         68   llsshr.o
        32          0          0          0          0         68   llushr.o
       360         30          0          0          0        356   mallocr.o
        36          0          0          0          0         68   memcpya.o
        36          0          0          0          0        108   memseta.o
         0          0          0          8          0          0   mvars.o
      2344        102          0          0          0        684   printfa.o
        40          8          0          0          0         84   scanf_char.o
       878         12          0          0          0        216   scanf_fp.o
        28          0          0          0          0         76   strcmp.o
        18          0          0          0          0         68   strcpy.o
        14          0          0          0          0         68   strlen.o
        30          0          0          0          0         80   strncmp.o
        36          0          0          0          0         80   strstr.o
       156         12          0          0          0        120   strtod.o
       112          0          0          0          0         88   strtol.o
        12          0          0          0          0         68   tolower.o
        44          0          0          0          0         80   uidiv.o
        98          0          0          0          0         92   uldiv.o
        48          0          0          0          0         68   cdcmple.o
        48          0          0          0          0         68   cdrcmple.o
        56          0          0          0          0         88   d2f.o
       334          0          0          0          0        148   dadd.o
       222          0          0          0          0        100   ddiv.o
       186          0          0          0          0        176   depilogue.o
        62          0          0          0          0         80   dfixi.o
        50          0          0          0          0         76   dfixui.o
        48          0          0          0          0         68   dfixul.o
        34          0          0          0          0         76   dflti.o
        26          0          0          0          0         76   dfltui.o
        24          0          0          0          0         76   dfltul.o
       228          0          0          0          0         96   dmul.o
        38          0          0          0          0         68   f2d.o
       110          0          0          0          0        168   fepilogue.o

    ----------------------------------------------------------------------
      7244        200        136         12          0       4852   Library Totals
        12          0          3          0          0          0   (incl. Padding)

    ----------------------------------------------------------------------

      Code (inc. data)   RO Data    RW Data    ZI Data      Debug   Library Name

        28          0          0          0          0         80   m_ws.l
      5690        200        133         12          0       3340   mc_w.l
      1514          0          0          0          0       1432   mf_w.l

    ----------------------------------------------------------------------
      7244        200        136         12          0       4852   Library Totals

    ----------------------------------------------------------------------

==============================================================================


      Code (inc. data)   RO Data    RW Data    ZI Data      Debug   

     92208       5134       7716        364      41668     631499   Grand Totals
     92208       5134       7716         84      41668     631499   ELF Image Totals (compressed)
     92208       5134       7716         84          0          0   ROM Totals

==============================================================================

    Total RO  Size (Code + RO Data)                99924 (  97.58kB)
    Total RW  Size (RW Data + ZI Data)             42032 (  41.05kB)
    Total ROM Size (Code + RO Data + RW Data)     100008 (  97.66kB)

==============================================================================

