Component: ARM Compiler 5.06 update 6 (build 750) Tool: armlink [4d35ed]

==============================================================================

Section Cross References

    main.o(.text) refers to delay.o(.text) for delay_init
    main.o(.text) refers to misc.o(.text) for NVIC_PriorityGroupConfig
    main.o(.text) refers to usart.o(.text) for uart_init
    main.o(.text) refers to espuart.o(.text) for USART2_Init
    main.o(.text) refers to led.o(.text) for LED_Init
    main.o(.text) refers to lcd.o(.text) for LCD_Init
    main.o(.text) refers to key.o(.text) for KEY_Init
    main.o(.text) refers to timer.o(.text) for TIM3_Int_Init
    main.o(.text) refers to stm32f10x_tim.o(.text) for TIM_Cmd
    main.o(.text) refers to malloc.o(.text) for mem_init
    main.o(.text) refers to printfa.o(i.__0printf) for __2printf
    main.o(.text) refers to wifi.o(.text) for WiFi_module_check
    main.o(.text) refers to strstr.o(.text) for strstr
    main.o(.text) refers to lcd.o(.data) for POINT_COLOR
    main.o(.text) refers to main.o(.data) for PORT
    main.o(.text) refers to timer.o(.data) for Parse_Flag
    main.o(.data) refers to main.o(.conststring) for .conststring
    system_stm32f10x.o(.text) refers to system_stm32f10x.o(.data) for SystemCoreClock
    led.o(.text) refers to stm32f10x_rcc.o(.text) for RCC_APB2PeriphClockCmd
    led.o(.text) refers to stm32f10x_gpio.o(.text) for GPIO_Init
    key.o(.text) refers to stm32f10x_rcc.o(.text) for RCC_APB2PeriphClockCmd
    key.o(.text) refers to stm32f10x_gpio.o(.text) for GPIO_PinRemapConfig
    key.o(.text) refers to delay.o(.text) for delay_ms
    key.o(.text) refers to key.o(.data) for key_up
    espuart.o(.text) refers to stm32f10x_tim.o(.text) for TIM_SetCounter
    espuart.o(.text) refers to stm32f10x_usart.o(.text) for USART_GetITStatus
    espuart.o(.text) refers to stm32f10x_rcc.o(.text) for RCC_APB1PeriphClockCmd
    espuart.o(.text) refers to misc.o(.text) for NVIC_Init
    espuart.o(.text) refers to stm32f10x_dma.o(.text) for DMA_DeInit
    espuart.o(.text) refers to stm32f10x_gpio.o(.text) for GPIO_Init
    espuart.o(.text) refers to printfa.o(i.__0vsprintf) for __c89vsprintf
    espuart.o(.text) refers to strlen.o(.text) for strlen
    espuart.o(.text) refers to espuart.o(.data) for USART2_RX_STA
    espuart.o(.text) refers to espuart.o(.bss) for USART2_RX_BUF
    wifi.o(.text) refers to strstr.o(.text) for strstr
    wifi.o(.text) refers to espuart.o(.text) for u2_printf
    wifi.o(.text) refers to printfa.o(i.__0printf) for __2printf
    wifi.o(.text) refers to delay.o(.text) for delay_ms
    wifi.o(.text) refers to printfa.o(i.__0sprintf) for __2sprintf
    wifi.o(.text) refers to malloc.o(.text) for mymalloc
    wifi.o(.text) refers to stm32f10x_usart.o(.text) for USART_GetFlagStatus
    wifi.o(.text) refers to cjson.o(.text) for cJSON_Parse
    wifi.o(.text) refers to atoi.o(.text) for atoi
    wifi.o(.text) refers to espuart.o(.data) for USART2_RX_STA
    wifi.o(.text) refers to espuart.o(.bss) for USART2_RX_BUF
    lcd.o(.text) refers to delay.o(.text) for delay_us
    lcd.o(.text) refers to lcd.o(.bss) for lcddev
    lcd.o(.text) refers to dfltui.o(.text) for __aeabi_ui2d
    lcd.o(.text) refers to dmul.o(.text) for __aeabi_dmul
    lcd.o(.text) refers to dfixui.o(.text) for __aeabi_d2uiz
    lcd.o(.text) refers to lcd.o(.data) for POINT_COLOR
    lcd.o(.text) refers to stm32f10x_rcc.o(.text) for RCC_APB2PeriphClockCmd
    lcd.o(.text) refers to stm32f10x_gpio.o(.text) for GPIO_PinRemapConfig
    lcd.o(.text) refers to printfa.o(i.__0printf) for __2printf
    lcd.o(.text) refers to lcd.o(.constdata) for asc2_1206
    timer.o(.text) refers to stm32f10x_rcc.o(.text) for RCC_APB1PeriphClockCmd
    timer.o(.text) refers to stm32f10x_tim.o(.text) for TIM_TimeBaseInit
    timer.o(.text) refers to misc.o(.text) for NVIC_Init
    timer.o(.text) refers to timer.o(.data) for Parse_Flag
    cjson.o(.text) refers to scanf_fp.o(.text) for _scanf_real
    cjson.o(.text) refers to printfa.o(i.__0sprintf) for __2sprintf
    cjson.o(.text) refers to tolower.o(.text) for tolower
    cjson.o(.text) refers to strlen.o(.text) for strlen
    cjson.o(.text) refers to memcpya.o(.text) for __aeabi_memcpy
    cjson.o(.text) refers to memseta.o(.text) for __aeabi_memclr4
    cjson.o(.text) refers to strtod.o(i.strtod) for strtod
    cjson.o(.text) refers to cdrcmple.o(.text) for __aeabi_cdrcmple
    cjson.o(.text) refers to cdcmple.o(.text) for __aeabi_cdcmple
    cjson.o(.text) refers to dfixi.o(.text) for __aeabi_d2iz
    cjson.o(.text) refers to cjson.o(.data) for global_error
    cjson.o(.text) refers to cjson.o(.bss) for version
    cjson.o(.text) refers to mallocr.o(i.__malloc$realloc) for malloc
    cjson.o(.text) refers to mallocr.o(i.__free$realloc) for free
    cjson.o(.text) refers to mallocr.o(i.realloc) for realloc
    cjson.o(.text) refers to dadd.o(.text) for __aeabi_dsub
    cjson.o(.text) refers to dmul.o(.text) for __aeabi_dmul
[...]
    .ARM.Collect$$$$00000000                 0x08000130   Section        0  entry.o(.ARM.Collect$$$$00000000)
    .ARM.Collect$$$$00000001                 0x08000130   Section        4  entry2.o(.ARM.Collect$$$$00000001)
    .ARM.Collect$$$$00000004                 0x08000134   Section        4  entry5.o(.ARM.Collect$$$$00000004)
    .ARM.Collect$$$$00000008                 0x08000138   Section        0  entry7b.o(.ARM.Collect$$$$00000008)
    .ARM.Collect$$$$0000000A                 0x08000138   Section        0  entry8b.o(.ARM.Collect$$$$0000000A)
    .ARM.Collect$$$$0000000B                 0x08000138   Section        8  entry9a.o(.ARM.Collect$$$$0000000B)
    .ARM.Collect$$$$0000000D                 0x08000140   Section        0  entry10a.o(.ARM.Collect$$$$0000000D)
    .ARM.Collect$$$$0000000F                 0x08000140   Section        0  entry11a.o(.ARM.Collect$$$$0000000F)
    .ARM.Collect$$$$00002712                 0x08000140   Section        4  entry2.o(.ARM.Collect$$$$00002712)
    __lit__00000000                          0x08000140   Data           4  entry2.o(.ARM.Collect$$$$00002712)
    .text                                    0x08000144   Section        0  main.o(.text)
    .text                                    0x080005ac   Section        0  stm32f10x_it.o(.text)
    .text                                    0x080005c8   Section        0  system_stm32f10x.o(.text)
    SetSysClockTo72                          0x080005c9   Thumb Code   214  system_stm32f10x.o(.text)
    SetSysClock                              0x0800069f   Thumb Code     8  system_stm32f10x.o(.text)
    .text                                    0x080007a8   Section        0  led.o(.text)
    .text                                    0x080007f8   Section        0  key.o(.text)
    .text                                    0x080008f4   Section        0  espuart.o(.text)
    .text                                    0x08000b70   Section        0  wifi.o(.text)
    .text                                    0x08001330   Section        0  lcd.o(.text)
    .text                                    0x08006b78   Section        0  timer.o(.text)
    .text                                    0x08006c18   Section        0  cjson.o(.text)
    case_insensitive_strcmp                  0x08006c65   Thumb Code    72  cjson.o(.text)
    cJSON_strdup                             0x08006cad   Thumb Code    56  cjson.o(.text)
    cJSON_New_Item                           0x08006d37   Thumb Code    26  cjson.o(.text)
    get_decimal_point                        0x08006da5   Thumb Code     4  cjson.o(.text)
    parse_number                             0x08006da9   Thumb Code   298  cjson.o(.text)
    ensure                                   0x08006f1b   Thumb Code   186  cjson.o(.text)
    update_offset                            0x08006fd5   Thumb Code    84  cjson.o(.text)
    compare_double                           0x08007029   Thumb Code    50  cjson.o(.text)
    print_number                             0x0800705b   Thumb Code   228  cjson.o(.text)
    parse_hex4                               0x0800713f   Thumb Code    90  cjson.o(.text)
    utf16_literal_to_utf8                    0x08007199   Thumb Code   300  cjson.o(.text)
    parse_string                             0x080072c5   Thumb Code   432  cjson.o(.text)
    print_string_ptr                         0x08007475   Thumb Code   360  cjson.o(.text)
    print_string                             0x080075dd   Thumb Code    16  cjson.o(.text)
    buffer_skip_whitespace                   0x080075ed   Thumb Code    58  cjson.o(.text)
    skip_utf8_bom                            0x08007627   Thumb Code    56  cjson.o(.text)
    parse_object                             0x0800765f   Thumb Code   314  cjson.o(.text)
    parse_array                              0x08007799   Thumb Code   260  cjson.o(.text)
    parse_value                              0x0800789d   Thumb Code   292  cjson.o(.text)
    print_object                             0x08007a9d   Thumb Code   372  cjson.o(.text)
    print_array                              0x08007c11   Thumb Code   178  cjson.o(.text)
    print_value                              0x08007cc3   Thumb Code   268  cjson.o(.text)
    print                                    0x08007dcf   Thumb Code   178  cjson.o(.text)
    get_array_item                           0x08007f57   Thumb Code    30  cjson.o(.text)
    get_object_item                          0x08007f8d   Thumb Code    82  cjson.o(.text)
    suffix_object                            0x0800801b   Thumb Code     6  cjson.o(.text)
    create_reference                         0x08008021   Thumb Code    60  cjson.o(.text)
    add_item_to_array                        0x0800805d   Thumb Code    46  cjson.o(.text)
    cast_away_const                          0x0800809b   Thumb Code     2  cjson.o(.text)
    add_item_to_object                       0x0800809d   Thumb Code   118  cjson.o(.text)
    replace_item_in_object                   0x080085fb   Thumb Code    84  cjson.o(.text)
    skip_oneline_comment                     0x0800892b   Thumb Code    42  cjson.o(.text)
    skip_multiline_comment                   0x08008955   Thumb Code    50  cjson.o(.text)
    minify_string                            0x08008987   Thumb Code   116  cjson.o(.text)
    .text                                    0x08008cf8   Section        0  delay.o(.text)
    .text                                    0x08008dcc   Section        0  usart.o(.text)
    .text                                    0x08008f0c   Section        0  malloc.o(.text)
    .text                                    0x080090ac   Section       36  startup_stm32f10x_hd.o(.text)
    .text                                    0x080090d0   Section        0  stm32f10x_gpio.o(.text)
    .text                                    0x0800942c   Section        0  stm32f10x_rcc.o(.text)
    .text                                    0x080097d0   Section        0  stm32f10x_usart.o(.text)
    .text                                    0x08009bd8   Section        0  misc.o(.text)
    .text                                    0x08009cb4   Section        0  stm32f10x_dma.o(.text)
    .text                                    0x08009f08   Section        0  stm32f10x_tim.o(.text)
    TI4_Config                               0x0800a3af   Thumb Code   130  stm32f10x_tim.o(.text)
    TI3_Config                               0x0800a443   Thumb Code   122  stm32f10x_tim.o(.text)
    TI2_Config                               0x0800a4d7   Thumb Code   130  stm32f10x_tim.o(.text)
    TI1_Config                               0x0800a56b   Thumb Code   108  stm32f10x_tim.o(.text)
    .text                                    0x0800ad22   Section        0  tolower.o(.text)
    .text                                    0x0800ad2e   Section        0  memcpya.o(.text)
    .text                                    0x0800ad52   Section        0  memseta.o(.text)
    .text                                    0x0800ad76   Section        0  strstr.o(.text)
    .text                                    0x0800ad9a   Section        0  strlen.o(.text)
    .text                                    0x0800ada8   Section        0  strcmp.o(.text)
    .text                                    0x0800adc4   Section        0  strcpy.o(.text)
    .text                                    0x0800add6   Section        0  strncmp.o(.text)
    .text                                    0x0800adf4   Section        0  __0sscanf.o(.text)
    .text                                    0x0800ae2c   Section        0  scanf_fp.o(.text)
    _fp_value                                0x0800ae2d   Thumb Code   296  scanf_fp.o(.text)
    .text                                    0x0800b18c   Section        0  atoi.o(.text)
    .text                                    0x0800b1a6   Section        0  dadd.o(.text)
    .text                                    0x0800b2f4   Section        0  dmul.o(.text)
    .text                                    0x0800b3d8   Section        0  dflti.o(.text)
    .text                                    0x0800b3fa   Section        0  dfltui.o(.text)
    .text                                    0x0800b414   Section        0  dfixi.o(.text)
    .text                                    0x0800b452   Section        0  dfixui.o(.text)
    .text                                    0x0800b484   Section        0  f2d.o(.text)
    .text                                    0x0800b4ac   Section       48  cdcmple.o(.text)
    .text                                    0x0800b4dc   Section       48  cdrcmple.o(.text)
    .text                                    0x0800b50c   Section        0  uidiv.o(.text)
    .text                                    0x0800b538   Section        0  uldiv.o(.text)
    .text                                    0x0800b59a   Section        0  llshl.o(.text)
    .text                                    0x0800b5b8   Section        0  llushr.o(.text)
    .text                                    0x0800b5d8   Section        0  llsshr.o(.text)
    .text                                    0x0800b5fc   Section        0  scanf_char.o(.text)
    _scanf_char_input                        0x0800b5fd   Thumb Code    12  scanf_char.o(.text)
    .text                                    0x0800b624   Section        0  _sgetc.o(.text)
    .text                                    0x0800b664   Section        0  strtod.o(.text)
    _local_sscanf                            0x0800b665   Thumb Code    54  strtod.o(.text)
    .text                                    0x0800b700   Section        0  strtol.o(.text)
    .text                                    0x0800b770   Section        0  depilogue.o(.text)
    .text                                    0x0800b770   Section        0  iusefp.o(.text)
    .text                                    0x0800b82a   Section        0  ddiv.o(.text)
    .text                                    0x0800b908   Section        0  dfltul.o(.text)
    .text                                    0x0800b920   Section        0  dfixul.o(.text)
    .text                                    0x0800b950   Section        0  d2f.o(.text)
    .text                                    0x0800b988   Section       36  init.o(.text)
    .text                                    0x0800b9ac   Section        0  ctype_o.o(.text)
    .text                                    0x0800b9b4   Section        0  isspace_o.o(.text)
    .text                                    0x0800b9c8   Section        0  _scanf.o(.text)
    .text                                    0x0800bcf4   Section        0  _strtoul.o(.text)
    .text                                    0x0800bd92   Section        0  fepilogue.o(.text)
    .text                                    0x0800be00   Section        0  _chval.o(.text)
    i.__0printf                              0x0800be1c   Section        0  printfa.o(i.__0printf)
    i.__0sprintf                             0x0800be3c   Section        0  printfa.o(i.__0sprintf)
    i.__0vsprintf                            0x0800be64   Section        0  printfa.o(i.__0vsprintf)
    i.__aeabi_errno_addr                     0x0800be88   Section        0  errno.o(i.__aeabi_errno_addr)
    i.__free$realloc                         0x0800be90   Section        0  mallocr.o(i.__free$realloc)
    i.__malloc$realloc                       0x0800beec   Section        0  mallocr.o(i.__malloc$realloc)
    i.__scatterload_copy                     0x0800bf3c   Section       14  handlers.o(i.__scatterload_copy)
    i.__scatterload_null                     0x0800bf4a   Section        2  handlers.o(i.__scatterload_null)
    i.__scatterload_zeroinit                 0x0800bf4c   Section       14  handlers.o(i.__scatterload_zeroinit)
    i._fp_digits                             0x0800bf5c   Section        0  printfa.o(i._fp_digits)
    _fp_digits                               0x0800bf5d   Thumb Code   366  printfa.o(i._fp_digits)
    i._is_digit                              0x0800c0e0   Section        0  scanf_fp.o(i._is_digit)
    i._printf_core                           0x0800c0f0   Section        0  printfa.o(i._printf_core)
    _printf_core                             0x0800c0f1   Thumb Code  1744  printfa.o(i._printf_core)
    i._printf_post_padding                   0x0800c7cc   Section        0  printfa.o(i._printf_post_padding)
    _printf_post_padding                     0x0800c7cd   Thumb Code    36  printfa.o(i._printf_post_padding)
    i._printf_pre_padding                    0x0800c7f0   Section        0  printfa.o(i._printf_pre_padding)
    _printf_pre_padding                      0x0800c7f1   Thumb Code    46  printfa.o(i._printf_pre_padding)
    i._sputc                                 0x0800c81e   Section        0  printfa.o(i._sputc)
    _sputc                                   0x0800c81f   Thumb Code    10  printfa.o(i._sputc)
    i.internal_alloc                         0x0800c828   Section        0  mallocr.o(i.internal_alloc)
    internal_alloc                           0x0800c829   Thumb Code    76  mallocr.o(i.internal_alloc)
    i.realloc                                0x0800c878   Section        0  mallocr.o(i.realloc)
    i.strtod                                 0x0800c8e4   Section        0  strtod.o(i.strtod)
    .constdata                               0x0800c900   Section     6080  lcd.o(.constdata)
    .constdata                               0x0800e0c0   Section      129  ctype_o.o(.constdata)
    .constdata                               0x0800e144   Section        4  ctype_o.o(.constdata)
    table                                    0x0800e144   Data           4  ctype_o.o(.constdata)
    .conststring                             0x0800e148   Section      186  main.o(.conststring)
    .data                                    0x20000000   Section       32  main.o(.data)
    .data                                    0x20000020   Section       20  system_stm32f10x.o(.data)
    .data                                    0x20000034   Section        1  key.o(.data)
    key_up                                   0x20000034   Data           1  key.o(.data)
    .data                                    0x20000036   Section        2  espuart.o(.data)
    .data                                    0x20000038   Section        4  lcd.o(.data)
    .data                                    0x2000003c   Section        1  timer.o(.data)
    .data                                    0x20000040   Section       20  cjson.o(.data)
    global_error                             0x20000040   Data           8  cjson.o(.data)
    global_hooks                             0x20000048   Data          12  cjson.o(.data)
    .data                                    0x20000054   Section        4  delay.o(.data)
    fac_us                                   0x20000054   Data           1  delay.o(.data)
    fac_ms                                   0x20000056   Data           2  delay.o(.data)
    .data                                    0x20000058   Section        6  usart.o(.data)
    .data                                    0x20000060   Section       20  malloc.o(.data)
    .data                                    0x20000074   Section       20  stm32f10x_rcc.o(.data)
    APBAHBPrescTable                         0x20000074   Data          16  stm32f10x_rcc.o(.data)
    ADCPrescTable                            0x20000084   Data           4  stm32f10x_rcc.o(.data)
    .data                                    0x20000088   Section        4  mvars.o(.data)
    .data                                    0x2000008c   Section        4  mvars.o(.data)
    .data                                    0x20000090   Section        4  errno.o(.data)
    _errno                                   0x20000090   Data           4  errno.o(.data)
    .bss                                     0x20000098   Section     2048  espuart.o(.bss)
    .bss                                     0x20000898   Section       14  lcd.o(.bss)
    .bss                                     0x200008a6   Section       15  cjson.o(.bss)
    version                                  0x200008a6   Data          15  cjson.o(.bss)
    .bss                                     0x200008b5   Section      200  usart.o(.bss)
    .bss                                     0x20000980   Section    38080  malloc.o(.bss)
    HEAP                                     0x20009e40   Section     4096  startup_stm32f10x_hd.o(HEAP)
    STACK                                    0x2000ae40   Section     1024  startup_stm32f10x_hd.o(STACK)

    Global Symbols

    Symbol Name                              Value     Ov Type        Size  Object(Section)

    BuildAttributes$$THM_ISAv4$P$D$K$B$S$PE$A:L22UL41UL21$X:L11$S22US41US21$IEEE1$IW$USESV6$~STKCKD$USESV7$~SHL$OTIME$ROPI$IEEEJ$EBA8$MICROLIB$REQ8$PRES8$EABIv2 0x00000000   Number         0  anon$$obj.o ABSOLUTE
    __ARM_use_no_argv                        0x00000000   Number         0  main.o ABSOLUTE
    __use_no_errno                           0x00000000   Number         0  useno.o ABSOLUTE
    __use_no_exception_handling              0x00000000   Number         0  useno.o ABSOLUTE
    __use_no_fp                              0x00000000   Number         0  useno.o ABSOLUTE
    __use_no_heap                            0x00000000   Number         0  useno.o ABSOLUTE
    __use_no_heap_region                     0x00000000   Number         0  useno.o ABSOLUTE
    __use_no_semihosting                     0x00000000   Number         0  useno.o ABSOLUTE
    __use_no_semihosting_swi                 0x00000000   Number         0  useno.o ABSOLUTE
    __use_no_signal_handling                 0x00000000   Number         0  useno.o ABSOLUTE
    _printf_a                                0x00000000   Number         0  stubs.o ABSOLUTE
    _printf_c                                0x00000000   Number         0  stubs.o ABSOLUTE
    _printf_charcount                        0x00000000   Number         0  stubs.o ABSOLUTE
    _printf_d                                0x00000000   Number         0  stubs.o ABSOLUTE
    _printf_e                                0x00000000   Number         0  stubs.o ABSOLUTE
    _printf_f                                0x00000000   Number         0  stubs.o ABSOLUTE
    _printf_flags                            0x00000000   Number         0  stubs.o ABSOLUTE
    _printf_fp_dec                           0x00000000   Number         0  stubs.o ABSOLUTE
    _printf_fp_hex                           0x00000000   Number         0  stubs.o ABSOLUTE
    _printf_g                                0x00000000   Number         0  stubs.o ABSOLUTE
    _printf_i                                0x00000000   Number         0  stubs.o ABSOLUTE
    _printf_int_dec                          0x00000000   Number         0  stubs.o ABSOLUTE
    _printf_l                                0x00000000   Number         0  stubs.o ABSOLUTE
    _printf_lc                               0x00000000   Number         0  stubs.o ABSOLUTE
    _printf_ll                               0x00000000   Number         0  stubs.o ABSOLUTE
    _printf_lld                              0x00000000   Number         0  stubs.o ABSOLUTE
    _printf_lli                              0x00000000   Number         0  stubs.o ABSOLUTE
    _printf_llo                              0x00000000   Number         0  stubs.o ABSOLUTE
    _printf_llu                              0x00000000   Number         0  stubs.o ABSOLUTE
    _printf_llx                              0x00000000   Number         0  stubs.o ABSOLUTE
    _printf_longlong_dec                     0x00000000   Number         0  stubs.o ABSOLUTE
    _printf_longlong_hex                     0x00000000   Number         0  stubs.o ABSOLUTE
    _printf_longlong_oct                     0x00000000   Number         0  stubs.o ABSOLUTE
    _printf_ls                               0x00000000   Number         0  stubs.o ABSOLUTE
    _printf_mbtowc                           0x00000000   Number         0  stubs.o ABSOLUTE
    _printf_n                                0x00000000   Number         0  stubs.o ABSOLUTE
    _printf_o                                0x00000000   Number         0  stubs.o ABSOLUTE
    _printf_p                                0x00000000   Number         0  stubs.o ABSOLUTE
    _printf_percent                          0x00000000   Number         0  stubs.o ABSOLUTE
    _printf_pre_padding                      0x00000000   Number         0  stubs.o ABSOLUTE
    _printf_return_value                     0x00000000   Number         0  stubs.o ABSOLUTE
    _printf_s                                0x00000000   Number         0  stubs.o ABSOLUTE
    _printf_sizespec                         0x00000000   Number         0  stubs.o ABSOLUTE
    _printf_str                              0x00000000   Number         0  stubs.o ABSOLUTE
    _printf_truncate_signed                  0x00000000   Number         0  stubs.o ABSOLUTE
    _printf_truncate_unsigned                0x00000000   Number         0  stubs.o ABSOLUTE
    _printf_u                                0x00000000   Number         0  stubs.o ABSOLUTE
    _printf_wc                               0x00000000   Number         0  stubs.o ABSOLUTE
    _printf_wctomb                           0x00000000   Number         0  stubs.o ABSOLUTE
    _printf_widthprec                        0x00000000   Number         0  stubs.o ABSOLUTE
    _printf_x                                0x00000000   Number         0  stubs.o ABSOLUTE
    __cpp_initialize__aeabi_                  - Undefined Weak Reference
    __cxa_finalize                            - Undefined Weak Reference
    __decompress                              - Undefined Weak Reference
    _clock_init                               - Undefined Weak Reference
    _microlib_exit                            - Undefined Weak Reference
    _scanf_int                                - Undefined Weak Reference
    _scanf_longlong                           - Undefined Weak Reference
    _scanf_string                             - Undefined Weak Reference
    __Vectors_Size                           0x00000130   Number         0  startup_stm32f10x_hd.o ABSOLUTE
    __Vectors                                0x08000000   Data           4  startup_stm32f10x_hd.o(RESET)
    __Vectors_End                            0x08000130   Data           0  startup_stm32f10x_hd.o(RESET)
    __main                                   0x08000131   Thumb Code     0  entry.o(.ARM.Collect$$$$00000000)
    _main_stk                                0x08000131   Thumb Code     0  entry2.o(.ARM.Collect$$$$00000001)
    _main_scatterload                        0x08000135   Thumb Code     0  entry5.o(.ARM.Collect$$$$00000004)
    __main_after_scatterload                 0x08000139   Thumb Code     0  entry5.o(.ARM.Collect$$$$00000004)
    _main_clock                              0x08000139   Thumb Code     0  entry7b.o(.ARM.Collect$$$$00000008)
    _main_cpp_init                           0x08000139   Thumb Code     0  entry8b.o(.ARM.Collect$$$$0000000A)
    _main_init                               0x08000139   Thumb Code     0  entry9a.o(.ARM.Collect$$$$0000000B)
    __rt_final_cpp                           0x08000141   Thumb Code     0  entry10a.o(.ARM.Collect$$$$0000000D)
    __rt_final_exit                          0x08000141   Thumb Code     0  entry11a.o(.ARM.Collect$$$$0000000F)
    main                                     0x08000145   Thumb Code   744  main.o(.text)
    NMI_Handler                              0x080005ad   Thumb Code     2  stm32f10x_it.o(.text)
    HardFault_Handler                        0x080005af   Thumb Code     4  stm32f10x_it.o(.text)
    MemManage_Handler                        0x080005b3   Thumb Code     4  stm32f10x_it.o(.text)
    BusFault_Handler                         0x080005b7   Thumb Code     4  stm32f10x_it.o(.text)
    UsageFault_Handler                       0x080005bb   Thumb Code     4  stm32f10x_it.o(.text)
    SVC_Handler                              0x080005bf   Thumb Code     2  stm32f10x_it.o(.text)
    DebugMon_Handler                         0x080005c1   Thumb Code     2  stm32f10x_it.o(.text)
    PendSV_Handler                           0x080005c3   Thumb Code     2  stm32f10x_it.o(.text)
    SysTick_Handler                          0x080005c5   Thumb Code     2  stm32f10x_it.o(.text)
    SystemInit                               0x080006a7   Thumb Code    78  system_stm32f10x.o(.text)
    SystemCoreClockUpdate                    0x080006f5   Thumb Code   142  system_stm32f10x.o(.text)
    LED_Init                                 0x080007a9   Thumb Code    72  led.o(.text)
    KEY_Init                                 0x080007f9   Thumb Code    82  key.o(.text)
    KEY_Scan                                 0x0800084b   Thumb Code   154  key.o(.text)
    TIM4_Set                                 0x080008f5   Thumb Code    34  espuart.o(.text)
    USART2_IRQHandler                        0x08000917   Thumb Code    84  espuart.o(.text)
    TIM4_Init                                0x0800096b   Thumb Code    82  espuart.o(.text)
    UART_DMA_Config                          0x080009bd   Thumb Code    72  espuart.o(.text)
    USART2_Init                              0x08000a05   Thumb Code   206  espuart.o(.text)
    UART_DMA_Enable                          0x08000ad3   Thumb Code    32  espuart.o(.text)
    u2_printf                                0x08000af3   Thumb Code    56  espuart.o(.text)
    TIM4_IRQHandler                          0x08000b2b   Thumb Code    40  espuart.o(.text)
    wifi_check_cmd                           0x08000b71   Thumb Code    44  wifi.o(.text)
    wifi_send_ATcmd                          0x08000b9d   Thumb Code   100  wifi.o(.text)
    WiFi_module_check                        0x08000c01   Thumb Code    26  wifi.o(.text)
    get_IP_Addr                              0x08000c1b   Thumb Code    58  wifi.o(.text)
    Connect_AP                               0x08000c55   Thumb Code   170  wifi.o(.text)
    Connect_TCP_Server                       0x08000cff   Thumb Code   200  wifi.o(.text)
    Exit_TransMode                           0x08000dc7   Thumb Code   102  wifi.o(.text)
    atk_8266_send_data                       0x08000e2d   Thumb Code    84  wifi.o(.text)
    cJSON_Parse_Weather                      0x08000e81   Thumb Code   996  wifi.o(.text)
    get_http                                 0x08001265   Thumb Code   118  wifi.o(.text)
    LCD_WR_REG                               0x08001331   Thumb Code    28  lcd.o(.text)
    LCD_WR_DATAX                             0x0800134d   Thumb Code    28  lcd.o(.text)
    LCD_RD_DATA                              0x08001369   Thumb Code    98  lcd.o(.text)
    LCD_WriteReg                             0x080013cb   Thumb Code    40  lcd.o(.text)
    LCD_ReadReg                              0x080013f3   Thumb Code    16  lcd.o(.text)
    LCD_WriteRAM_Prepare                     0x08001403   Thumb Code    12  lcd.o(.text)
    LCD_WriteRAM                             0x0800140f   Thumb Code    28  lcd.o(.text)
    LCD_BGR2RGB                              0x0800142b   Thumb Code    26  lcd.o(.text)
    opt_delay                                0x08001445   Thumb Code    14  lcd.o(.text)
    LCD_SetCursor                            0x08001453   Thumb Code   956  lcd.o(.text)
    LCD_ReadPoint                            0x0800180f   Thumb Code   506  lcd.o(.text)
    LCD_DisplayOn                            0x08001a09   Thumb Code    92  lcd.o(.text)
    LCD_DisplayOff                           0x08001a65   Thumb Code    90  lcd.o(.text)
    LCD_Scan_Dir                             0x08001abf   Thumb Code  1126  lcd.o(.text)
    LCD_DrawPoint                            0x08001f25   Thumb Code    52  lcd.o(.text)
    LCD_Fast_DrawPoint                       0x08001f59   Thumb Code   854  lcd.o(.text)
    LCD_SSD_BackLightSet                     0x080022af   Thumb Code   220  lcd.o(.text)
    LCD_Display_Dir                          0x0800238b   Thumb Code   444  lcd.o(.text)
    LCD_Set_Window                           0x08002547   Thumb Code  1078  lcd.o(.text)
    LCD_Clear                                0x0800297d   Thumb Code   122  lcd.o(.text)
    LCD_Init                                 0x080029f7   Thumb Code 15298  lcd.o(.text)
    LCD_Fill                                 0x080065b9   Thumb Code   200  lcd.o(.text)
    LCD_Color_Fill                           0x08006681   Thumb Code   116  lcd.o(.text)
    LCD_DrawLine                             0x080066f5   Thumb Code   176  lcd.o(.text)
    LCD_DrawRectangle                        0x080067a5   Thumb Code    60  lcd.o(.text)
    LCD_Draw_Circle                          0x080067e1   Thumb Code   152  lcd.o(.text)
    LCD_ShowChar                             0x08006879   Thumb Code   272  lcd.o(.text)
    LCD_Pow                                  0x08006989   Thumb Code    22  lcd.o(.text)
    LCD_ShowNum                              0x0800699f   Thumb Code   180  lcd.o(.text)
    LCD_ShowxNum                             0x08006a53   Thumb Code   190  lcd.o(.text)
    LCD_ShowString                           0x08006b11   Thumb Code   102  lcd.o(.text)
    TIM3_Int_Init                            0x08006b79   Thumb Code    96  timer.o(.text)
    TIM3_IRQHandler                          0x08006bd9   Thumb Code    52  timer.o(.text)
    cJSON_GetErrorPtr                        0x08006c19   Thumb Code    12  cjson.o(.text)
    cJSON_IsString                           0x08006c25   Thumb Code    22  cjson.o(.text)
    cJSON_GetStringValue                     0x08006c3b   Thumb Code    20  cjson.o(.text)
    cJSON_Version                            0x08006c4f   Thumb Code    22  cjson.o(.text)
    cJSON_InitHooks                          0x08006ce5   Thumb Code    82  cjson.o(.text)
    cJSON_Delete                             0x08006d51   Thumb Code    84  cjson.o(.text)
    cJSON_SetNumberHelper                    0x08006ed3   Thumb Code    72  cjson.o(.text)
    cJSON_ParseWithOpts                      0x080079c1   Thumb Code   204  cjson.o(.text)
    cJSON_Parse                              0x08007a8d   Thumb Code    16  cjson.o(.text)
    cJSON_Print                              0x08007e81   Thumb Code    16  cjson.o(.text)
    cJSON_PrintUnformatted                   0x08007e91   Thumb Code    16  cjson.o(.text)
    cJSON_PrintBuffered                      0x08007ea1   Thumb Code    90  cjson.o(.text)
    cJSON_PrintPreallocated                  0x08007efb   Thumb Code    64  cjson.o(.text)
    cJSON_GetArraySize                       0x08007f3b   Thumb Code    28  cjson.o(.text)
    cJSON_GetArrayItem                       0x08007f75   Thumb Code    24  cjson.o(.text)
    cJSON_GetObjectItem                      0x08007fdf   Thumb Code    18  cjson.o(.text)
    cJSON_GetObjectItemCaseSensitive         0x08007ff1   Thumb Code    18  cjson.o(.text)
    cJSON_HasObjectItem                      0x08008003   Thumb Code    24  cjson.o(.text)
    cJSON_AddItemToArray                     0x0800808b   Thumb Code    16  cjson.o(.text)
    cJSON_AddItemToObject                    0x08008113   Thumb Code    26  cjson.o(.text)
    cJSON_AddItemToObjectCS                  0x0800812d   Thumb Code    26  cjson.o(.text)
    cJSON_AddItemReferenceToArray            0x08008147   Thumb Code    32  cjson.o(.text)
    cJSON_AddItemReferenceToObject           0x08008167   Thumb Code    44  cjson.o(.text)
    cJSON_CreateNull                         0x08008193   Thumb Code    20  cjson.o(.text)
    cJSON_AddNullToObject                    0x080081a7   Thumb Code    44  cjson.o(.text)
    cJSON_CreateTrue                         0x080081d3   Thumb Code    20  cjson.o(.text)
    cJSON_AddTrueToObject                    0x080081e7   Thumb Code    44  cjson.o(.text)
    cJSON_CreateFalse                        0x08008213   Thumb Code    20  cjson.o(.text)
    cJSON_AddFalseToObject                   0x08008227   Thumb Code    44  cjson.o(.text)
    cJSON_CreateBool                         0x08008253   Thumb Code    34  cjson.o(.text)
    cJSON_AddBoolToObject                    0x08008275   Thumb Code    48  cjson.o(.text)
    cJSON_CreateNumber                       0x080082a5   Thumb Code    82  cjson.o(.text)
    cJSON_AddNumberToObject                  0x080082f7   Thumb Code    56  cjson.o(.text)
    cJSON_CreateString                       0x0800832f   Thumb Code    46  cjson.o(.text)
    cJSON_AddStringToObject                  0x0800835d   Thumb Code    48  cjson.o(.text)
    cJSON_CreateRaw                          0x0800838d   Thumb Code    46  cjson.o(.text)
    cJSON_AddRawToObject                     0x080083bb   Thumb Code    48  cjson.o(.text)
    cJSON_CreateObject                       0x080083eb   Thumb Code    20  cjson.o(.text)
    cJSON_AddObjectToObject                  0x080083ff   Thumb Code    44  cjson.o(.text)
    cJSON_CreateArray                        0x0800842b   Thumb Code    20  cjson.o(.text)
    cJSON_AddArrayToObject                   0x0800843f   Thumb Code    44  cjson.o(.text)
    cJSON_DetachItemViaPointer               0x0800846b   Thumb Code    50  cjson.o(.text)
    cJSON_DetachItemFromArray                0x0800849d   Thumb Code    34  cjson.o(.text)
    cJSON_DeleteItemFromArray                0x080084bf   Thumb Code    22  cjson.o(.text)
    cJSON_DetachItemFromObject               0x080084d5   Thumb Code    26  cjson.o(.text)
    cJSON_DetachItemFromObjectCaseSensitive  0x080084ef   Thumb Code    26  cjson.o(.text)
    cJSON_DeleteItemFromObject               0x08008509   Thumb Code    22  cjson.o(.text)
    cJSON_DeleteItemFromObjectCaseSensitive  0x0800851f   Thumb Code    22  cjson.o(.text)
    cJSON_InsertItemInArray                  0x08008535   Thumb Code    68  cjson.o(.text)
    cJSON_ReplaceItemViaPointer              0x08008579   Thumb Code    74  cjson.o(.text)
    cJSON_ReplaceItemInArray                 0x080085c3   Thumb Code    42  cjson.o(.text)
    cJSON_free                               0x080085ed   Thumb Code    14  cjson.o(.text)
    cJSON_ReplaceItemInObject                0x0800864f   Thumb Code    38  cjson.o(.text)
    cJSON_ReplaceItemInObjectCaseSensitive   0x08008675   Thumb Code    22  cjson.o(.text)
    cJSON_CreateStringReference              0x0800868b   Thumb Code    32  cjson.o(.text)
    cJSON_CreateObjectReference              0x080086ab   Thumb Code    32  cjson.o(.text)
    cJSON_CreateArrayReference               0x080086cb   Thumb Code    32  cjson.o(.text)
    cJSON_CreateIntArray                     0x080086eb   Thumb Code   102  cjson.o(.text)
    cJSON_CreateFloatArray                   0x08008751   Thumb Code   102  cjson.o(.text)
    cJSON_CreateDoubleArray                  0x080087b7   Thumb Code   100  cjson.o(.text)
    cJSON_CreateStringArray                  0x0800881b   Thumb Code    94  cjson.o(.text)
    cJSON_Duplicate                          0x08008879   Thumb Code   178  cjson.o(.text)
    cJSON_Minify                             0x080089fb   Thumb Code   158  cjson.o(.text)
    cJSON_IsInvalid                          0x08008a99   Thumb Code    20  cjson.o(.text)
    cJSON_IsFalse                            0x08008aad   Thumb Code    20  cjson.o(.text)
    cJSON_IsTrue                             0x08008ac1   Thumb Code    22  cjson.o(.text)
    cJSON_IsBool                             0x08008ad7   Thumb Code    24  cjson.o(.text)
    cJSON_IsNull                             0x08008aef   Thumb Code    22  cjson.o(.text)
    cJSON_IsNumber                           0x08008b05   Thumb Code    22  cjson.o(.text)
    cJSON_IsArray                            0x08008b1b   Thumb Code    22  cjson.o(.text)
    cJSON_IsObject                           0x08008b31   Thumb Code    22  cjson.o(.text)
    cJSON_IsRaw                              0x08008b47   Thumb Code    22  cjson.o(.text)
    cJSON_Compare                            0x08008b5d   Thumb Code   392  cjson.o(.text)
    cJSON_malloc                             0x08008ce5   Thumb Code    14  cjson.o(.text)
    delay_init                               0x08008cf9   Thumb Code    50  delay.o(.text)
    delay_us                                 0x08008d2b   Thumb Code    72  delay.o(.text)
    delay_ms                                 0x08008d73   Thumb Code    72  delay.o(.text)
    _sys_exit                                0x08008dcd   Thumb Code     6  usart.o(.text)
    fputc                                    0x08008dd3   Thumb Code    24  usart.o(.text)
    uart_init                                0x08008deb   Thumb Code   152  usart.o(.text)
    USART1_IRQHandler                        0x08008e83   Thumb Code   122  usart.o(.text)
    mymemcpy                                 0x08008f0d   Thumb Code    26  malloc.o(.text)
    mymemset                                 0x08008f27   Thumb Code    20  malloc.o(.text)
    mem_init                                 0x08008f3b   Thumb Code    38  malloc.o(.text)
    mem_perused                              0x08008f61   Thumb Code    42  malloc.o(.text)
    mem_malloc                               0x08008f8b   Thumb Code   116  malloc.o(.text)
    mem_free                                 0x08008fff   Thumb Code    66  malloc.o(.text)
    myfree                                   0x08009041   Thumb Code    24  malloc.o(.text)
    mymalloc                                 0x08009059   Thumb Code    28  malloc.o(.text)
    myrealloc                                0x08009075   Thumb Code    50  malloc.o(.text)
    Reset_Handler                            0x080090ad   Thumb Code     8  startup_stm32f10x_hd.o(.text)
    ADC1_2_IRQHandler                        0x080090c7   Thumb Code     0  startup_stm32f10x_hd.o(.text)
    ADC3_IRQHandler                          0x080090c7   Thumb Code     0  startup_stm32f10x_hd.o(.text)
    CAN1_RX1_IRQHandler                      0x080090c7   Thumb Code     0  startup_stm32f10x_hd.o(.text)
    CAN1_SCE_IRQHandler                      0x080090c7   Thumb Code     0  startup_stm32f10x_hd.o(.text)
    DMA1_Channel1_IRQHandler                 0x080090c7   Thumb Code     0  startup_stm32f10x_hd.o(.text)
    DMA1_Channel2_IRQHandler                 0x080090c7   Thumb Code     0  startup_stm32f10x_hd.o(.text)
    DMA1_Channel3_IRQHandler                 0x080090c7   Thumb Code     0  startup_stm32f10x_hd.o(.text)
    DMA1_Channel4_IRQHandler                 0x080090c7   Thumb Code     0  startup_stm32f10x_hd.o(.text)
    DMA1_Channel5_IRQHandler                 0x080090c7   Thumb Code     0  startup_stm32f10x_hd.o(.text)
    DMA1_Channel6_IRQHandler                 0x080090c7   Thumb Code     0  startup_stm32f10x_hd.o(.text)
    DMA1_Channel7_IRQHandler                 0x080090c7   Thumb Code     0  startup_stm32f10x_hd.o(.text)
    DMA2_Channel1_IRQHandler                 0x080090c7   Thumb Code     0  startup_stm32f10x_hd.o(.text)
    DMA2_Channel2_IRQHandler                 0x080090c7   Thumb Code     0  startup_stm32f10x_hd.o(.text)
    DMA2_Channel3_IRQHandler                 0x080090c7   Thumb Code     0  startup_stm32f10x_hd.o(.text)
    DMA2_Channel4_5_IRQHandler               0x080090c7   Thumb Code     0  startup_stm32f10x_hd.o(.text)
    EXTI0_IRQHandler                         0x080090c7   Thumb Code     0  startup_stm32f10x_hd.o(.text)
    EXTI15_10_IRQHandler                     0x080090c7   Thumb Code     0  startup_stm32f10x_hd.o(.text)
    EXTI1_IRQHandler                         0x080090c7   Thumb Code     0  startup_stm32f10x_hd.o(.text)
    EXTI2_IRQHandler                         0x080090c7   Thumb Code     0  startup_stm32f10x_hd.o(.text)
    EXTI3_IRQHandler                         0x080090c7   Thumb Code     0  startup_stm32f10x_hd.o(.text)
    EXTI4_IRQHandler                         0x080090c7   Thumb Code     0  startup_stm32f10x_hd.o(.text)
    EXTI9_5_IRQHandler                       0x080090c7   Thumb Code     0  startup_stm32f10x_hd.o(.text)
    FLASH_IRQHandler                         0x080090c7   Thumb Code     0  startup_stm32f10x_hd.o(.text)
    FSMC_IRQHandler                          0x080090c7   Thumb Code     0  startup_stm32f10x_hd.o(.text)
    I2C1_ER_IRQHandler                       0x080090c7   Thumb Code     0  startup_stm32f10x_hd.o(.text)
    I2C1_EV_IRQHandler                       0x080090c7   Thumb Code     0  startup_stm32f10x_hd.o(.text)
    I2C2_ER_IRQHandler                       0x080090c7   Thumb Code     0  startup_stm32f10x_hd.o(.text)
    I2C2_EV_IRQHandler                       0x080090c7   Thumb Code     0  startup_stm32f10x_hd.o(.text)
    PVD_IRQHandler                           0x080090c7   Thumb Code     0  startup_stm32f10x_hd.o(.text)
    RCC_IRQHandler                           0x080090c7   Thumb Code     0  startup_stm32f10x_hd.o(.text)
    RTCAlarm_IRQHandler                      0x080090c7   Thumb Code     0  startup_stm32f10x_hd.o(.text)
    RTC_IRQHandler                           0x080090c7   Thumb Code     0  startup_stm32f10x_hd.o(.text)
    SDIO_IRQHandler                          0x080090c7   Thumb Code     0  startup_stm32f10x_hd.o(.text)
    SPI1_IRQHandler                          0x080090c7   Thumb Code     0  startup_stm32f10x_hd.o(.text)
    SPI2_IRQHandler                          0x080090c7   Thumb Code     0  startup_stm32f10x_hd.o(.text)
    SPI3_IRQHandler                          0x080090c7   Thumb Code     0  startup_stm32f10x_hd.o(.text)
    TAMPER_IRQHandler                        0x080090c7   Thumb Code     0  startup_stm32f10x_hd.o(.text)
    TIM1_BRK_IRQHandler                      0x080090c7   Thumb Code     0  startup_stm32f10x_hd.o(.text)
    TIM1_CC_IRQHandler                       0x080090c7   Thumb Code     0  startup_stm32f10x_hd.o(.text)
    TIM1_TRG_COM_IRQHandler                  0x080090c7   Thumb Code     0  startup_stm32f10x_hd.o(.text)
    TIM1_UP_IRQHandler                       0x080090c7   Thumb Code     0  startup_stm32f10x_hd.o(.text)
    TIM2_IRQHandler                          0x080090c7   Thumb Code     0  startup_stm32f10x_hd.o(.text)
    TIM5_IRQHandler                          0x080090c7   Thumb Code     0  startup_stm32f10x_hd.o(.text)
    TIM6_IRQHandler                          0x080090c7   Thumb Code     0  startup_stm32f10x_hd.o(.text)
    TIM7_IRQHandler                          0x080090c7   Thumb Code     0  startup_stm32f10x_hd.o(.text)
    TIM8_BRK_IRQHandler                      0x080090c7   Thumb Code     0  startup_stm32f10x_hd.o(.text)
    TIM8_CC_IRQHandler                       0x080090c7   Thumb Code     0  startup_stm32f10x_hd.o(.text)
    TIM8_TRG_COM_IRQHandler                  0x080090c7   Thumb Code     0  startup_stm32f10x_hd.o(.text)
    TIM8_UP_IRQHandler                       0x080090c7   Thumb Code     0  startup_stm32f10x_hd.o(.text)
    UART4_IRQHandler                         0x080090c7   Thumb Code     0  startup_stm32f10x_hd.o(.text)
    UART5_IRQHandler                         0x080090c7   Thumb Code     0  startup_stm32f10x_hd.o(.text)
    USART3_IRQHandler                        0x080090c7   Thumb Code     0  startup_stm32f10x_hd.o(.text)
    USBWakeUp_IRQHandler                     0x080090c7   Thumb Code     0  startup_stm32f10x_hd.o(.text)
    USB_HP_CAN1_TX_IRQHandler                0x080090c7   Thumb Code     0  startup_stm32f10x_hd.o(.text)
    USB_LP_CAN1_RX0_IRQHandler               0x080090c7   Thumb Code     0  startup_stm32f10x_hd.o(.text)
    WWDG_IRQHandler                          0x080090c7   Thumb Code     0  startup_stm32f10x_hd.o(.text)
    GPIO_DeInit                              0x080090d1   Thumb Code   172  stm32f10x_gpio.o(.text)
    GPIO_AFIODeInit                          0x0800917d   Thumb Code    20  stm32f10x_gpio.o(.text)
    GPIO_Init                                0x08009191   Thumb Code   278  stm32f10x_gpio.o(.text)
    GPIO_StructInit                          0x080092a7   Thumb Code    16  stm32f10x_gpio.o(.text)
    GPIO_ReadInputDataBit                    0x080092b7   Thumb Code    18  stm32f10x_gpio.o(.text)
    GPIO_ReadInputData                       0x080092c9   Thumb Code     8  stm32f10x_gpio.o(.text)
    GPIO_ReadOutputDataBit                   0x080092d1   Thumb Code    18  stm32f10x_gpio.o(.text)
    GPIO_ReadOutputData                      0x080092e3   Thumb Code     8  stm32f10x_gpio.o(.text)
    GPIO_SetBits                             0x080092eb   Thumb Code     4  stm32f10x_gpio.o(.text)
    GPIO_ResetBits                           0x080092ef   Thumb Code     4  stm32f10x_gpio.o(.text)
    GPIO_WriteBit                            0x080092f3   Thumb Code    10  stm32f10x_gpio.o(.text)
    GPIO_Write                               0x080092fd   Thumb Code     4  stm32f10x_gpio.o(.text)
    GPIO_PinLockConfig                       0x08009301   Thumb Code    18  stm32f10x_gpio.o(.text)
    GPIO_EventOutputConfig                   0x08009313   Thumb Code    26  stm32f10x_gpio.o(.text)
    GPIO_EventOutputCmd                      0x0800932d   Thumb Code     6  stm32f10x_gpio.o(.text)
    GPIO_PinRemapConfig                      0x08009333   Thumb Code   138  stm32f10x_gpio.o(.text)
    GPIO_EXTILineConfig                      0x080093bd   Thumb Code    66  stm32f10x_gpio.o(.text)
    GPIO_ETH_MediaInterfaceConfig            0x080093ff   Thumb Code     8  stm32f10x_gpio.o(.text)
    RCC_DeInit                               0x0800942d   Thumb Code    64  stm32f10x_rcc.o(.text)
    RCC_HSEConfig                            0x0800946d   Thumb Code    70  stm32f10x_rcc.o(.text)
    RCC_GetFlagStatus                        0x080094b3   Thumb Code    56  stm32f10x_rcc.o(.text)
    RCC_WaitForHSEStartUp                    0x080094eb   Thumb Code    56  stm32f10x_rcc.o(.text)
    RCC_AdjustHSICalibrationValue            0x08009523   Thumb Code    20  stm32f10x_rcc.o(.text)
    RCC_HSICmd                               0x08009537   Thumb Code     6  stm32f10x_rcc.o(.text)
    RCC_PLLConfig                            0x0800953d   Thumb Code    24  stm32f10x_rcc.o(.text)
    RCC_PLLCmd                               0x08009555   Thumb Code     6  stm32f10x_rcc.o(.text)
    RCC_SYSCLKConfig                         0x0800955b   Thumb Code    18  stm32f10x_rcc.o(.text)
    RCC_GetSYSCLKSource                      0x0800956d   Thumb Code    10  stm32f10x_rcc.o(.text)
    RCC_HCLKConfig                           0x08009577   Thumb Code    18  stm32f10x_rcc.o(.text)
    RCC_PCLK1Config                          0x08009589   Thumb Code    18  stm32f10x_rcc.o(.text)
    RCC_PCLK2Config                          0x0800959b   Thumb Code    20  stm32f10x_rcc.o(.text)
    RCC_ITConfig                             0x080095af   Thumb Code    26  stm32f10x_rcc.o(.text)
    RCC_USBCLKConfig                         0x080095c9   Thumb Code     8  stm32f10x_rcc.o(.text)
    RCC_ADCCLKConfig                         0x080095d1   Thumb Code    18  stm32f10x_rcc.o(.text)
    RCC_LSEConfig                            0x080095e3   Thumb Code    50  stm32f10x_rcc.o(.text)
    RCC_LSICmd                               0x08009615   Thumb Code     6  stm32f10x_rcc.o(.text)
    RCC_RTCCLKConfig                         0x0800961b   Thumb Code    12  stm32f10x_rcc.o(.text)
    RCC_RTCCLKCmd                            0x08009627   Thumb Code     8  stm32f10x_rcc.o(.text)
    RCC_GetClocksFreq                        0x0800962f   Thumb Code   192  stm32f10x_rcc.o(.text)
    RCC_AHBPeriphClockCmd                    0x080096ef   Thumb Code    26  stm32f10x_rcc.o(.text)
    RCC_APB2PeriphClockCmd                   0x08009709   Thumb Code    26  stm32f10x_rcc.o(.text)
    RCC_APB1PeriphClockCmd                   0x08009723   Thumb Code    26  stm32f10x_rcc.o(.text)
    RCC_APB2PeriphResetCmd                   0x0800973d   Thumb Code    26  stm32f10x_rcc.o(.text)
    RCC_APB1PeriphResetCmd                   0x08009757   Thumb Code    26  stm32f10x_rcc.o(.text)
    RCC_BackupResetCmd                       0x08009771   Thumb Code     8  stm32f10x_rcc.o(.text)
    RCC_ClockSecuritySystemCmd               0x08009779   Thumb Code     6  stm32f10x_rcc.o(.text)
    RCC_MCOConfig                            0x0800977f   Thumb Code     6  stm32f10x_rcc.o(.text)
    RCC_ClearFlag                            0x08009785   Thumb Code    14  stm32f10x_rcc.o(.text)
    RCC_GetITStatus                          0x08009793   Thumb Code    20  stm32f10x_rcc.o(.text)
    RCC_ClearITPendingBit                    0x080097a7   Thumb Code     6  stm32f10x_rcc.o(.text)
    USART_DeInit                             0x080097d1   Thumb Code   134  stm32f10x_usart.o(.text)
    USART_Init                               0x08009857   Thumb Code   210  stm32f10x_usart.o(.text)
    USART_StructInit                         0x08009929   Thumb Code    24  stm32f10x_usart.o(.text)
    USART_ClockInit                          0x08009941   Thumb Code    34  stm32f10x_usart.o(.text)
    USART_ClockStructInit                    0x08009963   Thumb Code    12  stm32f10x_usart.o(.text)
    USART_Cmd                                0x0800996f   Thumb Code    24  stm32f10x_usart.o(.text)
    USART_ITConfig                           0x08009987   Thumb Code    74  stm32f10x_usart.o(.text)
    USART_DMACmd                             0x080099d1   Thumb Code    18  stm32f10x_usart.o(.text)
    USART_SetAddress                         0x080099e3   Thumb Code    18  stm32f10x_usart.o(.text)
    USART_WakeUpConfig                       0x080099f5   Thumb Code    18  stm32f10x_usart.o(.text)
    USART_ReceiverWakeUpCmd                  0x08009a07   Thumb Code    24  stm32f10x_usart.o(.text)
    USART_LINBreakDetectLengthConfig         0x08009a1f   Thumb Code    18  stm32f10x_usart.o(.text)
    USART_LINCmd                             0x08009a31   Thumb Code    24  stm32f10x_usart.o(.text)
    USART_SendData                           0x08009a49   Thumb Code     8  stm32f10x_usart.o(.text)
    USART_ReceiveData                        0x08009a51   Thumb Code    10  stm32f10x_usart.o(.text)
    USART_SendBreak                          0x08009a5b   Thumb Code    10  stm32f10x_usart.o(.text)
    USART_SetGuardTime                       0x08009a65   Thumb Code    16  stm32f10x_usart.o(.text)
    USART_SetPrescaler                       0x08009a75   Thumb Code    16  stm32f10x_usart.o(.text)
    USART_SmartCardCmd                       0x08009a85   Thumb Code    24  stm32f10x_usart.o(.text)
    USART_SmartCardNACKCmd                   0x08009a9d   Thumb Code    24  stm32f10x_usart.o(.text)
    USART_HalfDuplexCmd                      0x08009ab5   Thumb Code    24  stm32f10x_usart.o(.text)
    USART_OverSampling8Cmd                   0x08009acd   Thumb Code    22  stm32f10x_usart.o(.text)
    USART_OneBitMethodCmd                    0x08009ae3   Thumb Code    24  stm32f10x_usart.o(.text)
    USART_IrDAConfig                         0x08009afb   Thumb Code    18  stm32f10x_usart.o(.text)
    USART_IrDACmd                            0x08009b0d   Thumb Code    24  stm32f10x_usart.o(.text)
    USART_GetFlagStatus                      0x08009b25   Thumb Code    26  stm32f10x_usart.o(.text)
    USART_ClearFlag                          0x08009b3f   Thumb Code    18  stm32f10x_usart.o(.text)
    USART_GetITStatus                        0x08009b51   Thumb Code    84  stm32f10x_usart.o(.text)
    USART_ClearITPendingBit                  0x08009ba5   Thumb Code    52  stm32f10x_usart.o(.text)
    NVIC_PriorityGroupConfig                 0x08009bd9   Thumb Code    10  misc.o(.text)
    NVIC_Init                                0x08009be3   Thumb Code   100  misc.o(.text)
    NVIC_SetVectorTable                      0x08009c47   Thumb Code    14  misc.o(.text)
    NVIC_SystemLPConfig                      0x08009c55   Thumb Code    34  misc.o(.text)
    SysTick_CLKSourceConfig                  0x08009c77   Thumb Code    40  misc.o(.text)
    DMA_DeInit                               0x08009cb5   Thumb Code   324  stm32f10x_dma.o(.text)
    DMA_Init                                 0x08009df9   Thumb Code    60  stm32f10x_dma.o(.text)
    DMA_StructInit                           0x08009e35   Thumb Code    26  stm32f10x_dma.o(.text)
    DMA_Cmd                                  0x08009e4f   Thumb Code    24  stm32f10x_dma.o(.text)
    DMA_ITConfig                             0x08009e67   Thumb Code    18  stm32f10x_dma.o(.text)
    DMA_SetCurrDataCounter                   0x08009e79   Thumb Code     4  stm32f10x_dma.o(.text)
    DMA_GetCurrDataCounter                   0x08009e7d   Thumb Code     8  stm32f10x_dma.o(.text)
    DMA_GetFlagStatus                        0x08009e85   Thumb Code    40  stm32f10x_dma.o(.text)
    DMA_ClearFlag                            0x08009ead   Thumb Code    22  stm32f10x_dma.o(.text)
    DMA_GetITStatus                          0x08009ec3   Thumb Code    40  stm32f10x_dma.o(.text)
    DMA_ClearITPendingBit                    0x08009eeb   Thumb Code    22  stm32f10x_dma.o(.text)
    TIM_DeInit                               0x08009f09   Thumb Code   424  stm32f10x_tim.o(.text)
    TIM_TimeBaseInit                         0x0800a0b1   Thumb Code   122  stm32f10x_tim.o(.text)
    TIM_OC1Init                              0x0800a12b   Thumb Code   132  stm32f10x_tim.o(.text)
    TIM_OC2Init                              0x0800a1af   Thumb Code   154  stm32f10x_tim.o(.text)
    TIM_OC3Init                              0x0800a249   Thumb Code   150  stm32f10x_tim.o(.text)
    TIM_OC4Init                              0x0800a2df   Thumb Code   182  stm32f10x_tim.o(.text)
    TIM_SetIC4Prescaler                      0x0800a395   Thumb Code    26  stm32f10x_tim.o(.text)
    TIM_SetIC3Prescaler                      0x0800a431   Thumb Code    18  stm32f10x_tim.o(.text)
    TIM_SetIC2Prescaler                      0x0800a4bd   Thumb Code    26  stm32f10x_tim.o(.text)
    TIM_SetIC1Prescaler                      0x0800a559   Thumb Code    18  stm32f10x_tim.o(.text)
    TIM_ICInit                               0x0800a5d7   Thumb Code   150  stm32f10x_tim.o(.text)
    TIM_PWMIConfig                           0x0800a66d   Thumb Code   124  stm32f10x_tim.o(.text)
    TIM_BDTRConfig                           0x0800a6e9   Thumb Code    32  stm32f10x_tim.o(.text)
    TIM_TimeBaseStructInit                   0x0800a709   Thumb Code    18  stm32f10x_tim.o(.text)
    TIM_OCStructInit                         0x0800a71b   Thumb Code    20  stm32f10x_tim.o(.text)
    TIM_ICStructInit                         0x0800a72f   Thumb Code    18  stm32f10x_tim.o(.text)
    TIM_BDTRStructInit                       0x0800a741   Thumb Code    40  stm32f10x_tim.o(.text)
    TIM_Cmd                                  0x0800a769   Thumb Code    24  stm32f10x_tim.o(.text)
    TIM_CtrlPWMOutputs                       0x0800a781   Thumb Code    30  stm32f10x_tim.o(.text)
    TIM_ITConfig                             0x0800a79f   Thumb Code    18  stm32f10x_tim.o(.text)
    TIM_GenerateEvent                        0x0800a7b1   Thumb Code     4  stm32f10x_tim.o(.text)
    TIM_DMAConfig                            0x0800a7b5   Thumb Code    10  stm32f10x_tim.o(.text)
    TIM_DMACmd                               0x0800a7bf   Thumb Code    18  stm32f10x_tim.o(.text)
    TIM_InternalClockConfig                  0x0800a7d1   Thumb Code    12  stm32f10x_tim.o(.text)
    TIM_SelectInputTrigger                   0x0800a7dd   Thumb Code    18  stm32f10x_tim.o(.text)
    TIM_ITRxExternalClockConfig              0x0800a7ef   Thumb Code    24  stm32f10x_tim.o(.text)
    TIM_TIxExternalClockConfig               0x0800a807   Thumb Code    62  stm32f10x_tim.o(.text)
    TIM_ETRConfig                            0x0800a845   Thumb Code    28  stm32f10x_tim.o(.text)
    TIM_ETRClockMode1Config                  0x0800a861   Thumb Code    54  stm32f10x_tim.o(.text)
    TIM_ETRClockMode2Config                  0x0800a897   Thumb Code    32  stm32f10x_tim.o(.text)
    TIM_PrescalerConfig                      0x0800a8b7   Thumb Code     6  stm32f10x_tim.o(.text)
    TIM_CounterModeConfig                    0x0800a8bd   Thumb Code    18  stm32f10x_tim.o(.text)
    TIM_EncoderInterfaceConfig               0x0800a8cf   Thumb Code    66  stm32f10x_tim.o(.text)
    TIM_ForcedOC1Config                      0x0800a911   Thumb Code    18  stm32f10x_tim.o(.text)
    TIM_ForcedOC2Config                      0x0800a923   Thumb Code    26  stm32f10x_tim.o(.text)
    TIM_ForcedOC3Config                      0x0800a93d   Thumb Code    18  stm32f10x_tim.o(.text)
    TIM_ForcedOC4Config                      0x0800a94f   Thumb Code    26  stm32f10x_tim.o(.text)
    TIM_ARRPreloadConfig                     0x0800a969   Thumb Code    24  stm32f10x_tim.o(.text)
    TIM_SelectCOM                            0x0800a981   Thumb Code    24  stm32f10x_tim.o(.text)
    TIM_SelectCCDMA                          0x0800a999   Thumb Code    24  stm32f10x_tim.o(.text)
    TIM_CCPreloadControl                     0x0800a9b1   Thumb Code    24  stm32f10x_tim.o(.text)
    TIM_OC1PreloadConfig                     0x0800a9c9   Thumb Code    18  stm32f10x_tim.o(.text)
    TIM_OC2PreloadConfig                     0x0800a9db   Thumb Code    26  stm32f10x_tim.o(.text)
    TIM_OC3PreloadConfig                     0x0800a9f5   Thumb Code    18  stm32f10x_tim.o(.text)
    TIM_OC4PreloadConfig                     0x0800aa07   Thumb Code    26  stm32f10x_tim.o(.text)
    TIM_OC1FastConfig                        0x0800aa21   Thumb Code    18  stm32f10x_tim.o(.text)
    TIM_OC2FastConfig                        0x0800aa33   Thumb Code    26  stm32f10x_tim.o(.text)
    TIM_OC3FastConfig                        0x0800aa4d   Thumb Code    18  stm32f10x_tim.o(.text)
    TIM_OC4FastConfig                        0x0800aa5f   Thumb Code    26  stm32f10x_tim.o(.text)
    TIM_ClearOC1Ref                          0x0800aa79   Thumb Code    18  stm32f10x_tim.o(.text)
    TIM_ClearOC2Ref                          0x0800aa8b   Thumb Code    24  stm32f10x_tim.o(.text)
    TIM_ClearOC3Ref                          0x0800aaa3   Thumb Code    18  stm32f10x_tim.o(.text)
    TIM_ClearOC4Ref                          0x0800aab5   Thumb Code    24  stm32f10x_tim.o(.text)
    TIM_OC1PolarityConfig                    0x0800aacd   Thumb Code    18  stm32f10x_tim.o(.text)
    TIM_OC1NPolarityConfig                   0x0800aadf   Thumb Code    18  stm32f10x_tim.o(.text)
    TIM_OC2PolarityConfig                    0x0800aaf1   Thumb Code    26  stm32f10x_tim.o(.text)
    TIM_OC2NPolarityConfig                   0x0800ab0b   Thumb Code    26  stm32f10x_tim.o(.text)
    TIM_OC3PolarityConfig                    0x0800ab25   Thumb Code    26  stm32f10x_tim.o(.text)
    TIM_OC3NPolarityConfig                   0x0800ab3f   Thumb Code    26  stm32f10x_tim.o(.text)
    TIM_OC4PolarityConfig                    0x0800ab59   Thumb Code    26  stm32f10x_tim.o(.text)
    TIM_CCxCmd                               0x0800ab73   Thumb Code    30  stm32f10x_tim.o(.text)
    TIM_CCxNCmd                              0x0800ab91   Thumb Code    30  stm32f10x_tim.o(.text)
    TIM_SelectOCxM                           0x0800abaf   Thumb Code    82  stm32f10x_tim.o(.text)
    TIM_UpdateDisableConfig                  0x0800ac01   Thumb Code    24  stm32f10x_tim.o(.text)
    TIM_UpdateRequestConfig                  0x0800ac19   Thumb Code    24  stm32f10x_tim.o(.text)
    TIM_SelectHallSensor                     0x0800ac31   Thumb Code    24  stm32f10x_tim.o(.text)
    TIM_SelectOnePulseMode                   0x0800ac49   Thumb Code    18  stm32f10x_tim.o(.text)
    TIM_SelectOutputTrigger                  0x0800ac5b   Thumb Code    18  stm32f10x_tim.o(.text)
    TIM_SelectSlaveMode                      0x0800ac6d   Thumb Code    18  stm32f10x_tim.o(.text)
    TIM_SelectMasterSlaveMode                0x0800ac7f   Thumb Code    18  stm32f10x_tim.o(.text)
    TIM_SetCounter                           0x0800ac91   Thumb Code     4  stm32f10x_tim.o(.text)
    TIM_SetAutoreload                        0x0800ac95   Thumb Code     4  stm32f10x_tim.o(.text)
    TIM_SetCompare1                          0x0800ac99   Thumb Code     4  stm32f10x_tim.o(.text)
    TIM_SetCompare2                          0x0800ac9d   Thumb Code     4  stm32f10x_tim.o(.text)
    TIM_SetCompare3                          0x0800aca1   Thumb Code     4  stm32f10x_tim.o(.text)
    TIM_SetCompare4                          0x0800aca5   Thumb Code     6  stm32f10x_tim.o(.text)
    TIM_SetClockDivision                     0x0800acab   Thumb Code    18  stm32f10x_tim.o(.text)
    TIM_GetCapture1                          0x0800acbd   Thumb Code     6  stm32f10x_tim.o(.text)
    TIM_GetCapture2                          0x0800acc3   Thumb Code     6  stm32f10x_tim.o(.text)
    TIM_GetCapture3                          0x0800acc9   Thumb Code     6  stm32f10x_tim.o(.text)
    TIM_GetCapture4                          0x0800accf   Thumb Code     8  stm32f10x_tim.o(.text)
    TIM_GetCounter                           0x0800acd7   Thumb Code     6  stm32f10x_tim.o(.text)
    TIM_GetPrescaler                         0x0800acdd   Thumb Code     6  stm32f10x_tim.o(.text)
    TIM_GetFlagStatus                        0x0800ace3   Thumb Code    18  stm32f10x_tim.o(.text)
    TIM_ClearFlag                            0x0800acf5   Thumb Code     6  stm32f10x_tim.o(.text)
    TIM_GetITStatus                          0x0800acfb   Thumb Code    34  stm32f10x_tim.o(.text)
    TIM_ClearITPendingBit                    0x0800ad1d   Thumb Code     6  stm32f10x_tim.o(.text)
    tolower                                  0x0800ad23   Thumb Code    12  tolower.o(.text)
    __aeabi_memcpy                           0x0800ad2f   Thumb Code    36  memcpya.o(.text)
    __aeabi_memcpy4                          0x0800ad2f   Thumb Code     0  memcpya.o(.text)
    __aeabi_memcpy8                          0x0800ad2f   Thumb Code     0  memcpya.o(.text)
    __aeabi_memset                           0x0800ad53   Thumb Code    14  memseta.o(.text)
    __aeabi_memset4                          0x0800ad53   Thumb Code     0  memseta.o(.text)
    __aeabi_memset8                          0x0800ad53   Thumb Code     0  memseta.o(.text)
    __aeabi_memclr                           0x0800ad61   Thumb Code     4  memseta.o(.text)
    __aeabi_memclr4                          0x0800ad61   Thumb Code     0  memseta.o(.text)
    __aeabi_memclr8                          0x0800ad61   Thumb Code     0  memseta.o(.text)
    _memset$wrapper                          0x0800ad65   Thumb Code    18  memseta.o(.text)
    strstr                                   0x0800ad77   Thumb Code    36  strstr.o(.text)
    strlen                                   0x0800ad9b   Thumb Code    14  strlen.o(.text)
    strcmp                                   0x0800ada9   Thumb Code    28  strcmp.o(.text)
    strcpy                                   0x0800adc5   Thumb Code    18  strcpy.o(.text)
    strncmp                                  0x0800add7   Thumb Code    30  strncmp.o(.text)
    __0sscanf                                0x0800adf5   Thumb Code    48  __0sscanf.o(.text)
    _scanf_real                              0x0800af55   Thumb Code     0  scanf_fp.o(.text)
    _scanf_really_real                       0x0800af55   Thumb Code   556  scanf_fp.o(.text)
    atoi                                     0x0800b18d   Thumb Code    26  atoi.o(.text)
    __aeabi_dadd                             0x0800b1a7   Thumb Code   322  dadd.o(.text)
    __aeabi_dsub                             0x0800b2e9   Thumb Code     6  dadd.o(.text)
    __aeabi_drsub                            0x0800b2ef   Thumb Code     6  dadd.o(.text)
    __aeabi_dmul                             0x0800b2f5   Thumb Code   228  dmul.o(.text)
    __aeabi_i2d                              0x0800b3d9   Thumb Code    34  dflti.o(.text)
    __aeabi_ui2d                             0x0800b3fb   Thumb Code    26  dfltui.o(.text)
    __aeabi_d2iz                             0x0800b415   Thumb Code    62  dfixi.o(.text)
    __aeabi_d2uiz                            0x0800b453   Thumb Code    50  dfixui.o(.text)
    __aeabi_f2d                              0x0800b485   Thumb Code    38  f2d.o(.text)
    __aeabi_cdcmpeq                          0x0800b4ad   Thumb Code     0  cdcmple.o(.text)
    __aeabi_cdcmple                          0x0800b4ad   Thumb Code    48  cdcmple.o(.text)
    __aeabi_cdrcmple                         0x0800b4dd   Thumb Code    48  cdrcmple.o(.text)
    __aeabi_uidiv                            0x0800b50d   Thumb Code     0  uidiv.o(.text)
    __aeabi_uidivmod                         0x0800b50d   Thumb Code    44  uidiv.o(.text)
    __aeabi_uldivmod                         0x0800b539   Thumb Code    98  uldiv.o(.text)
    __aeabi_llsl                             0x0800b59b   Thumb Code    30  llshl.o(.text)
    _ll_shift_l                              0x0800b59b   Thumb Code     0  llshl.o(.text)
    __aeabi_llsr                             0x0800b5b9   Thumb Code    32  llushr.o(.text)
    _ll_ushift_r                             0x0800b5b9   Thumb Code     0  llushr.o(.text)
    __aeabi_lasr                             0x0800b5d9   Thumb Code    36  llsshr.o(.text)
    _ll_sshift_r                             0x0800b5d9   Thumb Code     0  llsshr.o(.text)
    __vfscanf_char                           0x0800b609   Thumb Code    20  scanf_char.o(.text)
    _sgetc                                   0x0800b625   Thumb Code    30  _sgetc.o(.text)
    _sbackspace                              0x0800b643   Thumb Code    34  _sgetc.o(.text)
    __strtod_int                             0x0800b69b   Thumb Code    90  strtod.o(.text)
    strtol                                   0x0800b701   Thumb Code   112  strtol.o(.text)
    __I$use$fp                               0x0800b771   Thumb Code     0  iusefp.o(.text)
    _double_round                            0x0800b771   Thumb Code    30  depilogue.o(.text)
    _double_epilogue                         0x0800b78f   Thumb Code   156  depilogue.o(.text)
    __aeabi_ddiv                             0x0800b82b   Thumb Code   222  ddiv.o(.text)
    __aeabi_ul2d                             0x0800b909   Thumb Code    24  dfltul.o(.text)
    __aeabi_d2ulz                            0x0800b921   Thumb Code    48  dfixul.o(.text)
    __aeabi_d2f                              0x0800b951   Thumb Code    56  d2f.o(.text)
    __scatterload                            0x0800b989   Thumb Code    28  init.o(.text)
    __scatterload_rt2                        0x0800b989   Thumb Code     0  init.o(.text)
    __rt_ctype_table                         0x0800b9ad   Thumb Code     4  ctype_o.o(.text)
    isspace                                  0x0800b9b5   Thumb Code    18  isspace_o.o(.text)
    __vfscanf                                0x0800b9c9   Thumb Code   808  _scanf.o(.text)
    _strtoul                                 0x0800bcf5   Thumb Code   158  _strtoul.o(.text)
    _float_round                             0x0800bd93   Thumb Code    18  fepilogue.o(.text)
    _float_epilogue                          0x0800bda5   Thumb Code    92  fepilogue.o(.text)
    _chval                                   0x0800be01   Thumb Code    28  _chval.o(.text)
    __0printf                                0x0800be1d   Thumb Code    22  printfa.o(i.__0printf)
    __1printf                                0x0800be1d   Thumb Code     0  printfa.o(i.__0printf)
    __2printf                                0x0800be1d   Thumb Code     0  printfa.o(i.__0printf)
    __c89printf                              0x0800be1d   Thumb Code     0  printfa.o(i.__0printf)
    printf                                   0x0800be1d   Thumb Code     0  printfa.o(i.__0printf)
    __0sprintf                               0x0800be3d   Thumb Code    34  printfa.o(i.__0sprintf)
    __1sprintf                               0x0800be3d   Thumb Code     0  printfa.o(i.__0sprintf)
    __2sprintf                               0x0800be3d   Thumb Code     0  printfa.o(i.__0sprintf)
    __c89sprintf                             0x0800be3d   Thumb Code     0  printfa.o(i.__0sprintf)
    sprintf                                  0x0800be3d   Thumb Code     0  printfa.o(i.__0sprintf)
    __0vsprintf                              0x0800be65   Thumb Code    30  printfa.o(i.__0vsprintf)
    __1vsprintf                              0x0800be65   Thumb Code     0  printfa.o(i.__0vsprintf)
    __2vsprintf                              0x0800be65   Thumb Code     0  printfa.o(i.__0vsprintf)
    __c89vsprintf                            0x0800be65   Thumb Code     0  printfa.o(i.__0vsprintf)
    vsprintf                                 0x0800be65   Thumb Code     0  printfa.o(i.__0vsprintf)
    __aeabi_errno_addr                       0x0800be89   Thumb Code     4  errno.o(i.__aeabi_errno_addr)
    __rt_errno_addr                          0x0800be89   Thumb Code     0  errno.o(i.__aeabi_errno_addr)
    free                                     0x0800be91   Thumb Code    88  mallocr.o(i.__free$realloc)
    malloc                                   0x0800beed   Thumb Code    64  mallocr.o(i.__malloc$realloc)
    __scatterload_copy                       0x0800bf3d   Thumb Code    14  handlers.o(i.__scatterload_copy)
    __scatterload_null                       0x0800bf4b   Thumb Code     2  handlers.o(i.__scatterload_null)
    __scatterload_zeroinit                   0x0800bf4d   Thumb Code    14  handlers.o(i.__scatterload_zeroinit)
    _is_digit                                0x0800c0e1   Thumb Code    14  scanf_fp.o(i._is_digit)
    realloc                                  0x0800c879   Thumb Code   102  mallocr.o(i.realloc)
    strtod                                   0x0800c8e5   Thumb Code    28  strtod.o(i.strtod)
    asc2_1206                                0x0800c900   Data        1140  lcd.o(.constdata)
    asc2_1608                                0x0800cd74   Data        1520  lcd.o(.constdata)
    asc2_2412                                0x0800d364   Data        3420  lcd.o(.constdata)
    __ctype_table                            0x0800e0c0   Data         129  ctype_o.o(.constdata)
    Region$$Table$$Base                      0x0800e204   Number         0  anon$$obj.o(Region$$Table)
    Region$$Table$$Limit                     0x0800e224   Number         0  anon$$obj.o(Region$$Table)
    GL                                       0x20000000   Data           4  main.o(.data)
    GG                                       0x20000004   Data           4  main.o(.data)
    GZ                                       0x20000008   Data           4  main.o(.data)
    SSID                                     0x2000000c   Data           4  main.o(.data)
    PSWD                                     0x20000010   Data           4  main.o(.data)
    SERVER                                   0x20000014   Data           4  main.o(.data)
    PORT                                     0x20000018   Data           4  main.o(.data)
    Request                                  0x2000001c   Data           4  main.o(.data)
    SystemCoreClock                          0x20000020   Data           4  system_stm32f10x.o(.data)
    AHBPrescTable                            0x20000024   Data          16  system_stm32f10x.o(.data)
    USART2_RX_STA                            0x20000036   Data           2  espuart.o(.data)
    POINT_COLOR                              0x20000038   Data           2  lcd.o(.data)
    BACK_COLOR                               0x2000003a   Data           2  lcd.o(.data)
    Parse_Flag                               0x2000003c   Data           1  timer.o(.data)
    __stdout                                 0x20000058   Data           4  usart.o(.data)
    USART_RX_STA                             0x2000005c   Data           2  usart.o(.data)
    mallco_dev                               0x20000060   Data          20  malloc.o(.data)
    __microlib_freelist                      0x20000088   Data           4  mvars.o(.data)
    __microlib_freelist_initialised          0x2000008c   Data           4  mvars.o(.data)
    USART2_TX_BUF                            0x20000098   Data        1024  espuart.o(.bss)
    USART2_RX_BUF                            0x20000498   Data        1024  espuart.o(.bss)
    lcddev                                   0x20000898   Data          14  lcd.o(.bss)
    USART_RX_BUF                             0x200008b5   Data         200  usart.o(.bss)
    membase                                  0x20000980   Data       35840  malloc.o(.bss)
    memmapbase                               0x20009580   Data        2240  malloc.o(.bss)
    __heap_base                              0x20009e40   Data           0  startup_stm32f10x_hd.o(HEAP)
    __heap_limit                             0x2000ae40   Data           0  startup_stm32f10x_hd.o(HEAP)
    __initial_sp                             0x2000b240   Data           0  startup_stm32f10x_hd.o(STACK)



==============================================================================

Memory Map of the image

  Image Entry point : 0x08000131

  Load Region LR_IROM1 (Base: 0x08000000, Size: 0x0000e2b8, Max: 0x00040000, ABSOLUTE)

    Execution Region ER_IROM1 (Exec base: 0x08000000, Load base: 0x08000000, Size: 0x0000e224, Max: 0x00040000, ABSOLUTE)

    Exec Addr    Load Addr    Size         Type   Attr      Idx    E Section Name        Object

    0x08000000   0x08000000   0x00000130   Data   RO          461    RESET               startup_stm32f10x_hd.o
    0x08000130   0x08000130   0x00000000   Code   RO          556  * .ARM.Collect$$$$00000000  mc_w.l(entry.o)
    0x08000130   0x08000130   0x00000004   Code   RO          892    .ARM.Collect$$$$00000001  mc_w.l(entry2.o)
    0x08000134   0x08000134   0x00000004   Code   RO          895    .ARM.Collect$$$$00000004  mc_w.l(entry5.o)
    0x08000138   0x08000138   0x00000000   Code   RO          897    .ARM.Collect$$$$00000008  mc_w.l(entry7b.o)
    0x08000138   0x08000138   0x00000000   Code   RO          899    .ARM.Collect$$$$0000000A  mc_w.l(entry8b.o)
    0x08000138   0x08000138   0x00000008   Code   RO          900    .ARM.Collect$$$$0000000B  mc_w.l(entry9a.o)
    0x08000140   0x08000140   0x00000000   Code   RO          902    .ARM.Collect$$$$0000000D  mc_w.l(entry10a.o)
    0x08000140   0x08000140   0x00000000   Code   RO          904    .ARM.Collect$$$$0000000F  mc_w.l(entry11a.o)
    0x08000140   0x08000140   0x00000004   Code   RO          893    .ARM.Collect$$$$00002712  mc_w.l(entry2.o)
    0x08000144   0x08000144   0x00000468   Code   RO            1    .text               main.o
    0x080005ac   0x080005ac   0x0000001a   Code   RO          150    .text               stm32f10x_it.o
    0x080005c6   0x080005c6   0x00000002   PAD
    0x080005c8   0x080005c8   0x000001e0   Code   RO          191    .text               system_stm32f10x.o
    0x080007a8   0x080007a8   0x00000050   Code   RO          209    .text               led.o
    0x080007f8   0x080007f8   0x000000fc   Code   RO          221    .text               key.o
    0x080008f4   0x080008f4   0x0000027c   Code   RO          234    .text               espuart.o
    0x08000b70   0x08000b70   0x000007c0   Code   RO          263    .text               wifi.o
    0x08001330   0x08001330   0x00005846   Code   RO          294    .text               lcd.o
    0x08006b76   0x08006b76   0x00000002   PAD
    0x08006b78   0x08006b78   0x000000a0   Code   RO          324    .text               timer.o
    0x08006c18   0x08006c18   0x000020e0   Code   RO          343    .text               cjson.o
    0x08008cf8   0x08008cf8   0x000000d4   Code   RO          375    .text               delay.o
    0x08008dcc   0x08008dcc   0x00000140   Code   RO          406    .text               usart.o
    0x08008f0c   0x08008f0c   0x000001a0   Code   RO          429    .text               malloc.o
    0x080090ac   0x080090ac   0x00000024   Code   RO          462    .text               startup_stm32f10x_hd.o
    0x080090d0   0x080090d0   0x0000035c   Code   RO          466    .text               stm32f10x_gpio.o
    0x0800942c   0x0800942c   0x000003a4   Code   RO          478    .text               stm32f10x_rcc.o
    0x080097d0   0x080097d0   0x00000408   Code   RO          492    .text               stm32f10x_usart.o
    0x08009bd8   0x08009bd8   0x000000dc   Code   RO          504    .text               misc.o
    0x08009cb4   0x08009cb4   0x00000254   Code   RO          516    .text               stm32f10x_dma.o
    0x08009f08   0x08009f08   0x00000e1a   Code   RO          528    .text               stm32f10x_tim.o
    0x0800ad22   0x0800ad22   0x0000000c   Code   RO          559    .text               mc_w.l(tolower.o)
    0x0800ad2e   0x0800ad2e   0x00000024   Code   RO          561    .text               mc_w.l(memcpya.o)
    0x0800ad52   0x0800ad52   0x00000024   Code   RO          563    .text               mc_w.l(memseta.o)
    0x0800ad76   0x0800ad76   0x00000024   Code   RO          565    .text               mc_w.l(strstr.o)
    0x0800ad9a   0x0800ad9a   0x0000000e   Code   RO          567    .text               mc_w.l(strlen.o)
    0x0800ada8   0x0800ada8   0x0000001c   Code   RO          569    .text               mc_w.l(strcmp.o)
    0x0800adc4   0x0800adc4   0x00000012   Code   RO          571    .text               mc_w.l(strcpy.o)
    0x0800add6   0x0800add6   0x0000001e   Code   RO          573    .text               mc_w.l(strncmp.o)
    0x0800adf4   0x0800adf4   0x00000038   Code   RO          866    .text               mc_w.l(__0sscanf.o)
    0x0800ae2c   0x0800ae2c   0x00000360   Code   RO          868    .text               mc_w.l(scanf_fp.o)
    0x0800b18c   0x0800b18c   0x0000001a   Code   RO          872    .text               mc_w.l(atoi.o)
    0x0800b1a6   0x0800b1a6   0x0000014e   Code   RO          874    .text               mf_w.l(dadd.o)
    0x0800b2f4   0x0800b2f4   0x000000e4   Code   RO          876    .text               mf_w.l(dmul.o)
    0x0800b3d8   0x0800b3d8   0x00000022   Code   RO          878    .text               mf_w.l(dflti.o)
    0x0800b3fa   0x0800b3fa   0x0000001a   Code   RO          880    .text               mf_w.l(dfltui.o)
    0x0800b414   0x0800b414   0x0000003e   Code   RO          882    .text               mf_w.l(dfixi.o)
    0x0800b452   0x0800b452   0x00000032   Code   RO          884    .text               mf_w.l(dfixui.o)
    0x0800b484   0x0800b484   0x00000026   Code   RO          886    .text               mf_w.l(f2d.o)
    0x0800b4aa   0x0800b4aa   0x00000002   PAD
    0x0800b4ac   0x0800b4ac   0x00000030   Code   RO          888    .text               mf_w.l(cdcmple.o)
    0x0800b4dc   0x0800b4dc   0x00000030   Code   RO          890    .text               mf_w.l(cdrcmple.o)
    0x0800b50c   0x0800b50c   0x0000002c   Code   RO          906    .text               mc_w.l(uidiv.o)
    0x0800b538   0x0800b538   0x00000062   Code   RO          908    .text               mc_w.l(uldiv.o)
    0x0800b59a   0x0800b59a   0x0000001e   Code   RO          910    .text               mc_w.l(llshl.o)
    0x0800b5b8   0x0800b5b8   0x00000020   Code   RO          912    .text               mc_w.l(llushr.o)
    0x0800b5d8   0x0800b5d8   0x00000024   Code   RO          914    .text               mc_w.l(llsshr.o)
    0x0800b5fc   0x0800b5fc   0x00000028   Code   RO          925    .text               mc_w.l(scanf_char.o)
    0x0800b624   0x0800b624   0x00000040   Code   RO          927    .text               mc_w.l(_sgetc.o)
    0x0800b664   0x0800b664   0x0000009c   Code   RO          929    .text               mc_w.l(strtod.o)
    0x0800b700   0x0800b700   0x00000070   Code   RO          931    .text               mc_w.l(strtol.o)
    0x0800b770   0x0800b770   0x00000000   Code   RO          933    .text               mc_w.l(iusefp.o)
    0x0800b770   0x0800b770   0x000000ba   Code   RO          934    .text               mf_w.l(depilogue.o)
    0x0800b82a   0x0800b82a   0x000000de   Code   RO          936    .text               mf_w.l(ddiv.o)
    0x0800b908   0x0800b908   0x00000018   Code   RO          938    .text               mf_w.l(dfltul.o)
    0x0800b920   0x0800b920   0x00000030   Code   RO          940    .text               mf_w.l(dfixul.o)
    0x0800b950   0x0800b950   0x00000038   Code   RO          942    .text               mf_w.l(d2f.o)
    0x0800b988   0x0800b988   0x00000024   Code   RO          944    .text               mc_w.l(init.o)
    0x0800b9ac   0x0800b9ac   0x00000008   Code   RO          948    .text               mc_w.l(ctype_o.o)
    0x0800b9b4   0x0800b9b4   0x00000012   Code   RO          970    .text               mc_w.l(isspace_o.o)
    0x0800b9c6   0x0800b9c6   0x00000002   PAD
    0x0800b9c8   0x0800b9c8   0x0000032c   Code   RO          976    .text               mc_w.l(_scanf.o)
    0x0800bcf4   0x0800bcf4   0x0000009e   Code   RO          978    .text               mc_w.l(_strtoul.o)
    0x0800bd92   0x0800bd92   0x0000006e   Code   RO          980    .text               mf_w.l(fepilogue.o)
    0x0800be00   0x0800be00   0x0000001c   Code   RO          985    .text               mc_w.l(_chval.o)
    0x0800be1c   0x0800be1c   0x00000020   Code   RO          810    i.__0printf         mc_w.l(printfa.o)
    0x0800be3c   0x0800be3c   0x00000028   Code   RO          812    i.__0sprintf        mc_w.l(printfa.o)
    0x0800be64   0x0800be64   0x00000024   Code   RO          816    i.__0vsprintf       mc_w.l(printfa.o)
    0x0800be88   0x0800be88   0x00000008   Code   RO          918    i.__aeabi_errno_addr  mc_w.l(errno.o)
    0x0800be90   0x0800be90   0x0000005c   Code   RO          842    i.__free$realloc    mc_w.l(mallocr.o)
    0x0800beec   0x0800beec   0x00000050   Code   RO          843    i.__malloc$realloc  mc_w.l(mallocr.o)
    0x0800bf3c   0x0800bf3c   0x0000000e   Code   RO          989    i.__scatterload_copy  mc_w.l(handlers.o)
    0x0800bf4a   0x0800bf4a   0x00000002   Code   RO          990    i.__scatterload_null  mc_w.l(handlers.o)
    0x0800bf4c   0x0800bf4c   0x0000000e   Code   RO          991    i.__scatterload_zeroinit  mc_w.l(handlers.o)
    0x0800bf5a   0x0800bf5a   0x00000002   PAD
    0x0800bf5c   0x0800bf5c   0x00000184   Code   RO          817    i._fp_digits        mc_w.l(printfa.o)
    0x0800c0e0   0x0800c0e0   0x0000000e   Code   RO          870    i._is_digit         mc_w.l(scanf_fp.o)
    0x0800c0ee   0x0800c0ee   0x00000002   PAD
    0x0800c0f0   0x0800c0f0   0x000006dc   Code   RO          818    i._printf_core      mc_w.l(printfa.o)
    0x0800c7cc   0x0800c7cc   0x00000024   Code   RO          819    i._printf_post_padding  mc_w.l(printfa.o)
    0x0800c7f0   0x0800c7f0   0x0000002e   Code   RO          820    i._printf_pre_padding  mc_w.l(printfa.o)
    0x0800c81e   0x0800c81e   0x0000000a   Code   RO          822    i._sputc            mc_w.l(printfa.o)
    0x0800c828   0x0800c828   0x00000050   Code   RO          844    i.internal_alloc    mc_w.l(mallocr.o)
    0x0800c878   0x0800c878   0x0000006c   Code   RO          845    i.realloc           mc_w.l(mallocr.o)
    0x0800c8e4   0x0800c8e4   0x0000001c   Code   RO          553    i.strtod            m_ws.l(strtod.o)
    0x0800c900   0x0800c900   0x000017c0   Data   RO          296    .constdata          lcd.o
    0x0800e0c0   0x0800e0c0   0x00000081   Data   RO          949    .constdata          mc_w.l(ctype_o.o)
    0x0800e141   0x0800e141   0x00000003   PAD
    0x0800e144   0x0800e144   0x00000004   Data   RO          950    .constdata          mc_w.l(ctype_o.o)
    0x0800e148   0x0800e148   0x000000ba   Data   RO            2    .conststring        main.o
    0x0800e202   0x0800e202   0x00000002   PAD
    0x0800e204   0x0800e204   0x00000020   Data   RO          987    Region$$Table       anon$$obj.o


    Execution Region RW_IRAM1 (Exec base: 0x20000000, Load base: 0x0800e224, Size: 0x0000b240, Max: 0x0000c000, ABSOLUTE)

    Exec Addr    Load Addr    Size         Type   Attr      Idx    E Section Name        Object

    0x20000000   0x0800e224   0x00000020   Data   RW            3    .data               main.o
    0x20000020   0x0800e244   0x00000014   Data   RW          192    .data               system_stm32f10x.o
    0x20000034   0x0800e258   0x00000001   Data   RW          222    .data               key.o
    0x20000035   0x0800e259   0x00000001   PAD
    0x20000036   0x0800e25a   0x00000002   Data   RW          236    .data               espuart.o
    0x20000038   0x0800e25c   0x00000004   Data   RW          297    .data               lcd.o
    0x2000003c   0x0800e260   0x00000001   Data   RW          325    .data               timer.o
    0x2000003d   0x0800e261   0x00000003   PAD
    0x20000040   0x0800e264   0x00000014   Data   RW          345    .data               cjson.o
    0x20000054   0x0800e278   0x00000004   Data   RW          376    .data               delay.o
    0x20000058   0x0800e27c   0x00000006   Data   RW          408    .data               usart.o
    0x2000005e   0x0800e282   0x00000002   PAD
    0x20000060   0x0800e284   0x00000014   Data   RW          432    .data               malloc.o
    0x20000074   0x0800e298   0x00000014   Data   RW          479    .data               stm32f10x_rcc.o
    0x20000088   0x0800e2ac   0x00000004   Data   RW          916    .data               mc_w.l(mvars.o)
    0x2000008c   0x0800e2b0   0x00000004   Data   RW          917    .data               mc_w.l(mvars.o)
    0x20000090   0x0800e2b4   0x00000004   Data   RW          921    .data               mc_w.l(errno.o)
    0x20000094   0x0800e2b8   0x00000004   PAD
    0x20000098        -       0x00000800   Zero   RW          235    .bss                espuart.o
    0x20000898        -       0x0000000e   Zero   RW          295    .bss                lcd.o
    0x200008a6        -       0x0000000f   Zero   RW          344    .bss                cjson.o
    0x200008b5        -       0x000000c8   Zero   RW          407    .bss                usart.o
    0x2000097d   0x0800e2b8   0x00000003   PAD
    0x20000980        -       0x000094c0   Zero   RW          430    .bss                malloc.o
    0x20009e40        -       0x00001000   Zero   RW          460    HEAP                startup_stm32f10x_hd.o
    0x2000ae40        -       0x00000400   Zero   RW          459    STACK               startup_stm32f10x_hd.o


==============================================================================

Image component sizes


      Code (inc. data)   RO Data    RW Data    ZI Data      Debug   Object Name

      8416        168          0         20         15      38538   cjson.o
       212         18          0          4          0       1039   delay.o
       636         30          0          2       2048       3729   espuart.o
       252         16          0          1          0        836   key.o
     22598        208       6080          4         14      24995   lcd.o
        80          8          0          0          0        495   led.o
      1128        384        186         32          0     264809   main.o
       416          6          0         20      38080       3977   malloc.o
       220         22          0          0          0       1793   misc.o
        36          8        304          0       5120        792   startup_stm32f10x_hd.o
       596          8          0          0          0       4358   stm32f10x_dma.o
       860         38          0          0          0       5729   stm32f10x_gpio.o
        26          0          0          0          0       1178   stm32f10x_it.o
       932         36          0         20          0       8908   stm32f10x_rcc.o
      3610         88          0          0          0      22836   stm32f10x_tim.o
      1032         22          0          0          0       8452   stm32f10x_usart.o
         0          0          0          0          0         32   sys.o
       480         38          0         20          0       1731   system_stm32f10x.o
       160         12          0          1          0       1033   timer.o
       320         16          0          6        200       3170   usart.o
      1984        778          0          0          0       6652   wifi.o

    ----------------------------------------------------------------------
     43998       1904       6604        136      45480     405082   Object Totals
         0          0         32          0          0          0   (incl. Generated)
         4          0          2          6          3          0   (incl. Padding)

    ----------------------------------------------------------------------

      Code (inc. data)   RO Data    RW Data    ZI Data      Debug   Library Member Name

        28          0          0          0          0         80   strtod.o
        56          8          0          0          0         84   __0sscanf.o
        28          0          0          0          0         68   _chval.o
       812          4          0          0          0        112   _scanf.o
        64          0          0          0          0         84   _sgetc.o
       158          0          0          0          0         92   _strtoul.o
        26          0          0          0          0         80   atoi.o
         8          4        133          0          0         68   ctype_o.o
         0          0          0          0          0          0   entry.o
         0          0          0          0          0          0   entry10a.o
         0          0          0          0          0          0   entry11a.o
         8          4          0          0          0          0   entry2.o
         4          0          0          0          0          0   entry5.o
         0          0          0          0          0          0   entry7b.o
         0          0          0          0          0          0   entry8b.o
         8          4          0          0          0          0   entry9a.o
         8          4          0          4          0         68   errno.o
        30          0          0          0          0          0   handlers.o
        36          8          0          0          0         68   init.o
        18          0          0          0          0         76   isspace_o.o
         0          0          0          0          0          0   iusefp.o
        30          0          0          0          0         68   llshl.o
        36          0          0          0          0         68   llsshr.o
        32          0          0          0          0         68   llushr.o
       360         30          0          0          0        356   mallocr.o
        36          0          0          0          0         68   memcpya.o
        36          0          0          0          0        108   memseta.o
         0          0          0          8          0          0   mvars.o
      2344        102          0          0          0        684   printfa.o
        40          8          0          0          0         84   scanf_char.o
       878         12          0          0          0        216   scanf_fp.o
        28          0          0          0          0         76   strcmp.o
        18          0          0          0          0         68   strcpy.o
        14          0          0          0          0         68   strlen.o
        30          0          0          0          0         80   strncmp.o
        36          0          0          0          0         80   strstr.o
       156         12          0          0          0        120   strtod.o
       112          0          0          0          0         88   strtol.o
        12          0          0          0          0         68   tolower.o
        44          0          0          0          0         80   uidiv.o
        98          0          0          0          0         92   uldiv.o
        48          0          0          0          0         68   cdcmple.o
        48          0          0          0          0         68   cdrcmple.o
        56          0          0          0          0         88   d2f.o
       334          0          0          0          0        148   dadd.o
       222          0          0          0          0        100   ddiv.o
       186          0          0          0          0        176   depilogue.o
        62          0          0          0          0         80   dfixi.o
        50          0          0          0          0         76   dfixui.o
        48          0          0          0          0         68   dfixul.o
        34          0          0          0          0         76   dflti.o
        26          0          0          0          0         76   dfltui.o
        24          0          0          0          0         76   dfltul.o
       228          0          0          0          0         96   dmul.o
        38          0          0          0          0         68   f2d.o
       110          0          0          0          0        168   fepilogue.o

    ----------------------------------------------------------------------
      7154        200        136         12          4       4852   Library Totals
         8          0          3          0          4          0   (incl. Padding)

    ----------------------------------------------------------------------

      Code (inc. data)   RO Data    RW Data    ZI Data      Debug   Library Name

        28          0          0          0          0         80   m_ws.l
      5604        200        133         12          0       3340   mc_w.l
      1514          0          0          0          0       1432   mf_w.l

    ----------------------------------------------------------------------
      7154        200        136         12          4       4852   Library Totals

    ----------------------------------------------------------------------

==============================================================================


      Code (inc. data)   RO Data    RW Data    ZI Data      Debug   

     51152       2104       6740        148      45484     405770   Grand Totals
     51152       2104       6740        148      45484     405770   ELF Image Totals
     51152       2104       6740        148          0          0   ROM Totals

==============================================================================

    Total RO  Size (Code + RO Data)                57892 (  56.54kB)
    Total RW  Size (RW Data + ZI Data)             45632 (  44.56kB)
    Total ROM Size (Code + RO Data + RW Data)      58040 (  56.68kB)

==============================================================================

