<!doctype html public "-//w3c//dtd html 4.0 transitional//en">
<html><head>
<title>Static Call Graph - [..\OBJ\MALLOC.axf]</title></head>
<body><HR>
<H1>Static Call Graph for image ..\OBJ\MALLOC.axf</H1><HR>
<BR><P>#&#060CALLGRAPH&#062# ARM Linker, 5060750: Last Updated: Thu Feb 06 19:45:20 2020
<BR><P>
<H3>Maximum Stack Usage =        464 bytes + Unknown(Functions without stacksize, Cycles, Untraceable Function Pointers)</H3><H3>
Call chain for Maximum Stack Depth:</H3>
parse_task &rArr; cJSON_Parse_Weather &rArr; cJSON_Parse &rArr; cJSON_ParseWithOpts &rArr; parse_value &rArr; parse_number &rArr; strtod &rArr; __strtod_int &rArr; _local_sscanf &rArr; _scanf_real
<P>
<H3>
Functions with no stack information
</H3><UL>
 <LI><a href="#[306]">CPU_IntDis</a>
 <LI><a href="#[307]">CPU_IntEn</a>
 <LI><a href="#[72]">CPU_SR_Save</a>
 <LI><a href="#[73]">CPU_SR_Restore</a>
 <LI><a href="#[308]">CPU_WaitForInt</a>
 <LI><a href="#[309]">CPU_WaitForExcept</a>
 <LI><a href="#[17b]">CPU_CntLeadZeros</a>
 <LI><a href="#[17f]">CPU_CntTrailZeros</a>
 <LI><a href="#[30a]">CPU_RevBits</a>
 <LI><a href="#[188]">Mem_Copy</a>
 <LI><a href="#[1cb]">OSStartHighRdy</a>
 <LI><a href="#[d]">PendSV_Handler</a>
</UL>
</UL>
<P>
<H3>
Mutually Recursive functions
</H3> <LI><a href="#[fa]">parse_array</a>&nbsp;&nbsp;&nbsp;&rArr;&nbsp;&nbsp;&nbsp;<a href="#[f9]">parse_value</a><BR>
 <LI><a href="#[ba]">cJSON_Delete</a>&nbsp;&nbsp;&nbsp;&rArr;&nbsp;&nbsp;&nbsp;<a href="#[ba]">cJSON_Delete</a><BR>
 <LI><a href="#[f7]">parse_object</a>&nbsp;&nbsp;&nbsp;&rArr;&nbsp;&nbsp;&nbsp;<a href="#[f9]">parse_value</a><BR>
 <LI><a href="#[21]">ADC1_2_IRQHandler</a>&nbsp;&nbsp;&nbsp;&rArr;&nbsp;&nbsp;&nbsp;<a href="#[21]">ADC1_2_IRQHandler</a><BR>
</UL>
<P>
<H3>
Function Pointers
</H3><UL>
 <LI><a href="#[21]">ADC1_2_IRQHandler</a> from startup_stm32f10x_hd.o(.text) referenced from startup_stm32f10x_hd.o(RESET)
 <LI><a href="#[3e]">ADC3_IRQHandler</a> from startup_stm32f10x_hd.o(.text) referenced from startup_stm32f10x_hd.o(RESET)
 <LI><a href="#[9]">BusFault_Handler</a> from stm32f10x_it.o(.text) referenced from startup_stm32f10x_hd.o(RESET)
 <LI><a href="#[24]">CAN1_RX1_IRQHandler</a> from startup_stm32f10x_hd.o(.text) referenced from startup_stm32f10x_hd.o(RESET)
 <LI><a href="#[25]">CAN1_SCE_IRQHandler</a> from startup_stm32f10x_hd.o(.text) referenced from startup_stm32f10x_hd.o(RESET)
 <LI><a href="#[1a]">DMA1_Channel1_IRQHandler</a> from startup_stm32f10x_hd.o(.text) referenced from startup_stm32f10x_hd.o(RESET)
 <LI><a href="#[1b]">DMA1_Channel2_IRQHandler</a> from startup_stm32f10x_hd.o(.text) referenced from startup_stm32f10x_hd.o(RESET)
 <LI><a href="#[1c]">DMA1_Channel3_IRQHandler</a> from startup_stm32f10x_hd.o(.text) referenced from startup_stm32f10x_hd.o(RESET)
 <LI><a href="#[1d]">DMA1_Channel4_IRQHandler</a> from startup_stm32f10x_hd.o(.text) referenced from startup_stm32f10x_hd.o(RESET)
 <LI><a href="#[1e]">DMA1_Channel5_IRQHandler</a> from startup_stm32f10x_hd.o(.text) referenced from startup_stm32f10x_hd.o(RESET)
 <LI><a href="#[1f]">DMA1_Channel6_IRQHandler</a> from startup_stm32f10x_hd.o(.text) referenced from startup_stm32f10x_hd.o(RESET)
 <LI><a href="#[20]">DMA1_Channel7_IRQHandler</a> from startup_stm32f10x_hd.o(.text) referenced from startup_stm32f10x_hd.o(RESET)
 <LI><a href="#[47]">DMA2_Channel1_IRQHandler</a> from startup_stm32f10x_hd.o(.text) referenced from startup_stm32f10x_hd.o(RESET)
 <LI><a href="#[48]">DMA2_Channel2_IRQHandler</a> from startup_stm32f10x_hd.o(.text) referenced from startup_stm32f10x_hd.o(RESET)
 <LI><a href="#[49]">DMA2_Channel3_IRQHandler</a> from startup_stm32f10x_hd.o(.text) referenced from startup_stm32f10x_hd.o(RESET)
 <LI><a href="#[4a]">DMA2_Channel4_5_IRQHandler</a> from startup_stm32f10x_hd.o(.text) referenced from startup_stm32f10x_hd.o(RESET)
 <LI><a href="#[c]">DebugMon_Handler</a> from stm32f10x_it.o(.text) referenced from startup_stm32f10x_hd.o(RESET)
 <LI><a href="#[15]">EXTI0_IRQHandler</a> from startup_stm32f10x_hd.o(.text) referenced from startup_stm32f10x_hd.o(RESET)
 <LI><a href="#[37]">EXTI15_10_IRQHandler</a> from startup_stm32f10x_hd.o(.text) referenced from startup_stm32f10x_hd.o(RESET)
 <LI><a href="#[16]">EXTI1_IRQHandler</a> from startup_stm32f10x_hd.o(.text) referenced from startup_stm32f10x_hd.o(RESET)
 <LI><a href="#[17]">EXTI2_IRQHandler</a> from startup_stm32f10x_hd.o(.text) referenced from startup_stm32f10x_hd.o(RESET)
 <LI><a href="#[18]">EXTI3_IRQHandler</a> from startup_stm32f10x_hd.o(.text) referenced from startup_stm32f10x_hd.o(RESET)
 <LI><a href="#[19]">EXTI4_IRQHandler</a> from startup_stm32f10x_hd.o(.text) referenced from startup_stm32f10x_hd.o(RESET)
 <LI><a href="#[26]">EXTI9_5_IRQHandler</a> from startup_stm32f10x_hd.o(.text) referenced from startup_stm32f10x_hd.o(RESET)
 <LI><a href="#[13]">FLASH_IRQHandler</a> from startup_stm32f10x_hd.o(.text) referenced from startup_stm32f10x_hd.o(RESET)
 <LI><a href="#[3f]">FSMC_IRQHandler</a> from startup_stm32f10x_hd.o(.text) referenced from startup_stm32f10x_hd.o(RESET)
 <LI><a href="#[6a]">HTTP_timer_callback</a> from main.o(.text) referenced from main.o(.text)
 <LI><a href="#[7]">HardFault_Handler</a> from stm32f10x_it.o(.text) referenced from startup_stm32f10x_hd.o(RESET)
 <LI><a href="#[2f]">I2C1_ER_IRQHandler</a> from startup_stm32f10x_hd.o(.text) referenced from startup_stm32f10x_hd.o(RESET)
 <LI><a href="#[2e]">I2C1_EV_IRQHandler</a> from startup_stm32f10x_hd.o(.text) referenced from startup_stm32f10x_hd.o(RESET)
 <LI><a href="#[31]">I2C2_ER_IRQHandler</a> from startup_stm32f10x_hd.o(.text) referenced from startup_stm32f10x_hd.o(RESET)
 <LI><a href="#[30]">I2C2_EV_IRQHandler</a> from startup_stm32f10x_hd.o(.text) referenced from startup_stm32f10x_hd.o(RESET)
 <LI><a href="#[8]">MemManage_Handler</a> from stm32f10x_it.o(.text) referenced from startup_stm32f10x_hd.o(RESET)
 <LI><a href="#[6]">NMI_Handler</a> from stm32f10x_it.o(.text) referenced from startup_stm32f10x_hd.o(RESET)
 <LI><a href="#[53]">OSTaskSwHook</a> from os_cpu_c.o(.text) referenced from os_cpu_a.o(CODE)
 <LI><a href="#[1b2]">OS_IdleTask</a> from os_core.o(.text) referenced from os_core.o(.text)
 <LI><a href="#[1fa]">OS_IntQTask</a> from os_int.o(.text) referenced from os_int.o(.text)
 <LI><a href="#[220]">OS_StatTask</a> from os_stat.o(.text) referenced from os_stat.o(.text)
 <LI><a href="#[4e]">OS_TaskReturn</a> from os_task.o(.text) referenced from os_cpu_c.o(.text)
 <LI><a href="#[238]">OS_TickTask</a> from os_tick.o(.text) referenced from os_tick.o(.text)
 <LI><a href="#[246]">OS_TmrTask</a> from os_tmr.o(.text) referenced from os_tmr.o(.text)
 <LI><a href="#[10]">PVD_IRQHandler</a> from startup_stm32f10x_hd.o(.text) referenced from startup_stm32f10x_hd.o(RESET)
 <LI><a href="#[d]">PendSV_Handler</a> from os_cpu_a.o(CODE) referenced from startup_stm32f10x_hd.o(RESET)
 <LI><a href="#[14]">RCC_IRQHandler</a> from startup_stm32f10x_hd.o(.text) referenced from startup_stm32f10x_hd.o(RESET)
 <LI><a href="#[38]">RTCAlarm_IRQHandler</a> from startup_stm32f10x_hd.o(.text) referenced from startup_stm32f10x_hd.o(RESET)
 <LI><a href="#[12]">RTC_IRQHandler</a> from startup_stm32f10x_hd.o(.text) referenced from startup_stm32f10x_hd.o(RESET)
 <LI><a href="#[5]">Reset_Handler</a> from startup_stm32f10x_hd.o(.text) referenced from startup_stm32f10x_hd.o(RESET)
 <LI><a href="#[40]">SDIO_IRQHandler</a> from startup_stm32f10x_hd.o(.text) referenced from startup_stm32f10x_hd.o(RESET)
 <LI><a href="#[32]">SPI1_IRQHandler</a> from startup_stm32f10x_hd.o(.text) referenced from startup_stm32f10x_hd.o(RESET)
 <LI><a href="#[33]">SPI2_IRQHandler</a> from startup_stm32f10x_hd.o(.text) referenced from startup_stm32f10x_hd.o(RESET)
 <LI><a href="#[42]">SPI3_IRQHandler</a> from startup_stm32f10x_hd.o(.text) referenced from startup_stm32f10x_hd.o(RESET)
 <LI><a href="#[b]">SVC_Handler</a> from stm32f10x_it.o(.text) referenced from startup_stm32f10x_hd.o(RESET)
 <LI><a href="#[e]">SysTick_Handler</a> from delay.o(.text) referenced from startup_stm32f10x_hd.o(RESET)
 <LI><a href="#[4c]">SystemInit</a> from system_stm32f10x.o(.text) referenced from startup_stm32f10x_hd.o(.text)
 <LI><a href="#[11]">TAMPER_IRQHandler</a> from startup_stm32f10x_hd.o(.text) referenced from startup_stm32f10x_hd.o(RESET)
 <LI><a href="#[27]">TIM1_BRK_IRQHandler</a> from startup_stm32f10x_hd.o(.text) referenced from startup_stm32f10x_hd.o(RESET)
 <LI><a href="#[2a]">TIM1_CC_IRQHandler</a> from startup_stm32f10x_hd.o(.text) referenced from startup_stm32f10x_hd.o(RESET)
 <LI><a href="#[29]">TIM1_TRG_COM_IRQHandler</a> from startup_stm32f10x_hd.o(.text) referenced from startup_stm32f10x_hd.o(RESET)
 <LI><a href="#[28]">TIM1_UP_IRQHandler</a> from startup_stm32f10x_hd.o(.text) referenced from startup_stm32f10x_hd.o(RESET)
 <LI><a href="#[2b]">TIM2_IRQHandler</a> from startup_stm32f10x_hd.o(.text) referenced from startup_stm32f10x_hd.o(RESET)
 <LI><a href="#[2c]">TIM3_IRQHandler</a> from startup_stm32f10x_hd.o(.text) referenced from startup_stm32f10x_hd.o(RESET)
 <LI><a href="#[2d]">TIM4_IRQHandler</a> from espuart.o(.text) referenced from startup_stm32f10x_hd.o(RESET)
 <LI><a href="#[41]">TIM5_IRQHandler</a> from startup_stm32f10x_hd.o(.text) referenced from startup_stm32f10x_hd.o(RESET)
 <LI><a href="#[45]">TIM6_IRQHandler</a> from startup_stm32f10x_hd.o(.text) referenced from startup_stm32f10x_hd.o(RESET)
 <LI><a href="#[46]">TIM7_IRQHandler</a> from startup_stm32f10x_hd.o(.text) referenced from startup_stm32f10x_hd.o(RESET)
 <LI><a href="#[3a]">TIM8_BRK_IRQHandler</a> from startup_stm32f10x_hd.o(.text) referenced from startup_stm32f10x_hd.o(RESET)
 <LI><a href="#[3d]">TIM8_CC_IRQHandler</a> from startup_stm32f10x_hd.o(.text) referenced from startup_stm32f10x_hd.o(RESET)
 <LI><a href="#[3c]">TIM8_TRG_COM_IRQHandler</a> from startup_stm32f10x_hd.o(.text) referenced from startup_stm32f10x_hd.o(RESET)
 <LI><a href="#[3b]">TIM8_UP_IRQHandler</a> from startup_stm32f10x_hd.o(.text) referenced from startup_stm32f10x_hd.o(RESET)
 <LI><a href="#[43]">UART4_IRQHandler</a> from startup_stm32f10x_hd.o(.text) referenced from startup_stm32f10x_hd.o(RESET)
 <LI><a href="#[44]">UART5_IRQHandler</a> from startup_stm32f10x_hd.o(.text) referenced from startup_stm32f10x_hd.o(RESET)
 <LI><a href="#[34]">USART1_IRQHandler</a> from usart.o(.text) referenced from startup_stm32f10x_hd.o(RESET)
 <LI><a href="#[35]">USART2_IRQHandler</a> from espuart.o(.text) referenced from startup_stm32f10x_hd.o(RESET)
 <LI><a href="#[36]">USART3_IRQHandler</a> from startup_stm32f10x_hd.o(.text) referenced from startup_stm32f10x_hd.o(RESET)
 <LI><a href="#[39]">USBWakeUp_IRQHandler</a> from startup_stm32f10x_hd.o(.text) referenced from startup_stm32f10x_hd.o(RESET)
 <LI><a href="#[22]">USB_HP_CAN1_TX_IRQHandler</a> from startup_stm32f10x_hd.o(.text) referenced from startup_stm32f10x_hd.o(RESET)
 <LI><a href="#[23]">USB_LP_CAN1_RX0_IRQHandler</a> from startup_stm32f10x_hd.o(.text) referenced from startup_stm32f10x_hd.o(RESET)
 <LI><a href="#[a]">UsageFault_Handler</a> from stm32f10x_it.o(.text) referenced from startup_stm32f10x_hd.o(RESET)
 <LI><a href="#[f]">WWDG_IRQHandler</a> from startup_stm32f10x_hd.o(.text) referenced from startup_stm32f10x_hd.o(RESET)
 <LI><a href="#[4d]">__main</a> from entry.o(.ARM.Collect$$$$00000000) referenced from startup_stm32f10x_hd.o(.text)
 <LI><a href="#[50]">_sbackspace</a> from _sgetc.o(.text) referenced 2 times from __0sscanf.o(.text)
 <LI><a href="#[51]">_scanf_char_input</a> from scanf_char.o(.text) referenced from scanf_char.o(.text)
 <LI><a href="#[4f]">_sgetc</a> from _sgetc.o(.text) referenced 2 times from __0sscanf.o(.text)
 <LI><a href="#[55]">_sputc</a> from printfa.o(i._sputc) referenced from printfa.o(i.__0sprintf)
 <LI><a href="#[55]">_sputc</a> from printfa.o(i._sputc) referenced from printfa.o(i.__0vsprintf)
 <LI><a href="#[54]">fputc</a> from usart.o(.text) referenced from printfa.o(i.__0printf)
 <LI><a href="#[1]">free</a> from mallocr.o(i.__free$realloc) referenced 2 times from cjson.o(.data)
 <LI><a href="#[1]">free</a> from mallocr.o(i.__free$realloc) referenced from cjson.o(.text)
 <LI><a href="#[62]">fy_task</a> from main.o(.text) referenced from main.o(.text)
 <LI><a href="#[52]">isspace</a> from isspace_o.o(.text) referenced 2 times from scanf_char.o(.text)
 <LI><a href="#[58]">key_task</a> from main.o(.text) referenced from main.o(.text)
 <LI><a href="#[4b]">main</a> from main.o(.text) referenced from entry9a.o(.ARM.Collect$$$$0000000B)
 <LI><a href="#[0]">malloc</a> from mallocr.o(i.__malloc$realloc) referenced 2 times from cjson.o(.data)
 <LI><a href="#[0]">malloc</a> from mallocr.o(i.__malloc$realloc) referenced from cjson.o(.text)
 <LI><a href="#[3]">mem_init</a> from malloc.o(.text) referenced 2 times from malloc.o(.data)
 <LI><a href="#[4]">mem_perused</a> from malloc.o(.text) referenced 2 times from malloc.o(.data)
 <LI><a href="#[67]">parse_task</a> from main.o(.text) referenced from main.o(.text)
 <LI><a href="#[2]">realloc</a> from mallocr.o(i.realloc) referenced 2 times from cjson.o(.data)
 <LI><a href="#[2]">realloc</a> from mallocr.o(i.realloc) referenced from cjson.o(.text)
 <LI><a href="#[6d]">start_task</a> from main.o(.text) referenced from main.o(.text)
</UL>
<P>
<H3>
Global Symbols
</H3>
<P><STRONG><a name="[4d]"></a>__main</STRONG> (Thumb, 0 bytes, Stack size unknown bytes, entry.o(.ARM.Collect$$$$00000000))
<BR>[Address Reference Count : 1]<UL><LI> startup_stm32f10x_hd.o(.text)
</UL>
<P><STRONG><a name="[26e]"></a>_main_stk</STRONG> (Thumb, 0 bytes, Stack size unknown bytes, entry2.o(.ARM.Collect$$$$00000001))

<P><STRONG><a name="[56]"></a>_main_scatterload</STRONG> (Thumb, 0 bytes, Stack size unknown bytes, entry5.o(.ARM.Collect$$$$00000004))
<BR><BR>[Calls]<UL><LI><a href="#[57]">&gt;&gt;</a>&nbsp;&nbsp;&nbsp;__scatterload
</UL>

<P><STRONG><a name="[263]"></a>__main_after_scatterload</STRONG> (Thumb, 0 bytes, Stack size unknown bytes, entry5.o(.ARM.Collect$$$$00000004))
<BR><BR>[Called By]<UL><LI><a href="#[57]">&gt;&gt;</a>&nbsp;&nbsp;&nbsp;__scatterload
</UL>

<P><STRONG><a name="[26f]"></a>_main_clock</STRONG> (Thumb, 0 bytes, Stack size unknown bytes, entry7b.o(.ARM.Collect$$$$00000008))

<P><STRONG><a name="[270]"></a>_main_cpp_init</STRONG> (Thumb, 0 bytes, Stack size unknown bytes, entry8b.o(.ARM.Collect$$$$0000000A))

<P><STRONG><a name="[271]"></a>_main_init</STRONG> (Thumb, 0 bytes, Stack size unknown bytes, entry9a.o(.ARM.Collect$$$$0000000B))

<P><STRONG><a name="[272]"></a>__rt_final_cpp</STRONG> (Thumb, 0 bytes, Stack size unknown bytes, entry10a.o(.ARM.Collect$$$$0000000D))

<P><STRONG><a name="[273]"></a>__rt_final_exit</STRONG> (Thumb, 0 bytes, Stack size unknown bytes, entry11a.o(.ARM.Collect$$$$0000000F))

<P><STRONG><a name="[58]"></a>key_task</STRONG> (Thumb, 444 bytes, Stack size 24 bytes, main.o(.text))
<BR><BR>[Stack]<UL><LI>Max Depth = 224 + Unknown Stack Size
<LI>Call Chain = key_task &rArr; Connect_TCP_Server &rArr; Connect_AP &rArr; get_IP_Addr &rArr; wifi_send_ATcmd &rArr; delay_ms &rArr; delay_us &rArr; delay_osschedunlock &rArr; OSSchedUnlock &rArr; OSSched &rArr; OS_PrioGetHighest
</UL>
<BR>[Calls]<UL><LI><a href="#[5c]">&gt;&gt;</a>&nbsp;&nbsp;&nbsp;mymalloc
<LI><a href="#[60]">&gt;&gt;</a>&nbsp;&nbsp;&nbsp;myfree
<LI><a href="#[5b]">&gt;&gt;</a>&nbsp;&nbsp;&nbsp;OSTmrStop
<LI><a href="#[5a]">&gt;&gt;</a>&nbsp;&nbsp;&nbsp;OSTmrStart
<LI><a href="#[61]">&gt;&gt;</a>&nbsp;&nbsp;&nbsp;OSTimeDlyHMSM
<LI><a href="#[5f]">&gt;&gt;</a>&nbsp;&nbsp;&nbsp;LCD_ShowString
<LI><a href="#[59]">&gt;&gt;</a>&nbsp;&nbsp;&nbsp;KEY_Scan
<LI><a href="#[5d]">&gt;&gt;</a>&nbsp;&nbsp;&nbsp;Connect_TCP_Server
<LI><a href="#[5e]">&gt;&gt;</a>&nbsp;&nbsp;&nbsp;__2printf
</UL>
<BR>[Address Reference Count : 1]<UL><LI> main.o(.text)
</UL>
<P><STRONG><a name="[62]"></a>fy_task</STRONG> (Thumb, 228 bytes, Stack size 48 bytes, main.o(.text))
<BR><BR>[Stack]<UL><LI>Max Depth = 344 + Unknown Stack Size
<LI>Call Chain = fy_task &rArr; Get_myApi_Http &rArr; atk_8266_send_data &rArr; delay_ms &rArr; delay_us &rArr; delay_osschedunlock &rArr; OSSchedUnlock &rArr; OSSched &rArr; OS_PrioGetHighest
</UL>
<BR>[Calls]<UL><LI><a href="#[61]">&gt;&gt;</a>&nbsp;&nbsp;&nbsp;OSTimeDlyHMSM
<LI><a href="#[63]">&gt;&gt;</a>&nbsp;&nbsp;&nbsp;OSSemPend
<LI><a href="#[5f]">&gt;&gt;</a>&nbsp;&nbsp;&nbsp;LCD_ShowString
<LI><a href="#[66]">&gt;&gt;</a>&nbsp;&nbsp;&nbsp;LCD_ShowNum
<LI><a href="#[65]">&gt;&gt;</a>&nbsp;&nbsp;&nbsp;Get_myApi_Http
<LI><a href="#[64]">&gt;&gt;</a>&nbsp;&nbsp;&nbsp;Connect_NewServer
<LI><a href="#[5e]">&gt;&gt;</a>&nbsp;&nbsp;&nbsp;__2printf
</UL>
<BR>[Address Reference Count : 1]<UL><LI> main.o(.text)
</UL>
<P><STRONG><a name="[67]"></a>parse_task</STRONG> (Thumb, 240 bytes, Stack size 24 bytes, main.o(.text))
<BR><BR>[Stack]<UL><LI>Max Depth = 464 + Unknown Stack Size
<LI>Call Chain = parse_task &rArr; cJSON_Parse_Weather &rArr; cJSON_Parse &rArr; cJSON_ParseWithOpts &rArr; parse_value &rArr; parse_number &rArr; strtod &rArr; __strtod_int &rArr; _local_sscanf &rArr; _scanf_real
</UL>
<BR>[Calls]<UL><LI><a href="#[5c]">&gt;&gt;</a>&nbsp;&nbsp;&nbsp;mymalloc
<LI><a href="#[60]">&gt;&gt;</a>&nbsp;&nbsp;&nbsp;myfree
<LI><a href="#[68]">&gt;&gt;</a>&nbsp;&nbsp;&nbsp;get_http
<LI><a href="#[69]">&gt;&gt;</a>&nbsp;&nbsp;&nbsp;cJSON_Parse_Weather
<LI><a href="#[61]">&gt;&gt;</a>&nbsp;&nbsp;&nbsp;OSTimeDlyHMSM
<LI><a href="#[63]">&gt;&gt;</a>&nbsp;&nbsp;&nbsp;OSSemPend
<LI><a href="#[5f]">&gt;&gt;</a>&nbsp;&nbsp;&nbsp;LCD_ShowString
<LI><a href="#[66]">&gt;&gt;</a>&nbsp;&nbsp;&nbsp;LCD_ShowNum
<LI><a href="#[64]">&gt;&gt;</a>&nbsp;&nbsp;&nbsp;Connect_NewServer
<LI><a href="#[5e]">&gt;&gt;</a>&nbsp;&nbsp;&nbsp;__2printf
</UL>
<BR>[Address Reference Count : 1]<UL><LI> main.o(.text)
</UL>
<P><STRONG><a name="[6a]"></a>HTTP_timer_callback</STRONG> (Thumb, 106 bytes, Stack size 24 bytes, main.o(.text))
<BR><BR>[Stack]<UL><LI>Max Depth = 184 + Unknown Stack Size
<LI>Call Chain = HTTP_timer_callback &rArr; OSSemPost &rArr; OS_SemPost &rArr; OS_Post &rArr; OS_PendListRemove &rArr; OS_PendListRemove1
</UL>
<BR>[Calls]<UL><LI><a href="#[6b]">&gt;&gt;</a>&nbsp;&nbsp;&nbsp;OSSemPost
<LI><a href="#[6c]">&gt;&gt;</a>&nbsp;&nbsp;&nbsp;LCD_ShowxNum
<LI><a href="#[5f]">&gt;&gt;</a>&nbsp;&nbsp;&nbsp;LCD_ShowString
</UL>
<BR>[Address Reference Count : 1]<UL><LI> main.o(.text)
</UL>
<P><STRONG><a name="[6d]"></a>start_task</STRONG> (Thumb, 932 bytes, Stack size 56 bytes, main.o(.text))
<BR><BR>[Stack]<UL><LI>Max Depth = 164 + Unknown Stack Size
<LI>Call Chain = start_task &rArr; OSStatTaskCPUUsageInit &rArr; OSTaskSuspend &rArr; OS_TaskSuspend &rArr; OS_RdyListRemove &rArr; OS_PrioRemove
</UL>
<BR>[Calls]<UL><LI><a href="#[76]">&gt;&gt;</a>&nbsp;&nbsp;&nbsp;OS_Sched0
<LI><a href="#[71]">&gt;&gt;</a>&nbsp;&nbsp;&nbsp;OSTmrCreate
<LI><a href="#[77]">&gt;&gt;</a>&nbsp;&nbsp;&nbsp;OSTaskDel
<LI><a href="#[75]">&gt;&gt;</a>&nbsp;&nbsp;&nbsp;OSTaskCreate
<LI><a href="#[6f]">&gt;&gt;</a>&nbsp;&nbsp;&nbsp;OSStatTaskCPUUsageInit
<LI><a href="#[74]">&gt;&gt;</a>&nbsp;&nbsp;&nbsp;OSSemCreate
<LI><a href="#[70]">&gt;&gt;</a>&nbsp;&nbsp;&nbsp;OSSchedRoundRobinCfg
<LI><a href="#[72]">&gt;&gt;</a>&nbsp;&nbsp;&nbsp;CPU_SR_Save
<LI><a href="#[73]">&gt;&gt;</a>&nbsp;&nbsp;&nbsp;CPU_SR_Restore
<LI><a href="#[6e]">&gt;&gt;</a>&nbsp;&nbsp;&nbsp;CPU_Init
</UL>
<BR>[Address Reference Count : 1]<UL><LI> main.o(.text)
</UL>
<P><STRONG><a name="[4b]"></a>main</STRONG> (Thumb, 416 bytes, Stack size 40 bytes, main.o(.text))
<BR><BR>[Stack]<UL><LI>Max Depth = 216 + Unknown Stack Size
<LI>Call Chain = main &rArr; OSInit &rArr; OS_TmrInit &rArr; OSTaskCreate &rArr; OSSched &rArr; OS_PrioGetHighest
</UL>
<BR>[Calls]<UL><LI><a href="#[7a]">&gt;&gt;</a>&nbsp;&nbsp;&nbsp;uart_init
<LI><a href="#[3]">&gt;&gt;</a>&nbsp;&nbsp;&nbsp;mem_init
<LI><a href="#[78]">&gt;&gt;</a>&nbsp;&nbsp;&nbsp;delay_init
<LI><a href="#[82]">&gt;&gt;</a>&nbsp;&nbsp;&nbsp;WiFi_module_check
<LI><a href="#[7b]">&gt;&gt;</a>&nbsp;&nbsp;&nbsp;USART2_Init
<LI><a href="#[76]">&gt;&gt;</a>&nbsp;&nbsp;&nbsp;OS_Sched0
<LI><a href="#[75]">&gt;&gt;</a>&nbsp;&nbsp;&nbsp;OSTaskCreate
<LI><a href="#[84]">&gt;&gt;</a>&nbsp;&nbsp;&nbsp;OSStart
<LI><a href="#[83]">&gt;&gt;</a>&nbsp;&nbsp;&nbsp;OSInit
<LI><a href="#[79]">&gt;&gt;</a>&nbsp;&nbsp;&nbsp;NVIC_PriorityGroupConfig
<LI><a href="#[7c]">&gt;&gt;</a>&nbsp;&nbsp;&nbsp;LED_Init
<LI><a href="#[5f]">&gt;&gt;</a>&nbsp;&nbsp;&nbsp;LCD_ShowString
<LI><a href="#[7e]">&gt;&gt;</a>&nbsp;&nbsp;&nbsp;LCD_Init
<LI><a href="#[81]">&gt;&gt;</a>&nbsp;&nbsp;&nbsp;LCD_DrawLine
<LI><a href="#[7f]">&gt;&gt;</a>&nbsp;&nbsp;&nbsp;LCD_Display_Dir
<LI><a href="#[80]">&gt;&gt;</a>&nbsp;&nbsp;&nbsp;LCD_Clear
<LI><a href="#[7d]">&gt;&gt;</a>&nbsp;&nbsp;&nbsp;KEY_Init
<LI><a href="#[72]">&gt;&gt;</a>&nbsp;&nbsp;&nbsp;CPU_SR_Save
<LI><a href="#[73]">&gt;&gt;</a>&nbsp;&nbsp;&nbsp;CPU_SR_Restore
<LI><a href="#[5e]">&gt;&gt;</a>&nbsp;&nbsp;&nbsp;__2printf
</UL>
<BR>[Address Reference Count : 1]<UL><LI> entry9a.o(.ARM.Collect$$$$0000000B)
</UL>
<P><STRONG><a name="[6]"></a>NMI_Handler</STRONG> (Thumb, 2 bytes, Stack size 0 bytes, stm32f10x_it.o(.text))
<BR>[Address Reference Count : 1]<UL><LI> startup_stm32f10x_hd.o(RESET)
</UL>
<P><STRONG><a name="[7]"></a>HardFault_Handler</STRONG> (Thumb, 4 bytes, Stack size 0 bytes, stm32f10x_it.o(.text))
<BR>[Address Reference Count : 1]<UL><LI> startup_stm32f10x_hd.o(RESET)
</UL>
<P><STRONG><a name="[8]"></a>MemManage_Handler</STRONG> (Thumb, 4 bytes, Stack size 0 bytes, stm32f10x_it.o(.text))
<BR>[Address Reference Count : 1]<UL><LI> startup_stm32f10x_hd.o(RESET)
</UL>
<P><STRONG><a name="[9]"></a>BusFault_Handler</STRONG> (Thumb, 4 bytes, Stack size 0 bytes, stm32f10x_it.o(.text))
<BR>[Address Reference Count : 1]<UL><LI> startup_stm32f10x_hd.o(RESET)
</UL>
<P><STRONG><a name="[a]"></a>UsageFault_Handler</STRONG> (Thumb, 4 bytes, Stack size 0 bytes, stm32f10x_it.o(.text))
<BR>[Address Reference Count : 1]<UL><LI> startup_stm32f10x_hd.o(RESET)
</UL>
<P><STRONG><a name="[b]"></a>SVC_Handler</STRONG> (Thumb, 2 bytes, Stack size 0 bytes, stm32f10x_it.o(.text))
<BR>[Address Reference Count : 1]<UL><LI> startup_stm32f10x_hd.o(RESET)
</UL>
<P><STRONG><a name="[c]"></a>DebugMon_Handler</STRONG> (Thumb, 2 bytes, Stack size 0 bytes, stm32f10x_it.o(.text))
<BR>[Address Reference Count : 1]<UL><LI> startup_stm32f10x_hd.o(RESET)
</UL>
<P><STRONG><a name="[4c]"></a>SystemInit</STRONG> (Thumb, 78 bytes, Stack size 8 bytes, system_stm32f10x.o(.text))
<BR><BR>[Stack]<UL><LI>Max Depth = 28<LI>Call Chain = SystemInit &rArr; SetSysClock &rArr; SetSysClockTo72
</UL>
<BR>[Calls]<UL><LI><a href="#[85]">&gt;&gt;</a>&nbsp;&nbsp;&nbsp;SetSysClock
</UL>
<BR>[Address Reference Count : 1]<UL><LI> startup_stm32f10x_hd.o(.text)
</UL>
<P><STRONG><a name="[274]"></a>SystemCoreClockUpdate</STRONG> (Thumb, 142 bytes, Stack size 8 bytes, system_stm32f10x.o(.text), UNUSED)

<P><STRONG><a name="[7c]"></a>LED_Init</STRONG> (Thumb, 72 bytes, Stack size 8 bytes, led.o(.text))
<BR><BR>[Stack]<UL><LI>Max Depth = 32<LI>Call Chain = LED_Init &rArr; GPIO_Init
</UL>
<BR>[Calls]<UL><LI><a href="#[87]">&gt;&gt;</a>&nbsp;&nbsp;&nbsp;RCC_APB2PeriphClockCmd
<LI><a href="#[89]">&gt;&gt;</a>&nbsp;&nbsp;&nbsp;GPIO_SetBits
<LI><a href="#[88]">&gt;&gt;</a>&nbsp;&nbsp;&nbsp;GPIO_Init
</UL>
<BR>[Called By]<UL><LI><a href="#[4b]">&gt;&gt;</a>&nbsp;&nbsp;&nbsp;main
</UL>

<P><STRONG><a name="[7d]"></a>KEY_Init</STRONG> (Thumb, 82 bytes, Stack size 8 bytes, key.o(.text))
<BR><BR>[Stack]<UL><LI>Max Depth = 32<LI>Call Chain = KEY_Init &rArr; GPIO_Init
</UL>
<BR>[Calls]<UL><LI><a href="#[8a]">&gt;&gt;</a>&nbsp;&nbsp;&nbsp;GPIO_PinRemapConfig
<LI><a href="#[87]">&gt;&gt;</a>&nbsp;&nbsp;&nbsp;RCC_APB2PeriphClockCmd
<LI><a href="#[88]">&gt;&gt;</a>&nbsp;&nbsp;&nbsp;GPIO_Init
</UL>
<BR>[Called By]<UL><LI><a href="#[4b]">&gt;&gt;</a>&nbsp;&nbsp;&nbsp;main
</UL>

<P><STRONG><a name="[59]"></a>KEY_Scan</STRONG> (Thumb, 154 bytes, Stack size 8 bytes, key.o(.text))
<BR><BR>[Stack]<UL><LI>Max Depth = 104 + Unknown Stack Size
<LI>Call Chain = KEY_Scan &rArr; delay_ms &rArr; delay_us &rArr; delay_osschedunlock &rArr; OSSchedUnlock &rArr; OSSched &rArr; OS_PrioGetHighest
</UL>
<BR>[Calls]<UL><LI><a href="#[8c]">&gt;&gt;</a>&nbsp;&nbsp;&nbsp;delay_ms
<LI><a href="#[8b]">&gt;&gt;</a>&nbsp;&nbsp;&nbsp;GPIO_ReadInputDataBit
</UL>
<BR>[Called By]<UL><LI><a href="#[58]">&gt;&gt;</a>&nbsp;&nbsp;&nbsp;key_task
</UL>

<P><STRONG><a name="[90]"></a>LCD_WR_REG</STRONG> (Thumb, 28 bytes, Stack size 0 bytes, lcd.o(.text))
<BR><BR>[Called By]<UL><LI><a href="#[a0]">&gt;&gt;</a>&nbsp;&nbsp;&nbsp;LCD_Set_Window
<LI><a href="#[9c]">&gt;&gt;</a>&nbsp;&nbsp;&nbsp;LCD_SSD_BackLightSet
<LI><a href="#[9b]">&gt;&gt;</a>&nbsp;&nbsp;&nbsp;LCD_Fast_DrawPoint
<LI><a href="#[99]">&gt;&gt;</a>&nbsp;&nbsp;&nbsp;LCD_Scan_Dir
<LI><a href="#[98]">&gt;&gt;</a>&nbsp;&nbsp;&nbsp;LCD_DisplayOff
<LI><a href="#[97]">&gt;&gt;</a>&nbsp;&nbsp;&nbsp;LCD_DisplayOn
<LI><a href="#[94]">&gt;&gt;</a>&nbsp;&nbsp;&nbsp;LCD_ReadPoint
<LI><a href="#[93]">&gt;&gt;</a>&nbsp;&nbsp;&nbsp;LCD_SetCursor
<LI><a href="#[92]">&gt;&gt;</a>&nbsp;&nbsp;&nbsp;LCD_WriteRAM_Prepare
<LI><a href="#[91]">&gt;&gt;</a>&nbsp;&nbsp;&nbsp;LCD_ReadReg
<LI><a href="#[8f]">&gt;&gt;</a>&nbsp;&nbsp;&nbsp;LCD_WriteReg
<LI><a href="#[7e]">&gt;&gt;</a>&nbsp;&nbsp;&nbsp;LCD_Init
</UL>

<P><STRONG><a name="[a1]"></a>LCD_WR_DATAX</STRONG> (Thumb, 28 bytes, Stack size 0 bytes, lcd.o(.text))
<BR><BR>[Called By]<UL><LI><a href="#[7e]">&gt;&gt;</a>&nbsp;&nbsp;&nbsp;LCD_Init
</UL>

<P><STRONG><a name="[8d]"></a>LCD_RD_DATA</STRONG> (Thumb, 98 bytes, Stack size 8 bytes, lcd.o(.text))
<BR><BR>[Stack]<UL><LI>Max Depth = 88 + Unknown Stack Size
<LI>Call Chain = LCD_RD_DATA &rArr; delay_us &rArr; delay_osschedunlock &rArr; OSSchedUnlock &rArr; OSSched &rArr; OS_PrioGetHighest
</UL>
<BR>[Calls]<UL><LI><a href="#[8e]">&gt;&gt;</a>&nbsp;&nbsp;&nbsp;delay_us
</UL>
<BR>[Called By]<UL><LI><a href="#[91]">&gt;&gt;</a>&nbsp;&nbsp;&nbsp;LCD_ReadReg
<LI><a href="#[7e]">&gt;&gt;</a>&nbsp;&nbsp;&nbsp;LCD_Init
</UL>

<P><STRONG><a name="[8f]"></a>LCD_WriteReg</STRONG> (Thumb, 40 bytes, Stack size 8 bytes, lcd.o(.text))
<BR><BR>[Stack]<UL><LI>Max Depth = 8<LI>Call Chain = LCD_WriteReg
</UL>
<BR>[Calls]<UL><LI><a href="#[90]">&gt;&gt;</a>&nbsp;&nbsp;&nbsp;LCD_WR_REG
</UL>
<BR>[Called By]<UL><LI><a href="#[a0]">&gt;&gt;</a>&nbsp;&nbsp;&nbsp;LCD_Set_Window
<LI><a href="#[9b]">&gt;&gt;</a>&nbsp;&nbsp;&nbsp;LCD_Fast_DrawPoint
<LI><a href="#[99]">&gt;&gt;</a>&nbsp;&nbsp;&nbsp;LCD_Scan_Dir
<LI><a href="#[98]">&gt;&gt;</a>&nbsp;&nbsp;&nbsp;LCD_DisplayOff
<LI><a href="#[97]">&gt;&gt;</a>&nbsp;&nbsp;&nbsp;LCD_DisplayOn
<LI><a href="#[93]">&gt;&gt;</a>&nbsp;&nbsp;&nbsp;LCD_SetCursor
<LI><a href="#[7e]">&gt;&gt;</a>&nbsp;&nbsp;&nbsp;LCD_Init
</UL>

<P><STRONG><a name="[91]"></a>LCD_ReadReg</STRONG> (Thumb, 16 bytes, Stack size 8 bytes, lcd.o(.text))
<BR><BR>[Stack]<UL><LI>Max Depth = 96 + Unknown Stack Size
<LI>Call Chain = LCD_ReadReg &rArr; LCD_RD_DATA &rArr; delay_us &rArr; delay_osschedunlock &rArr; OSSchedUnlock &rArr; OSSched &rArr; OS_PrioGetHighest
</UL>
<BR>[Calls]<UL><LI><a href="#[8d]">&gt;&gt;</a>&nbsp;&nbsp;&nbsp;LCD_RD_DATA
<LI><a href="#[90]">&gt;&gt;</a>&nbsp;&nbsp;&nbsp;LCD_WR_REG
</UL>
<BR>[Called By]<UL><LI><a href="#[7e]">&gt;&gt;</a>&nbsp;&nbsp;&nbsp;LCD_Init
</UL>

<P><STRONG><a name="[92]"></a>LCD_WriteRAM_Prepare</STRONG> (Thumb, 12 bytes, Stack size 4 bytes, lcd.o(.text))
<BR><BR>[Stack]<UL><LI>Max Depth = 4<LI>Call Chain = LCD_WriteRAM_Prepare
</UL>
<BR>[Calls]<UL><LI><a href="#[90]">&gt;&gt;</a>&nbsp;&nbsp;&nbsp;LCD_WR_REG
</UL>
<BR>[Called By]<UL><LI><a href="#[a3]">&gt;&gt;</a>&nbsp;&nbsp;&nbsp;LCD_Color_Fill
<LI><a href="#[a2]">&gt;&gt;</a>&nbsp;&nbsp;&nbsp;LCD_Fill
<LI><a href="#[9a]">&gt;&gt;</a>&nbsp;&nbsp;&nbsp;LCD_DrawPoint
<LI><a href="#[80]">&gt;&gt;</a>&nbsp;&nbsp;&nbsp;LCD_Clear
</UL>

<P><STRONG><a name="[275]"></a>LCD_WriteRAM</STRONG> (Thumb, 28 bytes, Stack size 0 bytes, lcd.o(.text), UNUSED)

<P><STRONG><a name="[96]"></a>LCD_BGR2RGB</STRONG> (Thumb, 26 bytes, Stack size 12 bytes, lcd.o(.text), UNUSED)
<BR><BR>[Called By]<UL><LI><a href="#[94]">&gt;&gt;</a>&nbsp;&nbsp;&nbsp;LCD_ReadPoint
</UL>

<P><STRONG><a name="[95]"></a>opt_delay</STRONG> (Thumb, 14 bytes, Stack size 0 bytes, lcd.o(.text), UNUSED)
<BR><BR>[Called By]<UL><LI><a href="#[94]">&gt;&gt;</a>&nbsp;&nbsp;&nbsp;LCD_ReadPoint
</UL>

<P><STRONG><a name="[93]"></a>LCD_SetCursor</STRONG> (Thumb, 956 bytes, Stack size 12 bytes, lcd.o(.text))
<BR><BR>[Stack]<UL><LI>Max Depth = 20<LI>Call Chain = LCD_SetCursor &rArr; LCD_WriteReg
</UL>
<BR>[Calls]<UL><LI><a href="#[8f]">&gt;&gt;</a>&nbsp;&nbsp;&nbsp;LCD_WriteReg
<LI><a href="#[90]">&gt;&gt;</a>&nbsp;&nbsp;&nbsp;LCD_WR_REG
</UL>
<BR>[Called By]<UL><LI><a href="#[a3]">&gt;&gt;</a>&nbsp;&nbsp;&nbsp;LCD_Color_Fill
<LI><a href="#[a2]">&gt;&gt;</a>&nbsp;&nbsp;&nbsp;LCD_Fill
<LI><a href="#[a0]">&gt;&gt;</a>&nbsp;&nbsp;&nbsp;LCD_Set_Window
<LI><a href="#[9a]">&gt;&gt;</a>&nbsp;&nbsp;&nbsp;LCD_DrawPoint
<LI><a href="#[94]">&gt;&gt;</a>&nbsp;&nbsp;&nbsp;LCD_ReadPoint
<LI><a href="#[80]">&gt;&gt;</a>&nbsp;&nbsp;&nbsp;LCD_Clear
</UL>

<P><STRONG><a name="[94]"></a>LCD_ReadPoint</STRONG> (Thumb, 506 bytes, Stack size 24 bytes, lcd.o(.text), UNUSED)
<BR><BR>[Calls]<UL><LI><a href="#[93]">&gt;&gt;</a>&nbsp;&nbsp;&nbsp;LCD_SetCursor
<LI><a href="#[95]">&gt;&gt;</a>&nbsp;&nbsp;&nbsp;opt_delay
<LI><a href="#[96]">&gt;&gt;</a>&nbsp;&nbsp;&nbsp;LCD_BGR2RGB
<LI><a href="#[90]">&gt;&gt;</a>&nbsp;&nbsp;&nbsp;LCD_WR_REG
</UL>

<P><STRONG><a name="[97]"></a>LCD_DisplayOn</STRONG> (Thumb, 92 bytes, Stack size 4 bytes, lcd.o(.text), UNUSED)
<BR><BR>[Calls]<UL><LI><a href="#[8f]">&gt;&gt;</a>&nbsp;&nbsp;&nbsp;LCD_WriteReg
<LI><a href="#[90]">&gt;&gt;</a>&nbsp;&nbsp;&nbsp;LCD_WR_REG
</UL>

<P><STRONG><a name="[98]"></a>LCD_DisplayOff</STRONG> (Thumb, 90 bytes, Stack size 4 bytes, lcd.o(.text), UNUSED)
<BR><BR>[Calls]<UL><LI><a href="#[8f]">&gt;&gt;</a>&nbsp;&nbsp;&nbsp;LCD_WriteReg
<LI><a href="#[90]">&gt;&gt;</a>&nbsp;&nbsp;&nbsp;LCD_WR_REG
</UL>

<P><STRONG><a name="[99]"></a>LCD_Scan_Dir</STRONG> (Thumb, 1126 bytes, Stack size 20 bytes, lcd.o(.text))
<BR><BR>[Stack]<UL><LI>Max Depth = 28<LI>Call Chain = LCD_Scan_Dir &rArr; LCD_WriteReg
</UL>
<BR>[Calls]<UL><LI><a href="#[8f]">&gt;&gt;</a>&nbsp;&nbsp;&nbsp;LCD_WriteReg
<LI><a href="#[90]">&gt;&gt;</a>&nbsp;&nbsp;&nbsp;LCD_WR_REG
</UL>
<BR>[Called By]<UL><LI><a href="#[7f]">&gt;&gt;</a>&nbsp;&nbsp;&nbsp;LCD_Display_Dir
</UL>

<P><STRONG><a name="[9a]"></a>LCD_DrawPoint</STRONG> (Thumb, 52 bytes, Stack size 12 bytes, lcd.o(.text))
<BR><BR>[Stack]<UL><LI>Max Depth = 32<LI>Call Chain = LCD_DrawPoint &rArr; LCD_SetCursor &rArr; LCD_WriteReg
</UL>
<BR>[Calls]<UL><LI><a href="#[93]">&gt;&gt;</a>&nbsp;&nbsp;&nbsp;LCD_SetCursor
<LI><a href="#[92]">&gt;&gt;</a>&nbsp;&nbsp;&nbsp;LCD_WriteRAM_Prepare
</UL>
<BR>[Called By]<UL><LI><a href="#[a5]">&gt;&gt;</a>&nbsp;&nbsp;&nbsp;LCD_Draw_Circle
<LI><a href="#[81]">&gt;&gt;</a>&nbsp;&nbsp;&nbsp;LCD_DrawLine
</UL>

<P><STRONG><a name="[9b]"></a>LCD_Fast_DrawPoint</STRONG> (Thumb, 854 bytes, Stack size 16 bytes, lcd.o(.text))
<BR><BR>[Stack]<UL><LI>Max Depth = 24<LI>Call Chain = LCD_Fast_DrawPoint &rArr; LCD_WriteReg
</UL>
<BR>[Calls]<UL><LI><a href="#[8f]">&gt;&gt;</a>&nbsp;&nbsp;&nbsp;LCD_WriteReg
<LI><a href="#[90]">&gt;&gt;</a>&nbsp;&nbsp;&nbsp;LCD_WR_REG
</UL>
<BR>[Called By]<UL><LI><a href="#[a6]">&gt;&gt;</a>&nbsp;&nbsp;&nbsp;LCD_ShowChar
</UL>

<P><STRONG><a name="[9c]"></a>LCD_SSD_BackLightSet</STRONG> (Thumb, 220 bytes, Stack size 24 bytes, lcd.o(.text))
<BR><BR>[Stack]<UL><LI>Max Depth = 112<LI>Call Chain = LCD_SSD_BackLightSet &rArr; __aeabi_dmul &rArr; _double_epilogue &rArr; _double_round
</UL>
<BR>[Calls]<UL><LI><a href="#[9d]">&gt;&gt;</a>&nbsp;&nbsp;&nbsp;__aeabi_ui2d
<LI><a href="#[9e]">&gt;&gt;</a>&nbsp;&nbsp;&nbsp;__aeabi_dmul
<LI><a href="#[9f]">&gt;&gt;</a>&nbsp;&nbsp;&nbsp;__aeabi_d2uiz
<LI><a href="#[90]">&gt;&gt;</a>&nbsp;&nbsp;&nbsp;LCD_WR_REG
</UL>
<BR>[Called By]<UL><LI><a href="#[7e]">&gt;&gt;</a>&nbsp;&nbsp;&nbsp;LCD_Init
</UL>

<P><STRONG><a name="[7f]"></a>LCD_Display_Dir</STRONG> (Thumb, 444 bytes, Stack size 8 bytes, lcd.o(.text))
<BR><BR>[Stack]<UL><LI>Max Depth = 36<LI>Call Chain = LCD_Display_Dir &rArr; LCD_Scan_Dir &rArr; LCD_WriteReg
</UL>
<BR>[Calls]<UL><LI><a href="#[99]">&gt;&gt;</a>&nbsp;&nbsp;&nbsp;LCD_Scan_Dir
</UL>
<BR>[Called By]<UL><LI><a href="#[7e]">&gt;&gt;</a>&nbsp;&nbsp;&nbsp;LCD_Init
<LI><a href="#[4b]">&gt;&gt;</a>&nbsp;&nbsp;&nbsp;main
</UL>

<P><STRONG><a name="[a0]"></a>LCD_Set_Window</STRONG> (Thumb, 1078 bytes, Stack size 60 bytes, lcd.o(.text), UNUSED)
<BR><BR>[Calls]<UL><LI><a href="#[93]">&gt;&gt;</a>&nbsp;&nbsp;&nbsp;LCD_SetCursor
<LI><a href="#[8f]">&gt;&gt;</a>&nbsp;&nbsp;&nbsp;LCD_WriteReg
<LI><a href="#[90]">&gt;&gt;</a>&nbsp;&nbsp;&nbsp;LCD_WR_REG
</UL>

<P><STRONG><a name="[80]"></a>LCD_Clear</STRONG> (Thumb, 122 bytes, Stack size 16 bytes, lcd.o(.text))
<BR><BR>[Stack]<UL><LI>Max Depth = 36<LI>Call Chain = LCD_Clear &rArr; LCD_SetCursor &rArr; LCD_WriteReg
</UL>
<BR>[Calls]<UL><LI><a href="#[93]">&gt;&gt;</a>&nbsp;&nbsp;&nbsp;LCD_SetCursor
<LI><a href="#[92]">&gt;&gt;</a>&nbsp;&nbsp;&nbsp;LCD_WriteRAM_Prepare
</UL>
<BR>[Called By]<UL><LI><a href="#[7e]">&gt;&gt;</a>&nbsp;&nbsp;&nbsp;LCD_Init
<LI><a href="#[4b]">&gt;&gt;</a>&nbsp;&nbsp;&nbsp;main
</UL>

<P><STRONG><a name="[7e]"></a>LCD_Init</STRONG> (Thumb, 15298 bytes, Stack size 8 bytes, lcd.o(.text))
<BR><BR>[Stack]<UL><LI>Max Depth = 120 + Unknown Stack Size
<LI>Call Chain = LCD_Init &rArr; LCD_SSD_BackLightSet &rArr; __aeabi_dmul &rArr; _double_epilogue &rArr; _double_round
</UL>
<BR>[Calls]<UL><LI><a href="#[8e]">&gt;&gt;</a>&nbsp;&nbsp;&nbsp;delay_us
<LI><a href="#[9c]">&gt;&gt;</a>&nbsp;&nbsp;&nbsp;LCD_SSD_BackLightSet
<LI><a href="#[91]">&gt;&gt;</a>&nbsp;&nbsp;&nbsp;LCD_ReadReg
<LI><a href="#[8f]">&gt;&gt;</a>&nbsp;&nbsp;&nbsp;LCD_WriteReg
<LI><a href="#[8d]">&gt;&gt;</a>&nbsp;&nbsp;&nbsp;LCD_RD_DATA
<LI><a href="#[a1]">&gt;&gt;</a>&nbsp;&nbsp;&nbsp;LCD_WR_DATAX
<LI><a href="#[90]">&gt;&gt;</a>&nbsp;&nbsp;&nbsp;LCD_WR_REG
<LI><a href="#[8c]">&gt;&gt;</a>&nbsp;&nbsp;&nbsp;delay_ms
<LI><a href="#[8a]">&gt;&gt;</a>&nbsp;&nbsp;&nbsp;GPIO_PinRemapConfig
<LI><a href="#[87]">&gt;&gt;</a>&nbsp;&nbsp;&nbsp;RCC_APB2PeriphClockCmd
<LI><a href="#[89]">&gt;&gt;</a>&nbsp;&nbsp;&nbsp;GPIO_SetBits
<LI><a href="#[88]">&gt;&gt;</a>&nbsp;&nbsp;&nbsp;GPIO_Init
<LI><a href="#[7f]">&gt;&gt;</a>&nbsp;&nbsp;&nbsp;LCD_Display_Dir
<LI><a href="#[80]">&gt;&gt;</a>&nbsp;&nbsp;&nbsp;LCD_Clear
<LI><a href="#[5e]">&gt;&gt;</a>&nbsp;&nbsp;&nbsp;__2printf
</UL>
<BR>[Called By]<UL><LI><a href="#[4b]">&gt;&gt;</a>&nbsp;&nbsp;&nbsp;main
</UL>

<P><STRONG><a name="[a2]"></a>LCD_Fill</STRONG> (Thumb, 200 bytes, Stack size 44 bytes, lcd.o(.text), UNUSED)
<BR><BR>[Calls]<UL><LI><a href="#[a2]">&gt;&gt;</a>&nbsp;&nbsp;&nbsp;LCD_Fill
<LI><a href="#[93]">&gt;&gt;</a>&nbsp;&nbsp;&nbsp;LCD_SetCursor
<LI><a href="#[92]">&gt;&gt;</a>&nbsp;&nbsp;&nbsp;LCD_WriteRAM_Prepare
</UL>
<BR>[Called By]<UL><LI><a href="#[a2]">&gt;&gt;</a>&nbsp;&nbsp;&nbsp;LCD_Fill
</UL>

<P><STRONG><a name="[a3]"></a>LCD_Color_Fill</STRONG> (Thumb, 116 bytes, Stack size 40 bytes, lcd.o(.text), UNUSED)
<BR><BR>[Calls]<UL><LI><a href="#[93]">&gt;&gt;</a>&nbsp;&nbsp;&nbsp;LCD_SetCursor
<LI><a href="#[92]">&gt;&gt;</a>&nbsp;&nbsp;&nbsp;LCD_WriteRAM_Prepare
</UL>

<P><STRONG><a name="[81]"></a>LCD_DrawLine</STRONG> (Thumb, 176 bytes, Stack size 68 bytes, lcd.o(.text))
<BR><BR>[Stack]<UL><LI>Max Depth = 100<LI>Call Chain = LCD_DrawLine &rArr; LCD_DrawPoint &rArr; LCD_SetCursor &rArr; LCD_WriteReg
</UL>
<BR>[Calls]<UL><LI><a href="#[9a]">&gt;&gt;</a>&nbsp;&nbsp;&nbsp;LCD_DrawPoint
</UL>
<BR>[Called By]<UL><LI><a href="#[a4]">&gt;&gt;</a>&nbsp;&nbsp;&nbsp;LCD_DrawRectangle
<LI><a href="#[4b]">&gt;&gt;</a>&nbsp;&nbsp;&nbsp;main
</UL>

<P><STRONG><a name="[a4]"></a>LCD_DrawRectangle</STRONG> (Thumb, 60 bytes, Stack size 20 bytes, lcd.o(.text), UNUSED)
<BR><BR>[Calls]<UL><LI><a href="#[81]">&gt;&gt;</a>&nbsp;&nbsp;&nbsp;LCD_DrawLine
</UL>

<P><STRONG><a name="[a5]"></a>LCD_Draw_Circle</STRONG> (Thumb, 152 bytes, Stack size 28 bytes, lcd.o(.text), UNUSED)
<BR><BR>[Calls]<UL><LI><a href="#[9a]">&gt;&gt;</a>&nbsp;&nbsp;&nbsp;LCD_DrawPoint
</UL>

<P><STRONG><a name="[a6]"></a>LCD_ShowChar</STRONG> (Thumb, 272 bytes, Stack size 40 bytes, lcd.o(.text))
<BR><BR>[Stack]<UL><LI>Max Depth = 64<LI>Call Chain = LCD_ShowChar &rArr; LCD_Fast_DrawPoint &rArr; LCD_WriteReg
</UL>
<BR>[Calls]<UL><LI><a href="#[9b]">&gt;&gt;</a>&nbsp;&nbsp;&nbsp;LCD_Fast_DrawPoint
</UL>
<BR>[Called By]<UL><LI><a href="#[6c]">&gt;&gt;</a>&nbsp;&nbsp;&nbsp;LCD_ShowxNum
<LI><a href="#[5f]">&gt;&gt;</a>&nbsp;&nbsp;&nbsp;LCD_ShowString
<LI><a href="#[66]">&gt;&gt;</a>&nbsp;&nbsp;&nbsp;LCD_ShowNum
</UL>

<P><STRONG><a name="[a7]"></a>LCD_Pow</STRONG> (Thumb, 22 bytes, Stack size 8 bytes, lcd.o(.text))
<BR><BR>[Stack]<UL><LI>Max Depth = 8<LI>Call Chain = LCD_Pow
</UL>
<BR>[Called By]<UL><LI><a href="#[6c]">&gt;&gt;</a>&nbsp;&nbsp;&nbsp;LCD_ShowxNum
<LI><a href="#[66]">&gt;&gt;</a>&nbsp;&nbsp;&nbsp;LCD_ShowNum
</UL>

<P><STRONG><a name="[66]"></a>LCD_ShowNum</STRONG> (Thumb, 180 bytes, Stack size 56 bytes, lcd.o(.text))
<BR><BR>[Stack]<UL><LI>Max Depth = 120<LI>Call Chain = LCD_ShowNum &rArr; LCD_ShowChar &rArr; LCD_Fast_DrawPoint &rArr; LCD_WriteReg
</UL>
<BR>[Calls]<UL><LI><a href="#[a7]">&gt;&gt;</a>&nbsp;&nbsp;&nbsp;LCD_Pow
<LI><a href="#[a6]">&gt;&gt;</a>&nbsp;&nbsp;&nbsp;LCD_ShowChar
</UL>
<BR>[Called By]<UL><LI><a href="#[67]">&gt;&gt;</a>&nbsp;&nbsp;&nbsp;parse_task
<LI><a href="#[62]">&gt;&gt;</a>&nbsp;&nbsp;&nbsp;fy_task
</UL>

<P><STRONG><a name="[6c]"></a>LCD_ShowxNum</STRONG> (Thumb, 190 bytes, Stack size 60 bytes, lcd.o(.text))
<BR><BR>[Stack]<UL><LI>Max Depth = 124<LI>Call Chain = LCD_ShowxNum &rArr; LCD_ShowChar &rArr; LCD_Fast_DrawPoint &rArr; LCD_WriteReg
</UL>
<BR>[Calls]<UL><LI><a href="#[a7]">&gt;&gt;</a>&nbsp;&nbsp;&nbsp;LCD_Pow
<LI><a href="#[a6]">&gt;&gt;</a>&nbsp;&nbsp;&nbsp;LCD_ShowChar
</UL>
<BR>[Called By]<UL><LI><a href="#[6a]">&gt;&gt;</a>&nbsp;&nbsp;&nbsp;HTTP_timer_callback
</UL>

<P><STRONG><a name="[5f]"></a>LCD_ShowString</STRONG> (Thumb, 102 bytes, Stack size 36 bytes, lcd.o(.text))
<BR><BR>[Stack]<UL><LI>Max Depth = 100<LI>Call Chain = LCD_ShowString &rArr; LCD_ShowChar &rArr; LCD_Fast_DrawPoint &rArr; LCD_WriteReg
</UL>
<BR>[Calls]<UL><LI><a href="#[a6]">&gt;&gt;</a>&nbsp;&nbsp;&nbsp;LCD_ShowChar
</UL>
<BR>[Called By]<UL><LI><a href="#[4b]">&gt;&gt;</a>&nbsp;&nbsp;&nbsp;main
<LI><a href="#[6a]">&gt;&gt;</a>&nbsp;&nbsp;&nbsp;HTTP_timer_callback
<LI><a href="#[67]">&gt;&gt;</a>&nbsp;&nbsp;&nbsp;parse_task
<LI><a href="#[62]">&gt;&gt;</a>&nbsp;&nbsp;&nbsp;fy_task
<LI><a href="#[58]">&gt;&gt;</a>&nbsp;&nbsp;&nbsp;key_task
</UL>

<P><STRONG><a name="[a8]"></a>wifi_check_cmd</STRONG> (Thumb, 44 bytes, Stack size 16 bytes, wifi.o(.text))
<BR><BR>[Stack]<UL><LI>Max Depth = 28<LI>Call Chain = wifi_check_cmd &rArr; strstr
</UL>
<BR>[Calls]<UL><LI><a href="#[a9]">&gt;&gt;</a>&nbsp;&nbsp;&nbsp;strstr
</UL>
<BR>[Called By]<UL><LI><a href="#[b2]">&gt;&gt;</a>&nbsp;&nbsp;&nbsp;atk_8266_send_data
<LI><a href="#[ac]">&gt;&gt;</a>&nbsp;&nbsp;&nbsp;get_IP_Addr
<LI><a href="#[aa]">&gt;&gt;</a>&nbsp;&nbsp;&nbsp;wifi_send_ATcmd
<LI><a href="#[68]">&gt;&gt;</a>&nbsp;&nbsp;&nbsp;get_http
</UL>

<P><STRONG><a name="[aa]"></a>wifi_send_ATcmd</STRONG> (Thumb, 100 bytes, Stack size 24 bytes, wifi.o(.text))
<BR><BR>[Stack]<UL><LI>Max Depth = 120 + Unknown Stack Size
<LI>Call Chain = wifi_send_ATcmd &rArr; delay_ms &rArr; delay_us &rArr; delay_osschedunlock &rArr; OSSchedUnlock &rArr; OSSched &rArr; OS_PrioGetHighest
</UL>
<BR>[Calls]<UL><LI><a href="#[ab]">&gt;&gt;</a>&nbsp;&nbsp;&nbsp;u2_printf
<LI><a href="#[a8]">&gt;&gt;</a>&nbsp;&nbsp;&nbsp;wifi_check_cmd
<LI><a href="#[8c]">&gt;&gt;</a>&nbsp;&nbsp;&nbsp;delay_ms
<LI><a href="#[5e]">&gt;&gt;</a>&nbsp;&nbsp;&nbsp;__2printf
</UL>
<BR>[Called By]<UL><LI><a href="#[b3]">&gt;&gt;</a>&nbsp;&nbsp;&nbsp;Exit_ServerConnect
<LI><a href="#[af]">&gt;&gt;</a>&nbsp;&nbsp;&nbsp;Exit_TransMode
<LI><a href="#[ae]">&gt;&gt;</a>&nbsp;&nbsp;&nbsp;Connect_AP
<LI><a href="#[ac]">&gt;&gt;</a>&nbsp;&nbsp;&nbsp;get_IP_Addr
<LI><a href="#[82]">&gt;&gt;</a>&nbsp;&nbsp;&nbsp;WiFi_module_check
<LI><a href="#[5d]">&gt;&gt;</a>&nbsp;&nbsp;&nbsp;Connect_TCP_Server
<LI><a href="#[64]">&gt;&gt;</a>&nbsp;&nbsp;&nbsp;Connect_NewServer
</UL>

<P><STRONG><a name="[82]"></a>WiFi_module_check</STRONG> (Thumb, 26 bytes, Stack size 8 bytes, wifi.o(.text))
<BR><BR>[Stack]<UL><LI>Max Depth = 128 + Unknown Stack Size
<LI>Call Chain = WiFi_module_check &rArr; wifi_send_ATcmd &rArr; delay_ms &rArr; delay_us &rArr; delay_osschedunlock &rArr; OSSchedUnlock &rArr; OSSched &rArr; OS_PrioGetHighest
</UL>
<BR>[Calls]<UL><LI><a href="#[aa]">&gt;&gt;</a>&nbsp;&nbsp;&nbsp;wifi_send_ATcmd
</UL>
<BR>[Called By]<UL><LI><a href="#[4b]">&gt;&gt;</a>&nbsp;&nbsp;&nbsp;main
</UL>

<P><STRONG><a name="[ac]"></a>get_IP_Addr</STRONG> (Thumb, 58 bytes, Stack size 16 bytes, wifi.o(.text))
<BR><BR>[Stack]<UL><LI>Max Depth = 136 + Unknown Stack Size
<LI>Call Chain = get_IP_Addr &rArr; wifi_send_ATcmd &rArr; delay_ms &rArr; delay_us &rArr; delay_osschedunlock &rArr; OSSchedUnlock &rArr; OSSched &rArr; OS_PrioGetHighest
</UL>
<BR>[Calls]<UL><LI><a href="#[aa]">&gt;&gt;</a>&nbsp;&nbsp;&nbsp;wifi_send_ATcmd
<LI><a href="#[a8]">&gt;&gt;</a>&nbsp;&nbsp;&nbsp;wifi_check_cmd
<LI><a href="#[ad]">&gt;&gt;</a>&nbsp;&nbsp;&nbsp;__2sprintf
<LI><a href="#[a9]">&gt;&gt;</a>&nbsp;&nbsp;&nbsp;strstr
</UL>
<BR>[Called By]<UL><LI><a href="#[ae]">&gt;&gt;</a>&nbsp;&nbsp;&nbsp;Connect_AP
</UL>

<P><STRONG><a name="[ae]"></a>Connect_AP</STRONG> (Thumb, 170 bytes, Stack size 24 bytes, wifi.o(.text))
<BR><BR>[Stack]<UL><LI>Max Depth = 160 + Unknown Stack Size
<LI>Call Chain = Connect_AP &rArr; get_IP_Addr &rArr; wifi_send_ATcmd &rArr; delay_ms &rArr; delay_us &rArr; delay_osschedunlock &rArr; OSSchedUnlock &rArr; OSSched &rArr; OS_PrioGetHighest
</UL>
<BR>[Calls]<UL><LI><a href="#[ac]">&gt;&gt;</a>&nbsp;&nbsp;&nbsp;get_IP_Addr
<LI><a href="#[aa]">&gt;&gt;</a>&nbsp;&nbsp;&nbsp;wifi_send_ATcmd
<LI><a href="#[5c]">&gt;&gt;</a>&nbsp;&nbsp;&nbsp;mymalloc
<LI><a href="#[60]">&gt;&gt;</a>&nbsp;&nbsp;&nbsp;myfree
<LI><a href="#[ad]">&gt;&gt;</a>&nbsp;&nbsp;&nbsp;__2sprintf
<LI><a href="#[5e]">&gt;&gt;</a>&nbsp;&nbsp;&nbsp;__2printf
</UL>
<BR>[Called By]<UL><LI><a href="#[5d]">&gt;&gt;</a>&nbsp;&nbsp;&nbsp;Connect_TCP_Server
</UL>

<P><STRONG><a name="[5d]"></a>Connect_TCP_Server</STRONG> (Thumb, 200 bytes, Stack size 40 bytes, wifi.o(.text))
<BR><BR>[Stack]<UL><LI>Max Depth = 200 + Unknown Stack Size
<LI>Call Chain = Connect_TCP_Server &rArr; Connect_AP &rArr; get_IP_Addr &rArr; wifi_send_ATcmd &rArr; delay_ms &rArr; delay_us &rArr; delay_osschedunlock &rArr; OSSchedUnlock &rArr; OSSched &rArr; OS_PrioGetHighest
</UL>
<BR>[Calls]<UL><LI><a href="#[ae]">&gt;&gt;</a>&nbsp;&nbsp;&nbsp;Connect_AP
<LI><a href="#[aa]">&gt;&gt;</a>&nbsp;&nbsp;&nbsp;wifi_send_ATcmd
<LI><a href="#[5c]">&gt;&gt;</a>&nbsp;&nbsp;&nbsp;mymalloc
<LI><a href="#[60]">&gt;&gt;</a>&nbsp;&nbsp;&nbsp;myfree
<LI><a href="#[ad]">&gt;&gt;</a>&nbsp;&nbsp;&nbsp;__2sprintf
<LI><a href="#[5e]">&gt;&gt;</a>&nbsp;&nbsp;&nbsp;__2printf
</UL>
<BR>[Called By]<UL><LI><a href="#[58]">&gt;&gt;</a>&nbsp;&nbsp;&nbsp;key_task
</UL>

<P><STRONG><a name="[af]"></a>Exit_TransMode</STRONG> (Thumb, 102 bytes, Stack size 8 bytes, wifi.o(.text))
<BR><BR>[Stack]<UL><LI>Max Depth = 128 + Unknown Stack Size
<LI>Call Chain = Exit_TransMode &rArr; wifi_send_ATcmd &rArr; delay_ms &rArr; delay_us &rArr; delay_osschedunlock &rArr; OSSchedUnlock &rArr; OSSched &rArr; OS_PrioGetHighest
</UL>
<BR>[Calls]<UL><LI><a href="#[b1]">&gt;&gt;</a>&nbsp;&nbsp;&nbsp;USART_SendData
<LI><a href="#[b0]">&gt;&gt;</a>&nbsp;&nbsp;&nbsp;USART_GetFlagStatus
<LI><a href="#[aa]">&gt;&gt;</a>&nbsp;&nbsp;&nbsp;wifi_send_ATcmd
<LI><a href="#[8c]">&gt;&gt;</a>&nbsp;&nbsp;&nbsp;delay_ms
<LI><a href="#[5e]">&gt;&gt;</a>&nbsp;&nbsp;&nbsp;__2printf
</UL>
<BR>[Called By]<UL><LI><a href="#[b3]">&gt;&gt;</a>&nbsp;&nbsp;&nbsp;Exit_ServerConnect
</UL>

<P><STRONG><a name="[b2]"></a>atk_8266_send_data</STRONG> (Thumb, 84 bytes, Stack size 24 bytes, wifi.o(.text))
<BR><BR>[Stack]<UL><LI>Max Depth = 120 + Unknown Stack Size
<LI>Call Chain = atk_8266_send_data &rArr; delay_ms &rArr; delay_us &rArr; delay_osschedunlock &rArr; OSSchedUnlock &rArr; OSSched &rArr; OS_PrioGetHighest
</UL>
<BR>[Calls]<UL><LI><a href="#[ab]">&gt;&gt;</a>&nbsp;&nbsp;&nbsp;u2_printf
<LI><a href="#[a8]">&gt;&gt;</a>&nbsp;&nbsp;&nbsp;wifi_check_cmd
<LI><a href="#[8c]">&gt;&gt;</a>&nbsp;&nbsp;&nbsp;delay_ms
</UL>
<BR>[Called By]<UL><LI><a href="#[68]">&gt;&gt;</a>&nbsp;&nbsp;&nbsp;get_http
<LI><a href="#[65]">&gt;&gt;</a>&nbsp;&nbsp;&nbsp;Get_myApi_Http
</UL>

<P><STRONG><a name="[b3]"></a>Exit_ServerConnect</STRONG> (Thumb, 68 bytes, Stack size 8 bytes, wifi.o(.text))
<BR><BR>[Stack]<UL><LI>Max Depth = 136 + Unknown Stack Size
<LI>Call Chain = Exit_ServerConnect &rArr; Exit_TransMode &rArr; wifi_send_ATcmd &rArr; delay_ms &rArr; delay_us &rArr; delay_osschedunlock &rArr; OSSchedUnlock &rArr; OSSched &rArr; OS_PrioGetHighest
</UL>
<BR>[Calls]<UL><LI><a href="#[af]">&gt;&gt;</a>&nbsp;&nbsp;&nbsp;Exit_TransMode
<LI><a href="#[aa]">&gt;&gt;</a>&nbsp;&nbsp;&nbsp;wifi_send_ATcmd
<LI><a href="#[5e]">&gt;&gt;</a>&nbsp;&nbsp;&nbsp;__2printf
</UL>
<BR>[Called By]<UL><LI><a href="#[64]">&gt;&gt;</a>&nbsp;&nbsp;&nbsp;Connect_NewServer
</UL>

<P><STRONG><a name="[64]"></a>Connect_NewServer</STRONG> (Thumb, 108 bytes, Stack size 16 bytes, wifi.o(.text))
<BR><BR>[Stack]<UL><LI>Max Depth = 152 + Unknown Stack Size
<LI>Call Chain = Connect_NewServer &rArr; Exit_ServerConnect &rArr; Exit_TransMode &rArr; wifi_send_ATcmd &rArr; delay_ms &rArr; delay_us &rArr; delay_osschedunlock &rArr; OSSchedUnlock &rArr; OSSched &rArr; OS_PrioGetHighest
</UL>
<BR>[Calls]<UL><LI><a href="#[b3]">&gt;&gt;</a>&nbsp;&nbsp;&nbsp;Exit_ServerConnect
<LI><a href="#[aa]">&gt;&gt;</a>&nbsp;&nbsp;&nbsp;wifi_send_ATcmd
<LI><a href="#[5c]">&gt;&gt;</a>&nbsp;&nbsp;&nbsp;mymalloc
<LI><a href="#[ad]">&gt;&gt;</a>&nbsp;&nbsp;&nbsp;__2sprintf
<LI><a href="#[5e]">&gt;&gt;</a>&nbsp;&nbsp;&nbsp;__2printf
</UL>
<BR>[Called By]<UL><LI><a href="#[67]">&gt;&gt;</a>&nbsp;&nbsp;&nbsp;parse_task
<LI><a href="#[62]">&gt;&gt;</a>&nbsp;&nbsp;&nbsp;fy_task
</UL>

<P><STRONG><a name="[69]"></a>cJSON_Parse_Weather</STRONG> (Thumb, 960 bytes, Stack size 40 bytes, wifi.o(.text))
<BR><BR>[Stack]<UL><LI>Max Depth = 440<LI>Call Chain = cJSON_Parse_Weather &rArr; cJSON_Parse &rArr; cJSON_ParseWithOpts &rArr; parse_value &rArr; parse_number &rArr; strtod &rArr; __strtod_int &rArr; _local_sscanf &rArr; _scanf_real
</UL>
<BR>[Calls]<UL><LI><a href="#[b4]">&gt;&gt;</a>&nbsp;&nbsp;&nbsp;cJSON_Parse
<LI><a href="#[b6]">&gt;&gt;</a>&nbsp;&nbsp;&nbsp;cJSON_GetObjectItem
<LI><a href="#[b5]">&gt;&gt;</a>&nbsp;&nbsp;&nbsp;cJSON_GetErrorPtr
<LI><a href="#[b7]">&gt;&gt;</a>&nbsp;&nbsp;&nbsp;cJSON_GetArraySize
<LI><a href="#[b8]">&gt;&gt;</a>&nbsp;&nbsp;&nbsp;cJSON_GetArrayItem
<LI><a href="#[ba]">&gt;&gt;</a>&nbsp;&nbsp;&nbsp;cJSON_Delete
<LI><a href="#[b9]">&gt;&gt;</a>&nbsp;&nbsp;&nbsp;atoi
<LI><a href="#[ad]">&gt;&gt;</a>&nbsp;&nbsp;&nbsp;__2sprintf
<LI><a href="#[5e]">&gt;&gt;</a>&nbsp;&nbsp;&nbsp;__2printf
</UL>
<BR>[Called By]<UL><LI><a href="#[67]">&gt;&gt;</a>&nbsp;&nbsp;&nbsp;parse_task
</UL>

<P><STRONG><a name="[68]"></a>get_http</STRONG> (Thumb, 118 bytes, Stack size 24 bytes, wifi.o(.text))
<BR><BR>[Stack]<UL><LI>Max Depth = 144 + Unknown Stack Size
<LI>Call Chain = get_http &rArr; atk_8266_send_data &rArr; delay_ms &rArr; delay_us &rArr; delay_osschedunlock &rArr; OSSchedUnlock &rArr; OSSched &rArr; OS_PrioGetHighest
</UL>
<BR>[Calls]<UL><LI><a href="#[b2]">&gt;&gt;</a>&nbsp;&nbsp;&nbsp;atk_8266_send_data
<LI><a href="#[a8]">&gt;&gt;</a>&nbsp;&nbsp;&nbsp;wifi_check_cmd
<LI><a href="#[8c]">&gt;&gt;</a>&nbsp;&nbsp;&nbsp;delay_ms
<LI><a href="#[ad]">&gt;&gt;</a>&nbsp;&nbsp;&nbsp;__2sprintf
<LI><a href="#[5e]">&gt;&gt;</a>&nbsp;&nbsp;&nbsp;__2printf
<LI><a href="#[a9]">&gt;&gt;</a>&nbsp;&nbsp;&nbsp;strstr
</UL>
<BR>[Called By]<UL><LI><a href="#[67]">&gt;&gt;</a>&nbsp;&nbsp;&nbsp;parse_task
</UL>

<P><STRONG><a name="[65]"></a>Get_myApi_Http</STRONG> (Thumb, 482 bytes, Stack size 176 bytes, wifi.o(.text))
<BR><BR>[Stack]<UL><LI>Max Depth = 296 + Unknown Stack Size
<LI>Call Chain = Get_myApi_Http &rArr; atk_8266_send_data &rArr; delay_ms &rArr; delay_us &rArr; delay_osschedunlock &rArr; OSSchedUnlock &rArr; OSSched &rArr; OS_PrioGetHighest
</UL>
<BR>[Calls]<UL><LI><a href="#[b2]">&gt;&gt;</a>&nbsp;&nbsp;&nbsp;atk_8266_send_data
<LI><a href="#[8e]">&gt;&gt;</a>&nbsp;&nbsp;&nbsp;delay_us
<LI><a href="#[b9]">&gt;&gt;</a>&nbsp;&nbsp;&nbsp;atoi
<LI><a href="#[ad]">&gt;&gt;</a>&nbsp;&nbsp;&nbsp;__2sprintf
<LI><a href="#[5e]">&gt;&gt;</a>&nbsp;&nbsp;&nbsp;__2printf
<LI><a href="#[bc]">&gt;&gt;</a>&nbsp;&nbsp;&nbsp;strcpy
<LI><a href="#[a9]">&gt;&gt;</a>&nbsp;&nbsp;&nbsp;strstr
<LI><a href="#[bb]">&gt;&gt;</a>&nbsp;&nbsp;&nbsp;__aeabi_memclr4
</UL>
<BR>[Called By]<UL><LI><a href="#[62]">&gt;&gt;</a>&nbsp;&nbsp;&nbsp;fy_task
</UL>

<P><STRONG><a name="[bd]"></a>TIM4_Set</STRONG> (Thumb, 34 bytes, Stack size 8 bytes, espuart.o(.text))
<BR><BR>[Stack]<UL><LI>Max Depth = 8<LI>Call Chain = TIM4_Set
</UL>
<BR>[Calls]<UL><LI><a href="#[be]">&gt;&gt;</a>&nbsp;&nbsp;&nbsp;TIM_SetCounter
<LI><a href="#[bf]">&gt;&gt;</a>&nbsp;&nbsp;&nbsp;TIM_Cmd
</UL>
<BR>[Called By]<UL><LI><a href="#[2d]">&gt;&gt;</a>&nbsp;&nbsp;&nbsp;TIM4_IRQHandler
<LI><a href="#[35]">&gt;&gt;</a>&nbsp;&nbsp;&nbsp;USART2_IRQHandler
<LI><a href="#[7b]">&gt;&gt;</a>&nbsp;&nbsp;&nbsp;USART2_Init
</UL>

<P><STRONG><a name="[35]"></a>USART2_IRQHandler</STRONG> (Thumb, 92 bytes, Stack size 8 bytes, espuart.o(.text))
<BR><BR>[Stack]<UL><LI>Max Depth = 32 + Unknown Stack Size
<LI>Call Chain = USART2_IRQHandler &rArr; OSIntExit &rArr; OS_PrioGetHighest
</UL>
<BR>[Calls]<UL><LI><a href="#[c2]">&gt;&gt;</a>&nbsp;&nbsp;&nbsp;USART_ReceiveData
<LI><a href="#[c1]">&gt;&gt;</a>&nbsp;&nbsp;&nbsp;USART_GetITStatus
<LI><a href="#[be]">&gt;&gt;</a>&nbsp;&nbsp;&nbsp;TIM_SetCounter
<LI><a href="#[c3]">&gt;&gt;</a>&nbsp;&nbsp;&nbsp;OSIntExit
<LI><a href="#[c0]">&gt;&gt;</a>&nbsp;&nbsp;&nbsp;OSIntEnter
<LI><a href="#[bd]">&gt;&gt;</a>&nbsp;&nbsp;&nbsp;TIM4_Set
</UL>
<BR>[Address Reference Count : 1]<UL><LI> startup_stm32f10x_hd.o(RESET)
</UL>
<P><STRONG><a name="[c4]"></a>TIM4_Init</STRONG> (Thumb, 82 bytes, Stack size 32 bytes, espuart.o(.text))
<BR><BR>[Stack]<UL><LI>Max Depth = 48<LI>Call Chain = TIM4_Init &rArr; NVIC_Init
</UL>
<BR>[Calls]<UL><LI><a href="#[c6]">&gt;&gt;</a>&nbsp;&nbsp;&nbsp;TIM_TimeBaseInit
<LI><a href="#[c7]">&gt;&gt;</a>&nbsp;&nbsp;&nbsp;TIM_ITConfig
<LI><a href="#[c5]">&gt;&gt;</a>&nbsp;&nbsp;&nbsp;RCC_APB1PeriphClockCmd
<LI><a href="#[c8]">&gt;&gt;</a>&nbsp;&nbsp;&nbsp;NVIC_Init
</UL>
<BR>[Called By]<UL><LI><a href="#[7b]">&gt;&gt;</a>&nbsp;&nbsp;&nbsp;USART2_Init
</UL>

<P><STRONG><a name="[c9]"></a>UART_DMA_Config</STRONG> (Thumb, 72 bytes, Stack size 64 bytes, espuart.o(.text))
<BR><BR>[Stack]<UL><LI>Max Depth = 72<LI>Call Chain = UART_DMA_Config &rArr; DMA_Init
</UL>
<BR>[Calls]<UL><LI><a href="#[ca]">&gt;&gt;</a>&nbsp;&nbsp;&nbsp;RCC_AHBPeriphClockCmd
<LI><a href="#[cc]">&gt;&gt;</a>&nbsp;&nbsp;&nbsp;DMA_Init
<LI><a href="#[cb]">&gt;&gt;</a>&nbsp;&nbsp;&nbsp;DMA_DeInit
</UL>
<BR>[Called By]<UL><LI><a href="#[7b]">&gt;&gt;</a>&nbsp;&nbsp;&nbsp;USART2_Init
</UL>

<P><STRONG><a name="[7b]"></a>USART2_Init</STRONG> (Thumb, 206 bytes, Stack size 32 bytes, espuart.o(.text))
<BR><BR>[Stack]<UL><LI>Max Depth = 104<LI>Call Chain = USART2_Init &rArr; UART_DMA_Config &rArr; DMA_Init
</UL>
<BR>[Calls]<UL><LI><a href="#[ce]">&gt;&gt;</a>&nbsp;&nbsp;&nbsp;USART_Init
<LI><a href="#[d1]">&gt;&gt;</a>&nbsp;&nbsp;&nbsp;USART_ITConfig
<LI><a href="#[cd]">&gt;&gt;</a>&nbsp;&nbsp;&nbsp;USART_DeInit
<LI><a href="#[cf]">&gt;&gt;</a>&nbsp;&nbsp;&nbsp;USART_DMACmd
<LI><a href="#[d0]">&gt;&gt;</a>&nbsp;&nbsp;&nbsp;USART_Cmd
<LI><a href="#[c5]">&gt;&gt;</a>&nbsp;&nbsp;&nbsp;RCC_APB1PeriphClockCmd
<LI><a href="#[c8]">&gt;&gt;</a>&nbsp;&nbsp;&nbsp;NVIC_Init
<LI><a href="#[c9]">&gt;&gt;</a>&nbsp;&nbsp;&nbsp;UART_DMA_Config
<LI><a href="#[c4]">&gt;&gt;</a>&nbsp;&nbsp;&nbsp;TIM4_Init
<LI><a href="#[bd]">&gt;&gt;</a>&nbsp;&nbsp;&nbsp;TIM4_Set
<LI><a href="#[87]">&gt;&gt;</a>&nbsp;&nbsp;&nbsp;RCC_APB2PeriphClockCmd
<LI><a href="#[88]">&gt;&gt;</a>&nbsp;&nbsp;&nbsp;GPIO_Init
</UL>
<BR>[Called By]<UL><LI><a href="#[4b]">&gt;&gt;</a>&nbsp;&nbsp;&nbsp;main
</UL>

<P><STRONG><a name="[d2]"></a>UART_DMA_Enable</STRONG> (Thumb, 32 bytes, Stack size 16 bytes, espuart.o(.text))
<BR><BR>[Stack]<UL><LI>Max Depth = 16<LI>Call Chain = UART_DMA_Enable
</UL>
<BR>[Calls]<UL><LI><a href="#[d4]">&gt;&gt;</a>&nbsp;&nbsp;&nbsp;DMA_SetCurrDataCounter
<LI><a href="#[d3]">&gt;&gt;</a>&nbsp;&nbsp;&nbsp;DMA_Cmd
</UL>
<BR>[Called By]<UL><LI><a href="#[ab]">&gt;&gt;</a>&nbsp;&nbsp;&nbsp;u2_printf
</UL>

<P><STRONG><a name="[ab]"></a>u2_printf</STRONG> (Thumb, 56 bytes, Stack size 32 bytes, espuart.o(.text))
<BR><BR>[Stack]<UL><LI>Max Depth = 56<LI>Call Chain = u2_printf &rArr; __c89vsprintf
</UL>
<BR>[Calls]<UL><LI><a href="#[d6]">&gt;&gt;</a>&nbsp;&nbsp;&nbsp;DMA_GetCurrDataCounter
<LI><a href="#[d2]">&gt;&gt;</a>&nbsp;&nbsp;&nbsp;UART_DMA_Enable
<LI><a href="#[d5]">&gt;&gt;</a>&nbsp;&nbsp;&nbsp;__c89vsprintf
<LI><a href="#[d7]">&gt;&gt;</a>&nbsp;&nbsp;&nbsp;strlen
</UL>
<BR>[Called By]<UL><LI><a href="#[b2]">&gt;&gt;</a>&nbsp;&nbsp;&nbsp;atk_8266_send_data
<LI><a href="#[aa]">&gt;&gt;</a>&nbsp;&nbsp;&nbsp;wifi_send_ATcmd
</UL>

<P><STRONG><a name="[2d]"></a>TIM4_IRQHandler</STRONG> (Thumb, 40 bytes, Stack size 8 bytes, espuart.o(.text))
<BR><BR>[Stack]<UL><LI>Max Depth = 20<LI>Call Chain = TIM4_IRQHandler &rArr; TIM_GetITStatus
</UL>
<BR>[Calls]<UL><LI><a href="#[d8]">&gt;&gt;</a>&nbsp;&nbsp;&nbsp;TIM_GetITStatus
<LI><a href="#[d9]">&gt;&gt;</a>&nbsp;&nbsp;&nbsp;TIM_ClearITPendingBit
<LI><a href="#[bd]">&gt;&gt;</a>&nbsp;&nbsp;&nbsp;TIM4_Set
</UL>
<BR>[Address Reference Count : 1]<UL><LI> startup_stm32f10x_hd.o(RESET)
</UL>
<P><STRONG><a name="[b5]"></a>cJSON_GetErrorPtr</STRONG> (Thumb, 12 bytes, Stack size 0 bytes, cjson.o(.text))
<BR><BR>[Called By]<UL><LI><a href="#[69]">&gt;&gt;</a>&nbsp;&nbsp;&nbsp;cJSON_Parse_Weather
</UL>

<P><STRONG><a name="[db]"></a>cJSON_IsString</STRONG> (Thumb, 22 bytes, Stack size 0 bytes, cjson.o(.text), UNUSED)
<BR><BR>[Called By]<UL><LI><a href="#[da]">&gt;&gt;</a>&nbsp;&nbsp;&nbsp;cJSON_GetStringValue
</UL>

<P><STRONG><a name="[da]"></a>cJSON_GetStringValue</STRONG> (Thumb, 20 bytes, Stack size 4 bytes, cjson.o(.text), UNUSED)
<BR><BR>[Calls]<UL><LI><a href="#[db]">&gt;&gt;</a>&nbsp;&nbsp;&nbsp;cJSON_IsString
</UL>

<P><STRONG><a name="[dc]"></a>cJSON_Version</STRONG> (Thumb, 22 bytes, Stack size 8 bytes, cjson.o(.text), UNUSED)
<BR><BR>[Calls]<UL><LI><a href="#[ad]">&gt;&gt;</a>&nbsp;&nbsp;&nbsp;__2sprintf
</UL>

<P><STRONG><a name="[276]"></a>cJSON_InitHooks</STRONG> (Thumb, 82 bytes, Stack size 0 bytes, cjson.o(.text), UNUSED)

<P><STRONG><a name="[ba]"></a>cJSON_Delete</STRONG> (Thumb, 84 bytes, Stack size 16 bytes, cjson.o(.text))
<BR><BR>[Stack]<UL><LI>Max Depth = 16 + In Cycle
<LI>Call Chain = cJSON_Delete &rArr;  cJSON_Delete (Cycle)
</UL>
<BR>[Calls]<UL><LI><a href="#[ba]">&gt;&gt;</a>&nbsp;&nbsp;&nbsp;cJSON_Delete
</UL>
<BR>[Called By]<UL><LI><a href="#[13d]">&gt;&gt;</a>&nbsp;&nbsp;&nbsp;cJSON_Duplicate
<LI><a href="#[13c]">&gt;&gt;</a>&nbsp;&nbsp;&nbsp;cJSON_CreateStringArray
<LI><a href="#[13b]">&gt;&gt;</a>&nbsp;&nbsp;&nbsp;cJSON_CreateDoubleArray
<LI><a href="#[139]">&gt;&gt;</a>&nbsp;&nbsp;&nbsp;cJSON_CreateFloatArray
<LI><a href="#[137]">&gt;&gt;</a>&nbsp;&nbsp;&nbsp;cJSON_CreateIntArray
<LI><a href="#[12e]">&gt;&gt;</a>&nbsp;&nbsp;&nbsp;cJSON_ReplaceItemViaPointer
<LI><a href="#[12c]">&gt;&gt;</a>&nbsp;&nbsp;&nbsp;cJSON_DeleteItemFromObjectCaseSensitive
<LI><a href="#[12b]">&gt;&gt;</a>&nbsp;&nbsp;&nbsp;cJSON_DeleteItemFromObject
<LI><a href="#[128]">&gt;&gt;</a>&nbsp;&nbsp;&nbsp;cJSON_DeleteItemFromArray
<LI><a href="#[125]">&gt;&gt;</a>&nbsp;&nbsp;&nbsp;cJSON_AddArrayToObject
<LI><a href="#[123]">&gt;&gt;</a>&nbsp;&nbsp;&nbsp;cJSON_AddObjectToObject
<LI><a href="#[121]">&gt;&gt;</a>&nbsp;&nbsp;&nbsp;cJSON_AddRawToObject
<LI><a href="#[120]">&gt;&gt;</a>&nbsp;&nbsp;&nbsp;cJSON_CreateRaw
<LI><a href="#[11f]">&gt;&gt;</a>&nbsp;&nbsp;&nbsp;cJSON_AddStringToObject
<LI><a href="#[11e]">&gt;&gt;</a>&nbsp;&nbsp;&nbsp;cJSON_CreateString
<LI><a href="#[11d]">&gt;&gt;</a>&nbsp;&nbsp;&nbsp;cJSON_AddNumberToObject
<LI><a href="#[11b]">&gt;&gt;</a>&nbsp;&nbsp;&nbsp;cJSON_AddBoolToObject
<LI><a href="#[119]">&gt;&gt;</a>&nbsp;&nbsp;&nbsp;cJSON_AddFalseToObject
<LI><a href="#[117]">&gt;&gt;</a>&nbsp;&nbsp;&nbsp;cJSON_AddTrueToObject
<LI><a href="#[115]">&gt;&gt;</a>&nbsp;&nbsp;&nbsp;cJSON_AddNullToObject
<LI><a href="#[fb]">&gt;&gt;</a>&nbsp;&nbsp;&nbsp;cJSON_ParseWithOpts
<LI><a href="#[fa]">&gt;&gt;</a>&nbsp;&nbsp;&nbsp;parse_array
<LI><a href="#[f7]">&gt;&gt;</a>&nbsp;&nbsp;&nbsp;parse_object
<LI><a href="#[ba]">&gt;&gt;</a>&nbsp;&nbsp;&nbsp;cJSON_Delete
<LI><a href="#[69]">&gt;&gt;</a>&nbsp;&nbsp;&nbsp;cJSON_Parse_Weather
</UL>

<P><STRONG><a name="[e8]"></a>cJSON_SetNumberHelper</STRONG> (Thumb, 72 bytes, Stack size 16 bytes, cjson.o(.text), UNUSED)
<BR><BR>[Calls]<UL><LI><a href="#[e7]">&gt;&gt;</a>&nbsp;&nbsp;&nbsp;__aeabi_d2iz
<LI><a href="#[e5]">&gt;&gt;</a>&nbsp;&nbsp;&nbsp;__aeabi_cdrcmple
<LI><a href="#[e6]">&gt;&gt;</a>&nbsp;&nbsp;&nbsp;__aeabi_cdcmple
</UL>

<P><STRONG><a name="[fb]"></a>cJSON_ParseWithOpts</STRONG> (Thumb, 204 bytes, Stack size 64 bytes, cjson.o(.text))
<BR><BR>[Stack]<UL><LI>Max Depth = 392<LI>Call Chain = cJSON_ParseWithOpts &rArr; parse_value &rArr; parse_number &rArr; strtod &rArr; __strtod_int &rArr; _local_sscanf &rArr; _scanf_real
</UL>
<BR>[Calls]<UL><LI><a href="#[f9]">&gt;&gt;</a>&nbsp;&nbsp;&nbsp;parse_value
<LI><a href="#[f5]">&gt;&gt;</a>&nbsp;&nbsp;&nbsp;skip_utf8_bom
<LI><a href="#[f8]">&gt;&gt;</a>&nbsp;&nbsp;&nbsp;buffer_skip_whitespace
<LI><a href="#[e1]">&gt;&gt;</a>&nbsp;&nbsp;&nbsp;cJSON_New_Item
<LI><a href="#[ba]">&gt;&gt;</a>&nbsp;&nbsp;&nbsp;cJSON_Delete
<LI><a href="#[d7]">&gt;&gt;</a>&nbsp;&nbsp;&nbsp;strlen
<LI><a href="#[bb]">&gt;&gt;</a>&nbsp;&nbsp;&nbsp;__aeabi_memclr4
</UL>
<BR>[Called By]<UL><LI><a href="#[b4]">&gt;&gt;</a>&nbsp;&nbsp;&nbsp;cJSON_Parse
</UL>

<P><STRONG><a name="[b4]"></a>cJSON_Parse</STRONG> (Thumb, 16 bytes, Stack size 8 bytes, cjson.o(.text))
<BR><BR>[Stack]<UL><LI>Max Depth = 400<LI>Call Chain = cJSON_Parse &rArr; cJSON_ParseWithOpts &rArr; parse_value &rArr; parse_number &rArr; strtod &rArr; __strtod_int &rArr; _local_sscanf &rArr; _scanf_real
</UL>
<BR>[Calls]<UL><LI><a href="#[fb]">&gt;&gt;</a>&nbsp;&nbsp;&nbsp;cJSON_ParseWithOpts
</UL>
<BR>[Called By]<UL><LI><a href="#[69]">&gt;&gt;</a>&nbsp;&nbsp;&nbsp;cJSON_Parse_Weather
</UL>

<P><STRONG><a name="[100]"></a>cJSON_Print</STRONG> (Thumb, 16 bytes, Stack size 8 bytes, cjson.o(.text), UNUSED)
<BR><BR>[Calls]<UL><LI><a href="#[ff]">&gt;&gt;</a>&nbsp;&nbsp;&nbsp;print
</UL>

<P><STRONG><a name="[101]"></a>cJSON_PrintUnformatted</STRONG> (Thumb, 16 bytes, Stack size 8 bytes, cjson.o(.text), UNUSED)
<BR><BR>[Calls]<UL><LI><a href="#[ff]">&gt;&gt;</a>&nbsp;&nbsp;&nbsp;print
</UL>

<P><STRONG><a name="[102]"></a>cJSON_PrintBuffered</STRONG> (Thumb, 90 bytes, Stack size 56 bytes, cjson.o(.text), UNUSED)
<BR><BR>[Calls]<UL><LI><a href="#[fd]">&gt;&gt;</a>&nbsp;&nbsp;&nbsp;print_value
<LI><a href="#[bb]">&gt;&gt;</a>&nbsp;&nbsp;&nbsp;__aeabi_memclr4
</UL>

<P><STRONG><a name="[103]"></a>cJSON_PrintPreallocated</STRONG> (Thumb, 64 bytes, Stack size 56 bytes, cjson.o(.text), UNUSED)
<BR><BR>[Calls]<UL><LI><a href="#[fd]">&gt;&gt;</a>&nbsp;&nbsp;&nbsp;print_value
<LI><a href="#[bb]">&gt;&gt;</a>&nbsp;&nbsp;&nbsp;__aeabi_memclr4
</UL>

<P><STRONG><a name="[b7]"></a>cJSON_GetArraySize</STRONG> (Thumb, 28 bytes, Stack size 0 bytes, cjson.o(.text))
<BR><BR>[Called By]<UL><LI><a href="#[69]">&gt;&gt;</a>&nbsp;&nbsp;&nbsp;cJSON_Parse_Weather
</UL>

<P><STRONG><a name="[b8]"></a>cJSON_GetArrayItem</STRONG> (Thumb, 24 bytes, Stack size 16 bytes, cjson.o(.text))
<BR><BR>[Stack]<UL><LI>Max Depth = 16<LI>Call Chain = cJSON_GetArrayItem
</UL>
<BR>[Calls]<UL><LI><a href="#[104]">&gt;&gt;</a>&nbsp;&nbsp;&nbsp;get_array_item
</UL>
<BR>[Called By]<UL><LI><a href="#[69]">&gt;&gt;</a>&nbsp;&nbsp;&nbsp;cJSON_Parse_Weather
</UL>

<P><STRONG><a name="[b6]"></a>cJSON_GetObjectItem</STRONG> (Thumb, 18 bytes, Stack size 16 bytes, cjson.o(.text))
<BR><BR>[Stack]<UL><LI>Max Depth = 56<LI>Call Chain = cJSON_GetObjectItem &rArr; get_object_item &rArr; case_insensitive_strcmp
</UL>
<BR>[Calls]<UL><LI><a href="#[105]">&gt;&gt;</a>&nbsp;&nbsp;&nbsp;get_object_item
</UL>
<BR>[Called By]<UL><LI><a href="#[129]">&gt;&gt;</a>&nbsp;&nbsp;&nbsp;cJSON_DetachItemFromObject
<LI><a href="#[108]">&gt;&gt;</a>&nbsp;&nbsp;&nbsp;cJSON_HasObjectItem
<LI><a href="#[69]">&gt;&gt;</a>&nbsp;&nbsp;&nbsp;cJSON_Parse_Weather
</UL>

<P><STRONG><a name="[107]"></a>cJSON_GetObjectItemCaseSensitive</STRONG> (Thumb, 18 bytes, Stack size 16 bytes, cjson.o(.text), UNUSED)
<BR><BR>[Calls]<UL><LI><a href="#[105]">&gt;&gt;</a>&nbsp;&nbsp;&nbsp;get_object_item
</UL>
<BR>[Called By]<UL><LI><a href="#[12a]">&gt;&gt;</a>&nbsp;&nbsp;&nbsp;cJSON_DetachItemFromObjectCaseSensitive
</UL>

<P><STRONG><a name="[108]"></a>cJSON_HasObjectItem</STRONG> (Thumb, 24 bytes, Stack size 16 bytes, cjson.o(.text), UNUSED)
<BR><BR>[Calls]<UL><LI><a href="#[b6]">&gt;&gt;</a>&nbsp;&nbsp;&nbsp;cJSON_GetObjectItem
</UL>

<P><STRONG><a name="[10d]"></a>cJSON_AddItemToArray</STRONG> (Thumb, 16 bytes, Stack size 16 bytes, cjson.o(.text), UNUSED)
<BR><BR>[Calls]<UL><LI><a href="#[10b]">&gt;&gt;</a>&nbsp;&nbsp;&nbsp;add_item_to_array
</UL>

<P><STRONG><a name="[110]"></a>cJSON_AddItemToObject</STRONG> (Thumb, 26 bytes, Stack size 24 bytes, cjson.o(.text), UNUSED)
<BR><BR>[Calls]<UL><LI><a href="#[10e]">&gt;&gt;</a>&nbsp;&nbsp;&nbsp;add_item_to_object
</UL>

<P><STRONG><a name="[111]"></a>cJSON_AddItemToObjectCS</STRONG> (Thumb, 26 bytes, Stack size 24 bytes, cjson.o(.text), UNUSED)
<BR><BR>[Calls]<UL><LI><a href="#[10e]">&gt;&gt;</a>&nbsp;&nbsp;&nbsp;add_item_to_object
</UL>

<P><STRONG><a name="[112]"></a>cJSON_AddItemReferenceToArray</STRONG> (Thumb, 32 bytes, Stack size 16 bytes, cjson.o(.text), UNUSED)
<BR><BR>[Calls]<UL><LI><a href="#[10b]">&gt;&gt;</a>&nbsp;&nbsp;&nbsp;add_item_to_array
<LI><a href="#[109]">&gt;&gt;</a>&nbsp;&nbsp;&nbsp;create_reference
</UL>

<P><STRONG><a name="[113]"></a>cJSON_AddItemReferenceToObject</STRONG> (Thumb, 44 bytes, Stack size 24 bytes, cjson.o(.text), UNUSED)
<BR><BR>[Calls]<UL><LI><a href="#[10e]">&gt;&gt;</a>&nbsp;&nbsp;&nbsp;add_item_to_object
<LI><a href="#[109]">&gt;&gt;</a>&nbsp;&nbsp;&nbsp;create_reference
</UL>

<P><STRONG><a name="[114]"></a>cJSON_CreateNull</STRONG> (Thumb, 20 bytes, Stack size 8 bytes, cjson.o(.text), UNUSED)
<BR><BR>[Calls]<UL><LI><a href="#[e1]">&gt;&gt;</a>&nbsp;&nbsp;&nbsp;cJSON_New_Item
</UL>
<BR>[Called By]<UL><LI><a href="#[115]">&gt;&gt;</a>&nbsp;&nbsp;&nbsp;cJSON_AddNullToObject
</UL>

<P><STRONG><a name="[115]"></a>cJSON_AddNullToObject</STRONG> (Thumb, 44 bytes, Stack size 24 bytes, cjson.o(.text), UNUSED)
<BR><BR>[Calls]<UL><LI><a href="#[114]">&gt;&gt;</a>&nbsp;&nbsp;&nbsp;cJSON_CreateNull
<LI><a href="#[10e]">&gt;&gt;</a>&nbsp;&nbsp;&nbsp;add_item_to_object
<LI><a href="#[ba]">&gt;&gt;</a>&nbsp;&nbsp;&nbsp;cJSON_Delete
</UL>

<P><STRONG><a name="[116]"></a>cJSON_CreateTrue</STRONG> (Thumb, 20 bytes, Stack size 8 bytes, cjson.o(.text), UNUSED)
<BR><BR>[Calls]<UL><LI><a href="#[e1]">&gt;&gt;</a>&nbsp;&nbsp;&nbsp;cJSON_New_Item
</UL>
<BR>[Called By]<UL><LI><a href="#[117]">&gt;&gt;</a>&nbsp;&nbsp;&nbsp;cJSON_AddTrueToObject
</UL>

<P><STRONG><a name="[117]"></a>cJSON_AddTrueToObject</STRONG> (Thumb, 44 bytes, Stack size 24 bytes, cjson.o(.text), UNUSED)
<BR><BR>[Calls]<UL><LI><a href="#[116]">&gt;&gt;</a>&nbsp;&nbsp;&nbsp;cJSON_CreateTrue
<LI><a href="#[10e]">&gt;&gt;</a>&nbsp;&nbsp;&nbsp;add_item_to_object
<LI><a href="#[ba]">&gt;&gt;</a>&nbsp;&nbsp;&nbsp;cJSON_Delete
</UL>

<P><STRONG><a name="[118]"></a>cJSON_CreateFalse</STRONG> (Thumb, 20 bytes, Stack size 8 bytes, cjson.o(.text), UNUSED)
<BR><BR>[Calls]<UL><LI><a href="#[e1]">&gt;&gt;</a>&nbsp;&nbsp;&nbsp;cJSON_New_Item
</UL>
<BR>[Called By]<UL><LI><a href="#[119]">&gt;&gt;</a>&nbsp;&nbsp;&nbsp;cJSON_AddFalseToObject
</UL>

<P><STRONG><a name="[119]"></a>cJSON_AddFalseToObject</STRONG> (Thumb, 44 bytes, Stack size 24 bytes, cjson.o(.text), UNUSED)
<BR><BR>[Calls]<UL><LI><a href="#[118]">&gt;&gt;</a>&nbsp;&nbsp;&nbsp;cJSON_CreateFalse
<LI><a href="#[10e]">&gt;&gt;</a>&nbsp;&nbsp;&nbsp;add_item_to_object
<LI><a href="#[ba]">&gt;&gt;</a>&nbsp;&nbsp;&nbsp;cJSON_Delete
</UL>

<P><STRONG><a name="[11a]"></a>cJSON_CreateBool</STRONG> (Thumb, 34 bytes, Stack size 16 bytes, cjson.o(.text), UNUSED)
<BR><BR>[Calls]<UL><LI><a href="#[e1]">&gt;&gt;</a>&nbsp;&nbsp;&nbsp;cJSON_New_Item
</UL>
<BR>[Called By]<UL><LI><a href="#[11b]">&gt;&gt;</a>&nbsp;&nbsp;&nbsp;cJSON_AddBoolToObject
</UL>

<P><STRONG><a name="[11b]"></a>cJSON_AddBoolToObject</STRONG> (Thumb, 48 bytes, Stack size 24 bytes, cjson.o(.text), UNUSED)
<BR><BR>[Calls]<UL><LI><a href="#[11a]">&gt;&gt;</a>&nbsp;&nbsp;&nbsp;cJSON_CreateBool
<LI><a href="#[10e]">&gt;&gt;</a>&nbsp;&nbsp;&nbsp;add_item_to_object
<LI><a href="#[ba]">&gt;&gt;</a>&nbsp;&nbsp;&nbsp;cJSON_Delete
</UL>

<P><STRONG><a name="[11c]"></a>cJSON_CreateNumber</STRONG> (Thumb, 82 bytes, Stack size 16 bytes, cjson.o(.text), UNUSED)
<BR><BR>[Calls]<UL><LI><a href="#[e7]">&gt;&gt;</a>&nbsp;&nbsp;&nbsp;__aeabi_d2iz
<LI><a href="#[e5]">&gt;&gt;</a>&nbsp;&nbsp;&nbsp;__aeabi_cdrcmple
<LI><a href="#[e6]">&gt;&gt;</a>&nbsp;&nbsp;&nbsp;__aeabi_cdcmple
<LI><a href="#[e1]">&gt;&gt;</a>&nbsp;&nbsp;&nbsp;cJSON_New_Item
</UL>
<BR>[Called By]<UL><LI><a href="#[13b]">&gt;&gt;</a>&nbsp;&nbsp;&nbsp;cJSON_CreateDoubleArray
<LI><a href="#[139]">&gt;&gt;</a>&nbsp;&nbsp;&nbsp;cJSON_CreateFloatArray
<LI><a href="#[137]">&gt;&gt;</a>&nbsp;&nbsp;&nbsp;cJSON_CreateIntArray
<LI><a href="#[11d]">&gt;&gt;</a>&nbsp;&nbsp;&nbsp;cJSON_AddNumberToObject
</UL>

<P><STRONG><a name="[11d]"></a>cJSON_AddNumberToObject</STRONG> (Thumb, 56 bytes, Stack size 32 bytes, cjson.o(.text), UNUSED)
<BR><BR>[Calls]<UL><LI><a href="#[11c]">&gt;&gt;</a>&nbsp;&nbsp;&nbsp;cJSON_CreateNumber
<LI><a href="#[10e]">&gt;&gt;</a>&nbsp;&nbsp;&nbsp;add_item_to_object
<LI><a href="#[ba]">&gt;&gt;</a>&nbsp;&nbsp;&nbsp;cJSON_Delete
</UL>

<P><STRONG><a name="[11e]"></a>cJSON_CreateString</STRONG> (Thumb, 46 bytes, Stack size 16 bytes, cjson.o(.text), UNUSED)
<BR><BR>[Calls]<UL><LI><a href="#[e1]">&gt;&gt;</a>&nbsp;&nbsp;&nbsp;cJSON_New_Item
<LI><a href="#[df]">&gt;&gt;</a>&nbsp;&nbsp;&nbsp;cJSON_strdup
<LI><a href="#[ba]">&gt;&gt;</a>&nbsp;&nbsp;&nbsp;cJSON_Delete
</UL>
<BR>[Called By]<UL><LI><a href="#[13c]">&gt;&gt;</a>&nbsp;&nbsp;&nbsp;cJSON_CreateStringArray
<LI><a href="#[11f]">&gt;&gt;</a>&nbsp;&nbsp;&nbsp;cJSON_AddStringToObject
</UL>

<P><STRONG><a name="[11f]"></a>cJSON_AddStringToObject</STRONG> (Thumb, 48 bytes, Stack size 24 bytes, cjson.o(.text), UNUSED)
<BR><BR>[Calls]<UL><LI><a href="#[11e]">&gt;&gt;</a>&nbsp;&nbsp;&nbsp;cJSON_CreateString
<LI><a href="#[10e]">&gt;&gt;</a>&nbsp;&nbsp;&nbsp;add_item_to_object
<LI><a href="#[ba]">&gt;&gt;</a>&nbsp;&nbsp;&nbsp;cJSON_Delete
</UL>

<P><STRONG><a name="[120]"></a>cJSON_CreateRaw</STRONG> (Thumb, 46 bytes, Stack size 16 bytes, cjson.o(.text), UNUSED)
<BR><BR>[Calls]<UL><LI><a href="#[e1]">&gt;&gt;</a>&nbsp;&nbsp;&nbsp;cJSON_New_Item
<LI><a href="#[df]">&gt;&gt;</a>&nbsp;&nbsp;&nbsp;cJSON_strdup
<LI><a href="#[ba]">&gt;&gt;</a>&nbsp;&nbsp;&nbsp;cJSON_Delete
</UL>
<BR>[Called By]<UL><LI><a href="#[121]">&gt;&gt;</a>&nbsp;&nbsp;&nbsp;cJSON_AddRawToObject
</UL>

<P><STRONG><a name="[121]"></a>cJSON_AddRawToObject</STRONG> (Thumb, 48 bytes, Stack size 24 bytes, cjson.o(.text), UNUSED)
<BR><BR>[Calls]<UL><LI><a href="#[120]">&gt;&gt;</a>&nbsp;&nbsp;&nbsp;cJSON_CreateRaw
<LI><a href="#[10e]">&gt;&gt;</a>&nbsp;&nbsp;&nbsp;add_item_to_object
<LI><a href="#[ba]">&gt;&gt;</a>&nbsp;&nbsp;&nbsp;cJSON_Delete
</UL>

<P><STRONG><a name="[122]"></a>cJSON_CreateObject</STRONG> (Thumb, 20 bytes, Stack size 8 bytes, cjson.o(.text), UNUSED)
<BR><BR>[Calls]<UL><LI><a href="#[e1]">&gt;&gt;</a>&nbsp;&nbsp;&nbsp;cJSON_New_Item
</UL>
<BR>[Called By]<UL><LI><a href="#[123]">&gt;&gt;</a>&nbsp;&nbsp;&nbsp;cJSON_AddObjectToObject
</UL>

<P><STRONG><a name="[123]"></a>cJSON_AddObjectToObject</STRONG> (Thumb, 44 bytes, Stack size 24 bytes, cjson.o(.text), UNUSED)
<BR><BR>[Calls]<UL><LI><a href="#[122]">&gt;&gt;</a>&nbsp;&nbsp;&nbsp;cJSON_CreateObject
<LI><a href="#[10e]">&gt;&gt;</a>&nbsp;&nbsp;&nbsp;add_item_to_object
<LI><a href="#[ba]">&gt;&gt;</a>&nbsp;&nbsp;&nbsp;cJSON_Delete
</UL>

<P><STRONG><a name="[124]"></a>cJSON_CreateArray</STRONG> (Thumb, 20 bytes, Stack size 8 bytes, cjson.o(.text), UNUSED)
<BR><BR>[Calls]<UL><LI><a href="#[e1]">&gt;&gt;</a>&nbsp;&nbsp;&nbsp;cJSON_New_Item
</UL>
<BR>[Called By]<UL><LI><a href="#[13c]">&gt;&gt;</a>&nbsp;&nbsp;&nbsp;cJSON_CreateStringArray
<LI><a href="#[13b]">&gt;&gt;</a>&nbsp;&nbsp;&nbsp;cJSON_CreateDoubleArray
<LI><a href="#[139]">&gt;&gt;</a>&nbsp;&nbsp;&nbsp;cJSON_CreateFloatArray
<LI><a href="#[137]">&gt;&gt;</a>&nbsp;&nbsp;&nbsp;cJSON_CreateIntArray
<LI><a href="#[125]">&gt;&gt;</a>&nbsp;&nbsp;&nbsp;cJSON_AddArrayToObject
</UL>

<P><STRONG><a name="[125]"></a>cJSON_AddArrayToObject</STRONG> (Thumb, 44 bytes, Stack size 24 bytes, cjson.o(.text), UNUSED)
<BR><BR>[Calls]<UL><LI><a href="#[124]">&gt;&gt;</a>&nbsp;&nbsp;&nbsp;cJSON_CreateArray
<LI><a href="#[10e]">&gt;&gt;</a>&nbsp;&nbsp;&nbsp;add_item_to_object
<LI><a href="#[ba]">&gt;&gt;</a>&nbsp;&nbsp;&nbsp;cJSON_Delete
</UL>

<P><STRONG><a name="[127]"></a>cJSON_DetachItemViaPointer</STRONG> (Thumb, 50 bytes, Stack size 0 bytes, cjson.o(.text), UNUSED)
<BR><BR>[Called By]<UL><LI><a href="#[12a]">&gt;&gt;</a>&nbsp;&nbsp;&nbsp;cJSON_DetachItemFromObjectCaseSensitive
<LI><a href="#[129]">&gt;&gt;</a>&nbsp;&nbsp;&nbsp;cJSON_DetachItemFromObject
<LI><a href="#[126]">&gt;&gt;</a>&nbsp;&nbsp;&nbsp;cJSON_DetachItemFromArray
</UL>

<P><STRONG><a name="[126]"></a>cJSON_DetachItemFromArray</STRONG> (Thumb, 34 bytes, Stack size 16 bytes, cjson.o(.text), UNUSED)
<BR><BR>[Calls]<UL><LI><a href="#[127]">&gt;&gt;</a>&nbsp;&nbsp;&nbsp;cJSON_DetachItemViaPointer
<LI><a href="#[104]">&gt;&gt;</a>&nbsp;&nbsp;&nbsp;get_array_item
</UL>
<BR>[Called By]<UL><LI><a href="#[128]">&gt;&gt;</a>&nbsp;&nbsp;&nbsp;cJSON_DeleteItemFromArray
</UL>

<P><STRONG><a name="[128]"></a>cJSON_DeleteItemFromArray</STRONG> (Thumb, 22 bytes, Stack size 16 bytes, cjson.o(.text), UNUSED)
<BR><BR>[Calls]<UL><LI><a href="#[126]">&gt;&gt;</a>&nbsp;&nbsp;&nbsp;cJSON_DetachItemFromArray
<LI><a href="#[ba]">&gt;&gt;</a>&nbsp;&nbsp;&nbsp;cJSON_Delete
</UL>

<P><STRONG><a name="[129]"></a>cJSON_DetachItemFromObject</STRONG> (Thumb, 26 bytes, Stack size 16 bytes, cjson.o(.text), UNUSED)
<BR><BR>[Calls]<UL><LI><a href="#[127]">&gt;&gt;</a>&nbsp;&nbsp;&nbsp;cJSON_DetachItemViaPointer
<LI><a href="#[b6]">&gt;&gt;</a>&nbsp;&nbsp;&nbsp;cJSON_GetObjectItem
</UL>
<BR>[Called By]<UL><LI><a href="#[12b]">&gt;&gt;</a>&nbsp;&nbsp;&nbsp;cJSON_DeleteItemFromObject
</UL>

<P><STRONG><a name="[12a]"></a>cJSON_DetachItemFromObjectCaseSensitive</STRONG> (Thumb, 26 bytes, Stack size 16 bytes, cjson.o(.text), UNUSED)
<BR><BR>[Calls]<UL><LI><a href="#[127]">&gt;&gt;</a>&nbsp;&nbsp;&nbsp;cJSON_DetachItemViaPointer
<LI><a href="#[107]">&gt;&gt;</a>&nbsp;&nbsp;&nbsp;cJSON_GetObjectItemCaseSensitive
</UL>
<BR>[Called By]<UL><LI><a href="#[12c]">&gt;&gt;</a>&nbsp;&nbsp;&nbsp;cJSON_DeleteItemFromObjectCaseSensitive
</UL>

<P><STRONG><a name="[12b]"></a>cJSON_DeleteItemFromObject</STRONG> (Thumb, 22 bytes, Stack size 16 bytes, cjson.o(.text), UNUSED)
<BR><BR>[Calls]<UL><LI><a href="#[129]">&gt;&gt;</a>&nbsp;&nbsp;&nbsp;cJSON_DetachItemFromObject
<LI><a href="#[ba]">&gt;&gt;</a>&nbsp;&nbsp;&nbsp;cJSON_Delete
</UL>

<P><STRONG><a name="[12c]"></a>cJSON_DeleteItemFromObjectCaseSensitive</STRONG> (Thumb, 22 bytes, Stack size 16 bytes, cjson.o(.text), UNUSED)
<BR><BR>[Calls]<UL><LI><a href="#[12a]">&gt;&gt;</a>&nbsp;&nbsp;&nbsp;cJSON_DetachItemFromObjectCaseSensitive
<LI><a href="#[ba]">&gt;&gt;</a>&nbsp;&nbsp;&nbsp;cJSON_Delete
</UL>

<P><STRONG><a name="[12d]"></a>cJSON_InsertItemInArray</STRONG> (Thumb, 68 bytes, Stack size 24 bytes, cjson.o(.text), UNUSED)
<BR><BR>[Calls]<UL><LI><a href="#[10b]">&gt;&gt;</a>&nbsp;&nbsp;&nbsp;add_item_to_array
<LI><a href="#[104]">&gt;&gt;</a>&nbsp;&nbsp;&nbsp;get_array_item
</UL>

<P><STRONG><a name="[12e]"></a>cJSON_ReplaceItemViaPointer</STRONG> (Thumb, 74 bytes, Stack size 16 bytes, cjson.o(.text), UNUSED)
<BR><BR>[Calls]<UL><LI><a href="#[ba]">&gt;&gt;</a>&nbsp;&nbsp;&nbsp;cJSON_Delete
</UL>
<BR>[Called By]<UL><LI><a href="#[12f]">&gt;&gt;</a>&nbsp;&nbsp;&nbsp;cJSON_ReplaceItemInArray
<LI><a href="#[130]">&gt;&gt;</a>&nbsp;&nbsp;&nbsp;replace_item_in_object
</UL>

<P><STRONG><a name="[12f]"></a>cJSON_ReplaceItemInArray</STRONG> (Thumb, 42 bytes, Stack size 24 bytes, cjson.o(.text), UNUSED)
<BR><BR>[Calls]<UL><LI><a href="#[12e]">&gt;&gt;</a>&nbsp;&nbsp;&nbsp;cJSON_ReplaceItemViaPointer
<LI><a href="#[104]">&gt;&gt;</a>&nbsp;&nbsp;&nbsp;get_array_item
</UL>

<P><STRONG><a name="[131]"></a>cJSON_free</STRONG> (Thumb, 14 bytes, Stack size 8 bytes, cjson.o(.text), UNUSED)
<BR><BR>[Called By]<UL><LI><a href="#[130]">&gt;&gt;</a>&nbsp;&nbsp;&nbsp;replace_item_in_object
</UL>

<P><STRONG><a name="[132]"></a>cJSON_ReplaceItemInObject</STRONG> (Thumb, 38 bytes, Stack size 16 bytes, cjson.o(.text), UNUSED)
<BR><BR>[Calls]<UL><LI><a href="#[130]">&gt;&gt;</a>&nbsp;&nbsp;&nbsp;replace_item_in_object
</UL>

<P><STRONG><a name="[133]"></a>cJSON_ReplaceItemInObjectCaseSensitive</STRONG> (Thumb, 22 bytes, Stack size 16 bytes, cjson.o(.text), UNUSED)
<BR><BR>[Calls]<UL><LI><a href="#[130]">&gt;&gt;</a>&nbsp;&nbsp;&nbsp;replace_item_in_object
</UL>

<P><STRONG><a name="[134]"></a>cJSON_CreateStringReference</STRONG> (Thumb, 32 bytes, Stack size 16 bytes, cjson.o(.text), UNUSED)
<BR><BR>[Calls]<UL><LI><a href="#[10f]">&gt;&gt;</a>&nbsp;&nbsp;&nbsp;cast_away_const
<LI><a href="#[e1]">&gt;&gt;</a>&nbsp;&nbsp;&nbsp;cJSON_New_Item
</UL>

<P><STRONG><a name="[135]"></a>cJSON_CreateObjectReference</STRONG> (Thumb, 32 bytes, Stack size 16 bytes, cjson.o(.text), UNUSED)
<BR><BR>[Calls]<UL><LI><a href="#[10f]">&gt;&gt;</a>&nbsp;&nbsp;&nbsp;cast_away_const
<LI><a href="#[e1]">&gt;&gt;</a>&nbsp;&nbsp;&nbsp;cJSON_New_Item
</UL>

<P><STRONG><a name="[136]"></a>cJSON_CreateArrayReference</STRONG> (Thumb, 32 bytes, Stack size 16 bytes, cjson.o(.text), UNUSED)
<BR><BR>[Calls]<UL><LI><a href="#[10f]">&gt;&gt;</a>&nbsp;&nbsp;&nbsp;cast_away_const
<LI><a href="#[e1]">&gt;&gt;</a>&nbsp;&nbsp;&nbsp;cJSON_New_Item
</UL>

<P><STRONG><a name="[137]"></a>cJSON_CreateIntArray</STRONG> (Thumb, 102 bytes, Stack size 40 bytes, cjson.o(.text), UNUSED)
<BR><BR>[Calls]<UL><LI><a href="#[138]">&gt;&gt;</a>&nbsp;&nbsp;&nbsp;__aeabi_i2d
<LI><a href="#[124]">&gt;&gt;</a>&nbsp;&nbsp;&nbsp;cJSON_CreateArray
<LI><a href="#[11c]">&gt;&gt;</a>&nbsp;&nbsp;&nbsp;cJSON_CreateNumber
<LI><a href="#[10c]">&gt;&gt;</a>&nbsp;&nbsp;&nbsp;suffix_object
<LI><a href="#[ba]">&gt;&gt;</a>&nbsp;&nbsp;&nbsp;cJSON_Delete
</UL>

<P><STRONG><a name="[139]"></a>cJSON_CreateFloatArray</STRONG> (Thumb, 102 bytes, Stack size 40 bytes, cjson.o(.text), UNUSED)
<BR><BR>[Calls]<UL><LI><a href="#[13a]">&gt;&gt;</a>&nbsp;&nbsp;&nbsp;__aeabi_f2d
<LI><a href="#[124]">&gt;&gt;</a>&nbsp;&nbsp;&nbsp;cJSON_CreateArray
<LI><a href="#[11c]">&gt;&gt;</a>&nbsp;&nbsp;&nbsp;cJSON_CreateNumber
<LI><a href="#[10c]">&gt;&gt;</a>&nbsp;&nbsp;&nbsp;suffix_object
<LI><a href="#[ba]">&gt;&gt;</a>&nbsp;&nbsp;&nbsp;cJSON_Delete
</UL>

<P><STRONG><a name="[13b]"></a>cJSON_CreateDoubleArray</STRONG> (Thumb, 100 bytes, Stack size 32 bytes, cjson.o(.text), UNUSED)
<BR><BR>[Calls]<UL><LI><a href="#[124]">&gt;&gt;</a>&nbsp;&nbsp;&nbsp;cJSON_CreateArray
<LI><a href="#[11c]">&gt;&gt;</a>&nbsp;&nbsp;&nbsp;cJSON_CreateNumber
<LI><a href="#[10c]">&gt;&gt;</a>&nbsp;&nbsp;&nbsp;suffix_object
<LI><a href="#[ba]">&gt;&gt;</a>&nbsp;&nbsp;&nbsp;cJSON_Delete
</UL>

<P><STRONG><a name="[13c]"></a>cJSON_CreateStringArray</STRONG> (Thumb, 94 bytes, Stack size 32 bytes, cjson.o(.text), UNUSED)
<BR><BR>[Calls]<UL><LI><a href="#[124]">&gt;&gt;</a>&nbsp;&nbsp;&nbsp;cJSON_CreateArray
<LI><a href="#[11e]">&gt;&gt;</a>&nbsp;&nbsp;&nbsp;cJSON_CreateString
<LI><a href="#[10c]">&gt;&gt;</a>&nbsp;&nbsp;&nbsp;suffix_object
<LI><a href="#[ba]">&gt;&gt;</a>&nbsp;&nbsp;&nbsp;cJSON_Delete
</UL>

<P><STRONG><a name="[13d]"></a>cJSON_Duplicate</STRONG> (Thumb, 178 bytes, Stack size 32 bytes, cjson.o(.text), UNUSED)
<BR><BR>[Calls]<UL><LI><a href="#[13d]">&gt;&gt;</a>&nbsp;&nbsp;&nbsp;cJSON_Duplicate
<LI><a href="#[e1]">&gt;&gt;</a>&nbsp;&nbsp;&nbsp;cJSON_New_Item
<LI><a href="#[df]">&gt;&gt;</a>&nbsp;&nbsp;&nbsp;cJSON_strdup
<LI><a href="#[ba]">&gt;&gt;</a>&nbsp;&nbsp;&nbsp;cJSON_Delete
</UL>
<BR>[Called By]<UL><LI><a href="#[13d]">&gt;&gt;</a>&nbsp;&nbsp;&nbsp;cJSON_Duplicate
</UL>

<P><STRONG><a name="[13e]"></a>cJSON_Minify</STRONG> (Thumb, 158 bytes, Stack size 16 bytes, cjson.o(.text), UNUSED)
<BR><BR>[Calls]<UL><LI><a href="#[141]">&gt;&gt;</a>&nbsp;&nbsp;&nbsp;minify_string
<LI><a href="#[140]">&gt;&gt;</a>&nbsp;&nbsp;&nbsp;skip_multiline_comment
<LI><a href="#[13f]">&gt;&gt;</a>&nbsp;&nbsp;&nbsp;skip_oneline_comment
</UL>

<P><STRONG><a name="[143]"></a>cJSON_IsInvalid</STRONG> (Thumb, 20 bytes, Stack size 0 bytes, cjson.o(.text), UNUSED)
<BR><BR>[Called By]<UL><LI><a href="#[142]">&gt;&gt;</a>&nbsp;&nbsp;&nbsp;cJSON_Compare
</UL>

<P><STRONG><a name="[277]"></a>cJSON_IsFalse</STRONG> (Thumb, 20 bytes, Stack size 0 bytes, cjson.o(.text), UNUSED)

<P><STRONG><a name="[278]"></a>cJSON_IsTrue</STRONG> (Thumb, 22 bytes, Stack size 0 bytes, cjson.o(.text), UNUSED)

<P><STRONG><a name="[279]"></a>cJSON_IsBool</STRONG> (Thumb, 24 bytes, Stack size 0 bytes, cjson.o(.text), UNUSED)

<P><STRONG><a name="[27a]"></a>cJSON_IsNull</STRONG> (Thumb, 22 bytes, Stack size 0 bytes, cjson.o(.text), UNUSED)

<P><STRONG><a name="[27b]"></a>cJSON_IsNumber</STRONG> (Thumb, 22 bytes, Stack size 0 bytes, cjson.o(.text), UNUSED)

<P><STRONG><a name="[27c]"></a>cJSON_IsArray</STRONG> (Thumb, 22 bytes, Stack size 0 bytes, cjson.o(.text), UNUSED)

<P><STRONG><a name="[27d]"></a>cJSON_IsObject</STRONG> (Thumb, 22 bytes, Stack size 0 bytes, cjson.o(.text), UNUSED)

<P><STRONG><a name="[27e]"></a>cJSON_IsRaw</STRONG> (Thumb, 22 bytes, Stack size 0 bytes, cjson.o(.text), UNUSED)

<P><STRONG><a name="[142]"></a>cJSON_Compare</STRONG> (Thumb, 392 bytes, Stack size 32 bytes, cjson.o(.text), UNUSED)
<BR><BR>[Calls]<UL><LI><a href="#[142]">&gt;&gt;</a>&nbsp;&nbsp;&nbsp;cJSON_Compare
<LI><a href="#[143]">&gt;&gt;</a>&nbsp;&nbsp;&nbsp;cJSON_IsInvalid
<LI><a href="#[105]">&gt;&gt;</a>&nbsp;&nbsp;&nbsp;get_object_item
<LI><a href="#[eb]">&gt;&gt;</a>&nbsp;&nbsp;&nbsp;compare_double
<LI><a href="#[106]">&gt;&gt;</a>&nbsp;&nbsp;&nbsp;strcmp
</UL>
<BR>[Called By]<UL><LI><a href="#[142]">&gt;&gt;</a>&nbsp;&nbsp;&nbsp;cJSON_Compare
</UL>

<P><STRONG><a name="[27f]"></a>cJSON_malloc</STRONG> (Thumb, 14 bytes, Stack size 8 bytes, cjson.o(.text), UNUSED)

<P><STRONG><a name="[144]"></a>delay_osschedlock</STRONG> (Thumb, 10 bytes, Stack size 8 bytes, delay.o(.text))
<BR><BR>[Stack]<UL><LI>Max Depth = 32 + Unknown Stack Size
<LI>Call Chain = delay_osschedlock &rArr; OSSchedLock &rArr; OS_SchedLockTimeMeasStart
</UL>
<BR>[Calls]<UL><LI><a href="#[145]">&gt;&gt;</a>&nbsp;&nbsp;&nbsp;OSSchedLock
</UL>
[...]
</UL>

<P><STRONG><a name="[f1]"></a>parse_hex4</STRONG> (Thumb, 90 bytes, Stack size 0 bytes, cjson.o(.text))
<BR><BR>[Called By]<UL><LI><a href="#[f0]">&gt;&gt;</a>&nbsp;&nbsp;&nbsp;utf16_literal_to_utf8
</UL>

<P><STRONG><a name="[f0]"></a>utf16_literal_to_utf8</STRONG> (Thumb, 300 bytes, Stack size 56 bytes, cjson.o(.text))
<BR><BR>[Stack]<UL><LI>Max Depth = 56<LI>Call Chain = utf16_literal_to_utf8
</UL>
<BR>[Calls]<UL><LI><a href="#[f1]">&gt;&gt;</a>&nbsp;&nbsp;&nbsp;parse_hex4
</UL>
<BR>[Called By]<UL><LI><a href="#[f2]">&gt;&gt;</a>&nbsp;&nbsp;&nbsp;parse_string
</UL>

<P><STRONG><a name="[f2]"></a>parse_string</STRONG> (Thumb, 432 bytes, Stack size 40 bytes, cjson.o(.text))
<BR><BR>[Stack]<UL><LI>Max Depth = 96<LI>Call Chain = parse_string &rArr; utf16_literal_to_utf8
</UL>
<BR>[Calls]<UL><LI><a href="#[f0]">&gt;&gt;</a>&nbsp;&nbsp;&nbsp;utf16_literal_to_utf8
</UL>
<BR>[Called By]<UL><LI><a href="#[f9]">&gt;&gt;</a>&nbsp;&nbsp;&nbsp;parse_value
<LI><a href="#[f7]">&gt;&gt;</a>&nbsp;&nbsp;&nbsp;parse_object
</UL>

<P><STRONG><a name="[f3]"></a>print_string_ptr</STRONG> (Thumb, 360 bytes, Stack size 32 bytes, cjson.o(.text), UNUSED)
<BR><BR>[Calls]<UL><LI><a href="#[e9]">&gt;&gt;</a>&nbsp;&nbsp;&nbsp;ensure
<LI><a href="#[ad]">&gt;&gt;</a>&nbsp;&nbsp;&nbsp;__2sprintf
<LI><a href="#[bc]">&gt;&gt;</a>&nbsp;&nbsp;&nbsp;strcpy
<LI><a href="#[e0]">&gt;&gt;</a>&nbsp;&nbsp;&nbsp;__aeabi_memcpy
</UL>
<BR>[Called By]<UL><LI><a href="#[fc]">&gt;&gt;</a>&nbsp;&nbsp;&nbsp;print_object
<LI><a href="#[f4]">&gt;&gt;</a>&nbsp;&nbsp;&nbsp;print_string
</UL>

<P><STRONG><a name="[f4]"></a>print_string</STRONG> (Thumb, 16 bytes, Stack size 16 bytes, cjson.o(.text), UNUSED)
<BR><BR>[Calls]<UL><LI><a href="#[f3]">&gt;&gt;</a>&nbsp;&nbsp;&nbsp;print_string_ptr
</UL>
<BR>[Called By]<UL><LI><a href="#[fd]">&gt;&gt;</a>&nbsp;&nbsp;&nbsp;print_value
</UL>

<P><STRONG><a name="[f8]"></a>buffer_skip_whitespace</STRONG> (Thumb, 58 bytes, Stack size 0 bytes, cjson.o(.text))
<BR><BR>[Called By]<UL><LI><a href="#[fb]">&gt;&gt;</a>&nbsp;&nbsp;&nbsp;cJSON_ParseWithOpts
<LI><a href="#[fa]">&gt;&gt;</a>&nbsp;&nbsp;&nbsp;parse_array
<LI><a href="#[f7]">&gt;&gt;</a>&nbsp;&nbsp;&nbsp;parse_object
</UL>

<P><STRONG><a name="[f5]"></a>skip_utf8_bom</STRONG> (Thumb, 56 bytes, Stack size 8 bytes, cjson.o(.text))
<BR><BR>[Stack]<UL><LI>Max Depth = 20<LI>Call Chain = skip_utf8_bom &rArr; strncmp
</UL>
<BR>[Calls]<UL><LI><a href="#[f6]">&gt;&gt;</a>&nbsp;&nbsp;&nbsp;strncmp
</UL>
<BR>[Called By]<UL><LI><a href="#[fb]">&gt;&gt;</a>&nbsp;&nbsp;&nbsp;cJSON_ParseWithOpts
</UL>

<P><STRONG><a name="[f7]"></a>parse_object</STRONG> (Thumb, 314 bytes, Stack size 24 bytes, cjson.o(.text))
<BR><BR>[Stack]<UL><LI>Max Depth = 120 + In Cycle
<LI>Call Chain = parse_object &rArr;  parse_value (Cycle)
</UL>
<BR>[Calls]<UL><LI><a href="#[f9]">&gt;&gt;</a>&nbsp;&nbsp;&nbsp;parse_value
<LI><a href="#[f8]">&gt;&gt;</a>&nbsp;&nbsp;&nbsp;buffer_skip_whitespace
<LI><a href="#[f2]">&gt;&gt;</a>&nbsp;&nbsp;&nbsp;parse_string
<LI><a href="#[e1]">&gt;&gt;</a>&nbsp;&nbsp;&nbsp;cJSON_New_Item
<LI><a href="#[ba]">&gt;&gt;</a>&nbsp;&nbsp;&nbsp;cJSON_Delete
</UL>
<BR>[Called By]<UL><LI><a href="#[f9]">&gt;&gt;</a>&nbsp;&nbsp;&nbsp;parse_value
</UL>

<P><STRONG><a name="[fa]"></a>parse_array</STRONG> (Thumb, 260 bytes, Stack size 24 bytes, cjson.o(.text))
<BR><BR>[Stack]<UL><LI>Max Depth = 40 + In Cycle
<LI>Call Chain = parse_array &rArr;  parse_value (Cycle)
</UL>
<BR>[Calls]<UL><LI><a href="#[f9]">&gt;&gt;</a>&nbsp;&nbsp;&nbsp;parse_value
<LI><a href="#[f8]">&gt;&gt;</a>&nbsp;&nbsp;&nbsp;buffer_skip_whitespace
<LI><a href="#[e1]">&gt;&gt;</a>&nbsp;&nbsp;&nbsp;cJSON_New_Item
<LI><a href="#[ba]">&gt;&gt;</a>&nbsp;&nbsp;&nbsp;cJSON_Delete
</UL>
<BR>[Called By]<UL><LI><a href="#[f9]">&gt;&gt;</a>&nbsp;&nbsp;&nbsp;parse_value
</UL>

<P><STRONG><a name="[f9]"></a>parse_value</STRONG> (Thumb, 292 bytes, Stack size 16 bytes, cjson.o(.text))
<BR><BR>[Stack]<UL><LI>Max Depth = 328<LI>Call Chain = parse_value &rArr; parse_number &rArr; strtod &rArr; __strtod_int &rArr; _local_sscanf &rArr; _scanf_real
</UL>
<BR>[Calls]<UL><LI><a href="#[fa]">&gt;&gt;</a>&nbsp;&nbsp;&nbsp;parse_array
<LI><a href="#[f7]">&gt;&gt;</a>&nbsp;&nbsp;&nbsp;parse_object
<LI><a href="#[f2]">&gt;&gt;</a>&nbsp;&nbsp;&nbsp;parse_string
<LI><a href="#[e2]">&gt;&gt;</a>&nbsp;&nbsp;&nbsp;parse_number
<LI><a href="#[f6]">&gt;&gt;</a>&nbsp;&nbsp;&nbsp;strncmp
</UL>
<BR>[Called By]<UL><LI><a href="#[fb]">&gt;&gt;</a>&nbsp;&nbsp;&nbsp;cJSON_ParseWithOpts
<LI><a href="#[fa]">&gt;&gt;</a>&nbsp;&nbsp;&nbsp;parse_array
<LI><a href="#[f7]">&gt;&gt;</a>&nbsp;&nbsp;&nbsp;parse_object
</UL>

<P><STRONG><a name="[fc]"></a>print_object</STRONG> (Thumb, 372 bytes, Stack size 32 bytes, cjson.o(.text), UNUSED)
<BR><BR>[Calls]<UL><LI><a href="#[fd]">&gt;&gt;</a>&nbsp;&nbsp;&nbsp;print_value
<LI><a href="#[f3]">&gt;&gt;</a>&nbsp;&nbsp;&nbsp;print_string_ptr
<LI><a href="#[ea]">&gt;&gt;</a>&nbsp;&nbsp;&nbsp;update_offset
<LI><a href="#[e9]">&gt;&gt;</a>&nbsp;&nbsp;&nbsp;ensure
</UL>
<BR>[Called By]<UL><LI><a href="#[fd]">&gt;&gt;</a>&nbsp;&nbsp;&nbsp;print_value
</UL>

<P><STRONG><a name="[fe]"></a>print_array</STRONG> (Thumb, 178 bytes, Stack size 24 bytes, cjson.o(.text), UNUSED)
<BR><BR>[Calls]<UL><LI><a href="#[fd]">&gt;&gt;</a>&nbsp;&nbsp;&nbsp;print_value
<LI><a href="#[ea]">&gt;&gt;</a>&nbsp;&nbsp;&nbsp;update_offset
<LI><a href="#[e9]">&gt;&gt;</a>&nbsp;&nbsp;&nbsp;ensure
</UL>
<BR>[Called By]<UL><LI><a href="#[fd]">&gt;&gt;</a>&nbsp;&nbsp;&nbsp;print_value
</UL>

<P><STRONG><a name="[fd]"></a>print_value</STRONG> (Thumb, 268 bytes, Stack size 24 bytes, cjson.o(.text), UNUSED)
<BR><BR>[Calls]<UL><LI><a href="#[fe]">&gt;&gt;</a>&nbsp;&nbsp;&nbsp;print_array
<LI><a href="#[fc]">&gt;&gt;</a>&nbsp;&nbsp;&nbsp;print_object
<LI><a href="#[f4]">&gt;&gt;</a>&nbsp;&nbsp;&nbsp;print_string
<LI><a href="#[ed]">&gt;&gt;</a>&nbsp;&nbsp;&nbsp;print_number
<LI><a href="#[e9]">&gt;&gt;</a>&nbsp;&nbsp;&nbsp;ensure
<LI><a href="#[bc]">&gt;&gt;</a>&nbsp;&nbsp;&nbsp;strcpy
<LI><a href="#[d7]">&gt;&gt;</a>&nbsp;&nbsp;&nbsp;strlen
<LI><a href="#[e0]">&gt;&gt;</a>&nbsp;&nbsp;&nbsp;__aeabi_memcpy
</UL>
<BR>[Called By]<UL><LI><a href="#[103]">&gt;&gt;</a>&nbsp;&nbsp;&nbsp;cJSON_PrintPreallocated
<LI><a href="#[102]">&gt;&gt;</a>&nbsp;&nbsp;&nbsp;cJSON_PrintBuffered
<LI><a href="#[ff]">&gt;&gt;</a>&nbsp;&nbsp;&nbsp;print
<LI><a href="#[fe]">&gt;&gt;</a>&nbsp;&nbsp;&nbsp;print_array
<LI><a href="#[fc]">&gt;&gt;</a>&nbsp;&nbsp;&nbsp;print_object
</UL>

<P><STRONG><a name="[ff]"></a>print</STRONG> (Thumb, 178 bytes, Stack size 56 bytes, cjson.o(.text), UNUSED)
<BR><BR>[Calls]<UL><LI><a href="#[fd]">&gt;&gt;</a>&nbsp;&nbsp;&nbsp;print_value
<LI><a href="#[ea]">&gt;&gt;</a>&nbsp;&nbsp;&nbsp;update_offset
<LI><a href="#[bb]">&gt;&gt;</a>&nbsp;&nbsp;&nbsp;__aeabi_memclr4
<LI><a href="#[e0]">&gt;&gt;</a>&nbsp;&nbsp;&nbsp;__aeabi_memcpy
</UL>
<BR>[Called By]<UL><LI><a href="#[101]">&gt;&gt;</a>&nbsp;&nbsp;&nbsp;cJSON_PrintUnformatted
<LI><a href="#[100]">&gt;&gt;</a>&nbsp;&nbsp;&nbsp;cJSON_Print
</UL>

<P><STRONG><a name="[104]"></a>get_array_item</STRONG> (Thumb, 30 bytes, Stack size 0 bytes, cjson.o(.text))
<BR><BR>[Called By]<UL><LI><a href="#[12f]">&gt;&gt;</a>&nbsp;&nbsp;&nbsp;cJSON_ReplaceItemInArray
<LI><a href="#[12d]">&gt;&gt;</a>&nbsp;&nbsp;&nbsp;cJSON_InsertItemInArray
<LI><a href="#[126]">&gt;&gt;</a>&nbsp;&nbsp;&nbsp;cJSON_DetachItemFromArray
<LI><a href="#[b8]">&gt;&gt;</a>&nbsp;&nbsp;&nbsp;cJSON_GetArrayItem
</UL>

<P><STRONG><a name="[105]"></a>get_object_item</STRONG> (Thumb, 82 bytes, Stack size 24 bytes, cjson.o(.text))
<BR><BR>[Stack]<UL><LI>Max Depth = 40<LI>Call Chain = get_object_item &rArr; case_insensitive_strcmp
</UL>
<BR>[Calls]<UL><LI><a href="#[dd]">&gt;&gt;</a>&nbsp;&nbsp;&nbsp;case_insensitive_strcmp
<LI><a href="#[106]">&gt;&gt;</a>&nbsp;&nbsp;&nbsp;strcmp
</UL>
<BR>[Called By]<UL><LI><a href="#[142]">&gt;&gt;</a>&nbsp;&nbsp;&nbsp;cJSON_Compare
<LI><a href="#[107]">&gt;&gt;</a>&nbsp;&nbsp;&nbsp;cJSON_GetObjectItemCaseSensitive
<LI><a href="#[130]">&gt;&gt;</a>&nbsp;&nbsp;&nbsp;replace_item_in_object
<LI><a href="#[b6]">&gt;&gt;</a>&nbsp;&nbsp;&nbsp;cJSON_GetObjectItem
</UL>

<P><STRONG><a name="[10c]"></a>suffix_object</STRONG> (Thumb, 6 bytes, Stack size 0 bytes, cjson.o(.text), UNUSED)
<BR><BR>[Called By]<UL><LI><a href="#[13c]">&gt;&gt;</a>&nbsp;&nbsp;&nbsp;cJSON_CreateStringArray
<LI><a href="#[13b]">&gt;&gt;</a>&nbsp;&nbsp;&nbsp;cJSON_CreateDoubleArray
<LI><a href="#[139]">&gt;&gt;</a>&nbsp;&nbsp;&nbsp;cJSON_CreateFloatArray
<LI><a href="#[137]">&gt;&gt;</a>&nbsp;&nbsp;&nbsp;cJSON_CreateIntArray
<LI><a href="#[10b]">&gt;&gt;</a>&nbsp;&nbsp;&nbsp;add_item_to_array
</UL>

<P><STRONG><a name="[109]"></a>create_reference</STRONG> (Thumb, 60 bytes, Stack size 16 bytes, cjson.o(.text), UNUSED)
<BR><BR>[Calls]<UL><LI><a href="#[e1]">&gt;&gt;</a>&nbsp;&nbsp;&nbsp;cJSON_New_Item
<LI><a href="#[10a]">&gt;&gt;</a>&nbsp;&nbsp;&nbsp;__aeabi_memcpy4
</UL>
<BR>[Called By]<UL><LI><a href="#[113]">&gt;&gt;</a>&nbsp;&nbsp;&nbsp;cJSON_AddItemReferenceToObject
<LI><a href="#[112]">&gt;&gt;</a>&nbsp;&nbsp;&nbsp;cJSON_AddItemReferenceToArray
</UL>

<P><STRONG><a name="[10b]"></a>add_item_to_array</STRONG> (Thumb, 46 bytes, Stack size 16 bytes, cjson.o(.text), UNUSED)
<BR><BR>[Calls]<UL><LI><a href="#[10c]">&gt;&gt;</a>&nbsp;&nbsp;&nbsp;suffix_object
</UL>
<BR>[Called By]<UL><LI><a href="#[12d]">&gt;&gt;</a>&nbsp;&nbsp;&nbsp;cJSON_InsertItemInArray
<LI><a href="#[112]">&gt;&gt;</a>&nbsp;&nbsp;&nbsp;cJSON_AddItemReferenceToArray
<LI><a href="#[10d]">&gt;&gt;</a>&nbsp;&nbsp;&nbsp;cJSON_AddItemToArray
<LI><a href="#[10e]">&gt;&gt;</a>&nbsp;&nbsp;&nbsp;add_item_to_object
</UL>

<P><STRONG><a name="[10f]"></a>cast_away_const</STRONG> (Thumb, 2 bytes, Stack size 0 bytes, cjson.o(.text), UNUSED)
<BR><BR>[Called By]<UL><LI><a href="#[136]">&gt;&gt;</a>&nbsp;&nbsp;&nbsp;cJSON_CreateArrayReference
<LI><a href="#[135]">&gt;&gt;</a>&nbsp;&nbsp;&nbsp;cJSON_CreateObjectReference
<LI><a href="#[134]">&gt;&gt;</a>&nbsp;&nbsp;&nbsp;cJSON_CreateStringReference
<LI><a href="#[10e]">&gt;&gt;</a>&nbsp;&nbsp;&nbsp;add_item_to_object
</UL>

<P><STRONG><a name="[10e]"></a>add_item_to_object</STRONG> (Thumb, 118 bytes, Stack size 32 bytes, cjson.o(.text), UNUSED)
<BR><BR>[Calls]<UL><LI><a href="#[10f]">&gt;&gt;</a>&nbsp;&nbsp;&nbsp;cast_away_const
<LI><a href="#[10b]">&gt;&gt;</a>&nbsp;&nbsp;&nbsp;add_item_to_array
<LI><a href="#[df]">&gt;&gt;</a>&nbsp;&nbsp;&nbsp;cJSON_strdup
</UL>
<BR>[Called By]<UL><LI><a href="#[125]">&gt;&gt;</a>&nbsp;&nbsp;&nbsp;cJSON_AddArrayToObject
<LI><a href="#[123]">&gt;&gt;</a>&nbsp;&nbsp;&nbsp;cJSON_AddObjectToObject
<LI><a href="#[121]">&gt;&gt;</a>&nbsp;&nbsp;&nbsp;cJSON_AddRawToObject
<LI><a href="#[11f]">&gt;&gt;</a>&nbsp;&nbsp;&nbsp;cJSON_AddStringToObject
<LI><a href="#[11d]">&gt;&gt;</a>&nbsp;&nbsp;&nbsp;cJSON_AddNumberToObject
<LI><a href="#[11b]">&gt;&gt;</a>&nbsp;&nbsp;&nbsp;cJSON_AddBoolToObject
<LI><a href="#[119]">&gt;&gt;</a>&nbsp;&nbsp;&nbsp;cJSON_AddFalseToObject
<LI><a href="#[117]">&gt;&gt;</a>&nbsp;&nbsp;&nbsp;cJSON_AddTrueToObject
<LI><a href="#[115]">&gt;&gt;</a>&nbsp;&nbsp;&nbsp;cJSON_AddNullToObject
<LI><a href="#[113]">&gt;&gt;</a>&nbsp;&nbsp;&nbsp;cJSON_AddItemReferenceToObject
<LI><a href="#[111]">&gt;&gt;</a>&nbsp;&nbsp;&nbsp;cJSON_AddItemToObjectCS
<LI><a href="#[110]">&gt;&gt;</a>&nbsp;&nbsp;&nbsp;cJSON_AddItemToObject
</UL>

<P><STRONG><a name="[130]"></a>replace_item_in_object</STRONG> (Thumb, 84 bytes, Stack size 24 bytes, cjson.o(.text), UNUSED)
<BR><BR>[Calls]<UL><LI><a href="#[131]">&gt;&gt;</a>&nbsp;&nbsp;&nbsp;cJSON_free
<LI><a href="#[12e]">&gt;&gt;</a>&nbsp;&nbsp;&nbsp;cJSON_ReplaceItemViaPointer
<LI><a href="#[105]">&gt;&gt;</a>&nbsp;&nbsp;&nbsp;get_object_item
<LI><a href="#[df]">&gt;&gt;</a>&nbsp;&nbsp;&nbsp;cJSON_strdup
</UL>
<BR>[Called By]<UL><LI><a href="#[133]">&gt;&gt;</a>&nbsp;&nbsp;&nbsp;cJSON_ReplaceItemInObjectCaseSensitive
<LI><a href="#[132]">&gt;&gt;</a>&nbsp;&nbsp;&nbsp;cJSON_ReplaceItemInObject
</UL>

<P><STRONG><a name="[13f]"></a>skip_oneline_comment</STRONG> (Thumb, 42 bytes, Stack size 0 bytes, cjson.o(.text), UNUSED)
<BR><BR>[Called By]<UL><LI><a href="#[13e]">&gt;&gt;</a>&nbsp;&nbsp;&nbsp;cJSON_Minify
</UL>

<P><STRONG><a name="[140]"></a>skip_multiline_comment</STRONG> (Thumb, 50 bytes, Stack size 0 bytes, cjson.o(.text), UNUSED)
<BR><BR>[Called By]<UL><LI><a href="#[13e]">&gt;&gt;</a>&nbsp;&nbsp;&nbsp;cJSON_Minify
</UL>

<P><STRONG><a name="[141]"></a>minify_string</STRONG> (Thumb, 116 bytes, Stack size 0 bytes, cjson.o(.text), UNUSED)
<BR><BR>[Called By]<UL><LI><a href="#[13e]">&gt;&gt;</a>&nbsp;&nbsp;&nbsp;cJSON_Minify
</UL>

<P><STRONG><a name="[15b]"></a>TI4_Config</STRONG> (Thumb, 130 bytes, Stack size 20 bytes, stm32f10x_tim.o(.text), UNUSED)
<BR><BR>[Called By]<UL><LI><a href="#[154]">&gt;&gt;</a>&nbsp;&nbsp;&nbsp;TIM_ICInit
</UL>

<P><STRONG><a name="[159]"></a>TI3_Config</STRONG> (Thumb, 122 bytes, Stack size 20 bytes, stm32f10x_tim.o(.text), UNUSED)
<BR><BR>[Called By]<UL><LI><a href="#[154]">&gt;&gt;</a>&nbsp;&nbsp;&nbsp;TIM_ICInit
</UL>

<P><STRONG><a name="[157]"></a>TI2_Config</STRONG> (Thumb, 130 bytes, Stack size 20 bytes, stm32f10x_tim.o(.text), UNUSED)
<BR><BR>[Called By]<UL><LI><a href="#[160]">&gt;&gt;</a>&nbsp;&nbsp;&nbsp;TIM_TIxExternalClockConfig
<LI><a href="#[15d]">&gt;&gt;</a>&nbsp;&nbsp;&nbsp;TIM_PWMIConfig
<LI><a href="#[154]">&gt;&gt;</a>&nbsp;&nbsp;&nbsp;TIM_ICInit
</UL>

<P><STRONG><a name="[155]"></a>TI1_Config</STRONG> (Thumb, 108 bytes, Stack size 20 bytes, stm32f10x_tim.o(.text), UNUSED)
<BR><BR>[Called By]<UL><LI><a href="#[160]">&gt;&gt;</a>&nbsp;&nbsp;&nbsp;TIM_TIxExternalClockConfig
<LI><a href="#[15d]">&gt;&gt;</a>&nbsp;&nbsp;&nbsp;TIM_PWMIConfig
<LI><a href="#[154]">&gt;&gt;</a>&nbsp;&nbsp;&nbsp;TIM_ICInit
</UL>

<P><STRONG><a name="[170]"></a>CPU_NameInit</STRONG> (Thumb, 8 bytes, Stack size 8 bytes, cpu_core.o(.text))
<BR><BR>[Stack]<UL><LI>Max Depth = 52 + Unknown Stack Size
<LI>Call Chain = CPU_NameInit &rArr; CPU_NameClr &rArr; Mem_Clr &rArr; Mem_Set
</UL>
<BR>[Calls]<UL><LI><a href="#[16e]">&gt;&gt;</a>&nbsp;&nbsp;&nbsp;CPU_NameClr
</UL>
<BR>[Called By]<UL><LI><a href="#[6e]">&gt;&gt;</a>&nbsp;&nbsp;&nbsp;CPU_Init
</UL>

<P><STRONG><a name="[171]"></a>CPU_TS_Init</STRONG> (Thumb, 14 bytes, Stack size 8 bytes, cpu_core.o(.text))
<BR><BR>[Stack]<UL><LI>Max Depth = 52<LI>Call Chain = CPU_TS_Init &rArr; CPU_TS_TmrInit &rArr; BSP_CPU_ClkFreq &rArr; RCC_GetClocksFreq
</UL>
<BR>[Calls]<UL><LI><a href="#[16a]">&gt;&gt;</a>&nbsp;&nbsp;&nbsp;CPU_TS_TmrInit
</UL>
<BR>[Called By]<UL><LI><a href="#[6e]">&gt;&gt;</a>&nbsp;&nbsp;&nbsp;CPU_Init
</UL>

<P><STRONG><a name="[18b]"></a>Mem_SegAlloc</STRONG> (Thumb, 60 bytes, Stack size 20 bytes, lib_mem.o(.text), UNUSED)
<BR><BR>[Called By]<UL><LI><a href="#[18e]">&gt;&gt;</a>&nbsp;&nbsp;&nbsp;Mem_PoolCreate
<LI><a href="#[189]">&gt;&gt;</a>&nbsp;&nbsp;&nbsp;Mem_HeapAlloc
</UL>

<P><STRONG><a name="[18a]"></a>Mem_SegCalcTotSize</STRONG> (Thumb, 60 bytes, Stack size 24 bytes, lib_mem.o(.text), UNUSED)
<BR><BR>[Called By]<UL><LI><a href="#[18e]">&gt;&gt;</a>&nbsp;&nbsp;&nbsp;Mem_PoolCreate
<LI><a href="#[189]">&gt;&gt;</a>&nbsp;&nbsp;&nbsp;Mem_HeapAlloc
</UL>

<P><STRONG><a name="[1a6]"></a>Str_FmtNbr_Int32</STRONG> (Thumb, 476 bytes, Stack size 104 bytes, lib_str.o(.text), UNUSED)
<BR><BR>[Calls]<UL><LI><a href="#[1a7]">&gt;&gt;</a>&nbsp;&nbsp;&nbsp;ASCII_IsPrint
</UL>
<BR>[Called By]<UL><LI><a href="#[1a9]">&gt;&gt;</a>&nbsp;&nbsp;&nbsp;Str_FmtNbr_Int32S
<LI><a href="#[1a8]">&gt;&gt;</a>&nbsp;&nbsp;&nbsp;Str_FmtNbr_Int32U
</UL>

<P><STRONG><a name="[1aa]"></a>Str_ParseNbr_Int32</STRONG> (Thumb, 446 bytes, Stack size 96 bytes, lib_str.o(.text), UNUSED)
<BR><BR>[Calls]<UL><LI><a href="#[1ab]">&gt;&gt;</a>&nbsp;&nbsp;&nbsp;ASCII_IsSpace
<LI><a href="#[1ac]">&gt;&gt;</a>&nbsp;&nbsp;&nbsp;ASCII_IsDigHex
<LI><a href="#[1ae]">&gt;&gt;</a>&nbsp;&nbsp;&nbsp;ASCII_IsDig
<LI><a href="#[1af]">&gt;&gt;</a>&nbsp;&nbsp;&nbsp;ASCII_IsLower
<LI><a href="#[1ad]">&gt;&gt;</a>&nbsp;&nbsp;&nbsp;ASCII_IsAlphaNum
</UL>
<BR>[Called By]<UL><LI><a href="#[1b1]">&gt;&gt;</a>&nbsp;&nbsp;&nbsp;Str_ParseNbr_Int32S
<LI><a href="#[1b0]">&gt;&gt;</a>&nbsp;&nbsp;&nbsp;Str_ParseNbr_Int32U
</UL>

<P><STRONG><a name="[26a]"></a>_fp_digits</STRONG> (Thumb, 366 bytes, Stack size 64 bytes, printfa.o(i._fp_digits), UNUSED)
<BR><BR>[Calls]<UL><LI><a href="#[e5]">&gt;&gt;</a>&nbsp;&nbsp;&nbsp;__aeabi_cdrcmple
<LI><a href="#[9e]">&gt;&gt;</a>&nbsp;&nbsp;&nbsp;__aeabi_dmul
<LI><a href="#[250]">&gt;&gt;</a>&nbsp;&nbsp;&nbsp;__aeabi_ddiv
<LI><a href="#[256]">&gt;&gt;</a>&nbsp;&nbsp;&nbsp;__aeabi_dadd
<LI><a href="#[261]">&gt;&gt;</a>&nbsp;&nbsp;&nbsp;__aeabi_d2ulz
<LI><a href="#[16d]">&gt;&gt;</a>&nbsp;&nbsp;&nbsp;__aeabi_uldivmod
</UL>
<BR>[Called By]<UL><LI><a href="#[266]">&gt;&gt;</a>&nbsp;&nbsp;&nbsp;_printf_core
</UL>

<P><STRONG><a name="[266]"></a>_printf_core</STRONG> (Thumb, 1744 bytes, Stack size 136 bytes, printfa.o(i._printf_core), UNUSED)
<BR><BR>[Calls]<UL><LI><a href="#[26b]">&gt;&gt;</a>&nbsp;&nbsp;&nbsp;_printf_pre_padding
<LI><a href="#[26c]">&gt;&gt;</a>&nbsp;&nbsp;&nbsp;_printf_post_padding
<LI><a href="#[26a]">&gt;&gt;</a>&nbsp;&nbsp;&nbsp;_fp_digits
<LI><a href="#[16d]">&gt;&gt;</a>&nbsp;&nbsp;&nbsp;__aeabi_uldivmod
<LI><a href="#[26d]">&gt;&gt;</a>&nbsp;&nbsp;&nbsp;__aeabi_uidivmod
</UL>
<BR>[Called By]<UL><LI><a href="#[268]">&gt;&gt;</a>&nbsp;&nbsp;&nbsp;__0vsprintf
<LI><a href="#[267]">&gt;&gt;</a>&nbsp;&nbsp;&nbsp;__0sprintf
<LI><a href="#[265]">&gt;&gt;</a>&nbsp;&nbsp;&nbsp;__0printf
</UL>

<P><STRONG><a name="[26c]"></a>_printf_post_padding</STRONG> (Thumb, 36 bytes, Stack size 24 bytes, printfa.o(i._printf_post_padding), UNUSED)
<BR><BR>[Called By]<UL><LI><a href="#[266]">&gt;&gt;</a>&nbsp;&nbsp;&nbsp;_printf_core
</UL>

<P><STRONG><a name="[26b]"></a>_printf_pre_padding</STRONG> (Thumb, 46 bytes, Stack size 24 bytes, printfa.o(i._printf_pre_padding), UNUSED)
<BR><BR>[Called By]<UL><LI><a href="#[266]">&gt;&gt;</a>&nbsp;&nbsp;&nbsp;_printf_core
</UL>

<P><STRONG><a name="[55]"></a>_sputc</STRONG> (Thumb, 10 bytes, Stack size 0 bytes, printfa.o(i._sputc))
<BR><BR>[Called By]<UL><LI><a href="#[268]">&gt;&gt;</a>&nbsp;&nbsp;&nbsp;__0vsprintf
<LI><a href="#[267]">&gt;&gt;</a>&nbsp;&nbsp;&nbsp;__0sprintf
</UL>
<BR>[Address Reference Count : 2]<UL><LI> printfa.o(i.__0sprintf)
<LI> printfa.o(i.__0vsprintf)
</UL>
<P><STRONG><a name="[269]"></a>internal_alloc</STRONG> (Thumb, 76 bytes, Stack size 24 bytes, mallocr.o(i.internal_alloc))
<BR><BR>[Stack]<UL><LI>Max Depth = 24<LI>Call Chain = internal_alloc
</UL>
<BR>[Calls]<UL><LI><a href="#[e0]">&gt;&gt;</a>&nbsp;&nbsp;&nbsp;__aeabi_memcpy
</UL>
<BR>[Called By]<UL><LI><a href="#[2]">&gt;&gt;</a>&nbsp;&nbsp;&nbsp;realloc
<LI><a href="#[0]">&gt;&gt;</a>&nbsp;&nbsp;&nbsp;malloc
</UL>

<P><STRONG><a name="[24e]"></a>_fp_value</STRONG> (Thumb, 296 bytes, Stack size 64 bytes, scanf_fp.o(.text), UNUSED)
<BR><BR>[Calls]<UL><LI><a href="#[9e]">&gt;&gt;</a>&nbsp;&nbsp;&nbsp;__aeabi_dmul
<LI><a href="#[24f]">&gt;&gt;</a>&nbsp;&nbsp;&nbsp;__aeabi_ul2d
<LI><a href="#[250]">&gt;&gt;</a>&nbsp;&nbsp;&nbsp;__aeabi_ddiv
</UL>
<BR>[Called By]<UL><LI><a href="#[251]">&gt;&gt;</a>&nbsp;&nbsp;&nbsp;_scanf_really_real
</UL>

<P><STRONG><a name="[51]"></a>_scanf_char_input</STRONG> (Thumb, 12 bytes, Stack size 0 bytes, scanf_char.o(.text))
<BR>[Address Reference Count : 1]<UL><LI> scanf_char.o(.text)
</UL>
<P><STRONG><a name="[25c]"></a>_local_sscanf</STRONG> (Thumb, 54 bytes, Stack size 56 bytes, strtod.o(.text))
<BR><BR>[Stack]<UL><LI>Max Depth = 160<LI>Call Chain = _local_sscanf &rArr; _scanf_real
</UL>
<BR>[Calls]<UL><LI><a href="#[25d]">&gt;&gt;</a>&nbsp;&nbsp;&nbsp;_scanf_real
</UL>
<BR>[Called By]<UL><LI><a href="#[25e]">&gt;&gt;</a>&nbsp;&nbsp;&nbsp;__strtod_int
</UL>
<P>
<H3>
Undefined Global Symbols
</H3><HR></body></html>
