Component: ARM Compiler 5.06 update 6 (build 750) Tool: armlink [4d35ed]

==============================================================================

Section Cross References

    main.o(.text) refers to delay.o(.text) for delay_init
    main.o(.text) refers to misc.o(.text) for NVIC_PriorityGroupConfig
    main.o(.text) refers to usart.o(.text) for uart_init
    main.o(.text) refers to espuart.o(.text) for USART2_Init
    main.o(.text) refers to led.o(.text) for LED_Init
    main.o(.text) refers to lcd.o(.text) for LCD_Init
    main.o(.text) refers to key.o(.text) for KEY_Init
    main.o(.text) refers to malloc.o(.text) for mem_init
    main.o(.text) refers to hz.o(.text) for Show_Hz16
    main.o(.data) refers to main.o(.conststring) for .conststring
    system_stm32f10x.o(.text) refers to system_stm32f10x.o(.data) for SystemCoreClock
    led.o(.text) refers to stm32f10x_rcc.o(.text) for RCC_APB2PeriphClockCmd
    led.o(.text) refers to stm32f10x_gpio.o(.text) for GPIO_Init
    key.o(.text) refers to stm32f10x_rcc.o(.text) for RCC_APB2PeriphClockCmd
    key.o(.text) refers to stm32f10x_gpio.o(.text) for GPIO_PinRemapConfig
    key.o(.text) refers to delay.o(.text) for delay_ms
    key.o(.text) refers to key.o(.data) for key_up
    espuart.o(.text) refers to stm32f10x_tim.o(.text) for TIM_SetCounter
    espuart.o(.text) refers to stm32f10x_usart.o(.text) for USART_GetITStatus
    espuart.o(.text) refers to stm32f10x_rcc.o(.text) for RCC_APB1PeriphClockCmd
    espuart.o(.text) refers to misc.o(.text) for NVIC_Init
    espuart.o(.text) refers to stm32f10x_dma.o(.text) for DMA_DeInit
    espuart.o(.text) refers to stm32f10x_gpio.o(.text) for GPIO_Init
    espuart.o(.text) refers to printfa.o(i.__0vsprintf) for __c89vsprintf
    espuart.o(.text) refers to strlen.o(.text) for strlen
    espuart.o(.text) refers to espuart.o(.data) for USART2_RX_STA
    espuart.o(.text) refers to espuart.o(.bss) for USART2_RX_BUF
    wifi.o(.text) refers to strstr.o(.text) for strstr
    wifi.o(.text) refers to espuart.o(.text) for u2_printf
    wifi.o(.text) refers to printfa.o(i.__0printf) for __2printf
    wifi.o(.text) refers to delay.o(.text) for delay_ms
    wifi.o(.text) refers to printfa.o(i.__0sprintf) for __2sprintf
    wifi.o(.text) refers to malloc.o(.text) for mymalloc
    wifi.o(.text) refers to stm32f10x_usart.o(.text) for USART_GetFlagStatus
    wifi.o(.text) refers to cjson.o(.text) for cJSON_Parse
    wifi.o(.text) refers to atoi.o(.text) for atoi
    wifi.o(.text) refers to espuart.o(.data) for USART2_RX_STA
    wifi.o(.text) refers to espuart.o(.bss) for USART2_RX_BUF
    lcd.o(.text) refers to delay.o(.text) for delay_us
    lcd.o(.text) refers to lcd.o(.bss) for lcddev
    lcd.o(.text) refers to dfltui.o(.text) for __aeabi_ui2d
    lcd.o(.text) refers to dmul.o(.text) for __aeabi_dmul
    lcd.o(.text) refers to dfixui.o(.text) for __aeabi_d2uiz
    lcd.o(.text) refers to lcd.o(.data) for POINT_COLOR
    lcd.o(.text) refers to stm32f10x_rcc.o(.text) for RCC_APB2PeriphClockCmd
    lcd.o(.text) refers to stm32f10x_gpio.o(.text) for GPIO_PinRemapConfig
    lcd.o(.text) refers to printfa.o(i.__0printf) for __2printf
    lcd.o(.text) refers to lcd.o(.constdata) for asc2_1206
    hz.o(.text) refers to lcd.o(.text) for LCD_Set_Window
    hz.o(.text) refers to hz.o(.constdata) for GB32_Code
    cjson.o(.text) refers to scanf_fp.o(.text) for _scanf_real
    cjson.o(.text) refers to printfa.o(i.__0sprintf) for __2sprintf
    cjson.o(.text) refers to tolower.o(.text) for tolower
    cjson.o(.text) refers to strlen.o(.text) for strlen
    cjson.o(.text) refers to memcpya.o(.text) for __aeabi_memcpy
    cjson.o(.text) refers to memseta.o(.text) for __aeabi_memclr4
    cjson.o(.text) refers to strtod.o(i.strtod) for strtod
    cjson.o(.text) refers to cdrcmple.o(.text) for __aeabi_cdrcmple
    cjson.o(.text) refers to cdcmple.o(.text) for __aeabi_cdcmple
    cjson.o(.text) refers to dfixi.o(.text) for __aeabi_d2iz
    cjson.o(.text) refers to cjson.o(.data) for global_error
    cjson.o(.text) refers to cjson.o(.bss) for version
    cjson.o(.text) refers to mallocr.o(i.__malloc$realloc) for malloc
    cjson.o(.text) refers to mallocr.o(i.__free$realloc) for free
    cjson.o(.text) refers to mallocr.o(i.realloc) for realloc
    cjson.o(.text) refers to dadd.o(.text) for __aeabi_dsub
    cjson.o(.text) refers to dmul.o(.text) for __aeabi_dmul
    cjson.o(.text) refers to __0sscanf.o(.text) for __0sscanf
    cjson.o(.text) refers to strcpy.o(.text) for strcpy
    cjson.o(.text) refers to strncmp.o(.text) for strncmp
    cjson.o(.text) refers to strcmp.o(.text) for strcmp
    cjson.o(.text) refers to dflti.o(.text) for __aeabi_i2d
    cjson.o(.text) refers to f2d.o(.text) for __aeabi_f2d
    cjson.o(.data) refers to mallocr.o(i.__malloc$realloc) for malloc
    cjson.o(.data) refers to mallocr.o(i.__free$realloc) for free
    cjson.o(.data) refers to mallocr.o(i.realloc) for realloc
[...]
    printf5.o(i.__0vfprintf$5) refers to printf5.o(i._printf_core) for _printf_core
    printf5.o(i.__0vfprintf$5) refers to usart.o(.text) for fputc
    printf5.o(i.__0vprintf$5) refers to printf5.o(i._printf_core) for _printf_core
    printf5.o(i.__0vprintf$5) refers to usart.o(.text) for fputc
    printf5.o(i.__0vprintf$5) refers to usart.o(.data) for __stdout
    printf5.o(i.__0vsnprintf$5) refers to printf5.o(i._printf_core) for _printf_core
    printf5.o(i.__0vsnprintf$5) refers to printf5.o(i._snputc) for _snputc
    printf5.o(i.__0vsprintf$5) refers to printf5.o(i._printf_core) for _printf_core
    printf5.o(i.__0vsprintf$5) refers to printf5.o(i._sputc) for _sputc
    printf5.o(i._printf_core) refers to uldiv.o(.text) for __aeabi_uldivmod
    printf6.o(i.__0fprintf$6) refers to printf6.o(i._printf_core) for _printf_core
    printf6.o(i.__0fprintf$6) refers to usart.o(.text) for fputc
    printf6.o(i.__0printf$6) refers to printf6.o(i._printf_core) for _printf_core
    printf6.o(i.__0printf$6) refers to usart.o(.text) for fputc
    printf6.o(i.__0printf$6) refers to usart.o(.data) for __stdout
    printf6.o(i.__0snprintf$6) refers to printf6.o(i._printf_core) for _printf_core
    printf6.o(i.__0snprintf$6) refers to printf6.o(i._snputc) for _snputc
    printf6.o(i.__0sprintf$6) refers to printf6.o(i._printf_core) for _printf_core
    printf6.o(i.__0sprintf$6) refers to printf6.o(i._sputc) for _sputc
    printf6.o(i.__0vfprintf$6) refers to printf6.o(i._printf_core) for _printf_core
    printf6.o(i.__0vfprintf$6) refers to usart.o(.text) for fputc
    printf6.o(i.__0vprintf$6) refers to printf6.o(i._printf_core) for _printf_core
    printf6.o(i.__0vprintf$6) refers to usart.o(.text) for fputc
    printf6.o(i.__0vprintf$6) refers to usart.o(.data) for __stdout
    printf6.o(i.__0vsnprintf$6) refers to printf6.o(i._printf_core) for _printf_core
    printf6.o(i.__0vsnprintf$6) refers to printf6.o(i._snputc) for _snputc
    printf6.o(i.__0vsprintf$6) refers to printf6.o(i._printf_core) for _printf_core
    printf6.o(i.__0vsprintf$6) refers to printf6.o(i._sputc) for _sputc
    printf6.o(i._printf_core) refers to printf6.o(i._printf_pre_padding) for _printf_pre_padding
    printf6.o(i._printf_core) refers to uidiv.o(.text) for __aeabi_uidivmod
    printf6.o(i._printf_core) refers to printf6.o(i._printf_post_padding) for _printf_post_padding
    printf7.o(i.__0fprintf$7) refers to printf7.o(i._printf_core) for _printf_core
    printf7.o(i.__0fprintf$7) refers to usart.o(.text) for fputc
    printf7.o(i.__0printf$7) refers to printf7.o(i._printf_core) for _printf_core
    printf7.o(i.__0printf$7) refers to usart.o(.text) for fputc
    printf7.o(i.__0printf$7) refers to usart.o(.data) for __stdout
    printf7.o(i.__0snprintf$7) refers to printf7.o(i._printf_core) for _printf_core
    printf7.o(i.__0snprintf$7) refers to printf7.o(i._snputc) for _snputc
    printf7.o(i.__0sprintf$7) refers to printf7.o(i._printf_core) for _printf_core
    printf7.o(i.__0sprintf$7) refers to printf7.o(i._sputc) for _sputc
    printf7.o(i.__0vfprintf$7) refers to printf7.o(i._printf_core) for _printf_core
    printf7.o(i.__0vfprintf$7) refers to usart.o(.text) for fputc
    printf7.o(i.__0vprintf$7) refers to printf7.o(i._printf_core) for _printf_core
    printf7.o(i.__0vprintf$7) refers to usart.o(.text) for fputc
    printf7.o(i.__0vprintf$7) refers to usart.o(.data) for __stdout
    printf7.o(i.__0vsnprintf$7) refers to printf7.o(i._printf_core) for _printf_core
    printf7.o(i.__0vsnprintf$7) refers to printf7.o(i._snputc) for _snputc
    printf7.o(i.__0vsprintf$7) refers to printf7.o(i._printf_core) for _printf_core
    printf7.o(i.__0vsprintf$7) refers to printf7.o(i._sputc) for _sputc
    printf7.o(i._printf_core) refers to printf7.o(i._printf_pre_padding) for _printf_pre_padding
    printf7.o(i._printf_core) refers to uldiv.o(.text) for __aeabi_uldivmod
    printf7.o(i._printf_core) refers to printf7.o(i._printf_post_padding) for _printf_post_padding
    printf8.o(i.__0fprintf$8) refers to printf8.o(i._printf_core) for _printf_core
    printf8.o(i.__0fprintf$8) refers to usart.o(.text) for fputc
    printf8.o(i.__0printf$8) refers to printf8.o(i._printf_core) for _printf_core
    printf8.o(i.__0printf$8) refers to usart.o(.text) for fputc
    printf8.o(i.__0printf$8) refers to usart.o(.data) for __stdout
    printf8.o(i.__0snprintf$8) refers to printf8.o(i._printf_core) for _printf_core
    printf8.o(i.__0snprintf$8) refers to printf8.o(i._snputc) for _snputc
    printf8.o(i.__0sprintf$8) refers to printf8.o(i._printf_core) for _printf_core
    printf8.o(i.__0sprintf$8) refers to printf8.o(i._sputc) for _sputc
    printf8.o(i.__0vfprintf$8) refers to printf8.o(i._printf_core) for _printf_core
    printf8.o(i.__0vfprintf$8) refers to usart.o(.text) for fputc
    printf8.o(i.__0vprintf$8) refers to printf8.o(i._printf_core) for _printf_core
    printf8.o(i.__0vprintf$8) refers to usart.o(.text) for fputc
    printf8.o(i.__0vprintf$8) refers to usart.o(.data) for __stdout
    printf8.o(i.__0vsnprintf$8) refers to printf8.o(i._printf_core) for _printf_core
    printf8.o(i.__0vsnprintf$8) refers to printf8.o(i._snputc) for _snputc
    printf8.o(i.__0vsprintf$8) refers to printf8.o(i._printf_core) for _printf_core
    printf8.o(i.__0vsprintf$8) refers to printf8.o(i._sputc) for _sputc
    printf8.o(i._printf_core) refers to printf8.o(i._printf_pre_padding) for _printf_pre_padding
    printf8.o(i._printf_core) refers to uldiv.o(.text) for __aeabi_uldivmod
    printf8.o(i._printf_core) refers to printf8.o(i._printf_post_padding) for _printf_post_padding
    printfa.o(i.__0fprintf) refers (Special) to iusefp.o(.text) for __I$use$fp
    printfa.o(i.__0fprintf) refers to printfa.o(i._printf_core) for _printf_core
    printfa.o(i.__0fprintf) refers to usart.o(.text) for fputc
    printfa.o(i.__0printf) refers (Special) to iusefp.o(.text) for __I$use$fp
    printfa.o(i.__0printf) refers to printfa.o(i._printf_core) for _printf_core
    printfa.o(i.__0printf) refers to usart.o(.text) for fputc
    printfa.o(i.__0printf) refers to usart.o(.data) for __stdout
    printfa.o(i.__0snprintf) refers (Special) to iusefp.o(.text) for __I$use$fp
    printfa.o(i.__0snprintf) refers to printfa.o(i._printf_core) for _printf_core
    printfa.o(i.__0snprintf) refers to printfa.o(i._snputc) for _snputc
    printfa.o(i.__0sprintf) refers (Special) to iusefp.o(.text) for __I$use$fp
    printfa.o(i.__0sprintf) refers to printfa.o(i._printf_core) for _printf_core
    printfa.o(i.__0sprintf) refers to printfa.o(i._sputc) for _sputc
    printfa.o(i.__0vfprintf) refers (Special) to iusefp.o(.text) for __I$use$fp
    printfa.o(i.__0vfprintf) refers to printfa.o(i._printf_core) for _printf_core
    printfa.o(i.__0vfprintf) refers to usart.o(.text) for fputc
    printfa.o(i.__0vprintf) refers (Special) to iusefp.o(.text) for __I$use$fp
    printfa.o(i.__0vprintf) refers to printfa.o(i._printf_core) for _printf_core
    printfa.o(i.__0vprintf) refers to usart.o(.text) for fputc
    printfa.o(i.__0vprintf) refers to usart.o(.data) for __stdout
    printfa.o(i.__0vsnprintf) refers (Special) to iusefp.o(.text) for __I$use$fp
    printfa.o(i.__0vsnprintf) refers to printfa.o(i._printf_core) for _printf_core
    printfa.o(i.__0vsnprintf) refers to printfa.o(i._snputc) for _snputc
    printfa.o(i.__0vsprintf) refers (Special) to iusefp.o(.text) for __I$use$fp
    printfa.o(i.__0vsprintf) refers to printfa.o(i._printf_core) for _printf_core
    printfa.o(i.__0vsprintf) refers to printfa.o(i._sputc) for _sputc
    printfa.o(i._fp_digits) refers (Special) to iusefp.o(.text) for __I$use$fp
    printfa.o(i._fp_digits) refers to dmul.o(.text) for __aeabi_dmul
    printfa.o(i._fp_digits) refers to ddiv.o(.text) for __aeabi_ddiv
    printfa.o(i._fp_digits) refers to cdrcmple.o(.text) for __aeabi_cdrcmple
    printfa.o(i._fp_digits) refers to dadd.o(.text) for __aeabi_dadd
    printfa.o(i._fp_digits) refers to dfixul.o(.text) for __aeabi_d2ulz
    printfa.o(i._fp_digits) refers to uldiv.o(.text) for __aeabi_uldivmod
    printfa.o(i._printf_core) refers (Special) to iusefp.o(.text) for __I$use$fp
    printfa.o(i._printf_core) refers to printfa.o(i._printf_pre_padding) for _printf_pre_padding
    printfa.o(i._printf_core) refers to uldiv.o(.text) for __aeabi_uldivmod
    printfa.o(i._printf_core) refers to printfa.o(i._printf_post_padding) for _printf_post_padding
    printfa.o(i._printf_core) refers to printfa.o(i._fp_digits) for _fp_digits
    printfa.o(i._printf_core) refers to uidiv.o(.text) for __aeabi_uidivmod
    printfa.o(i._printf_post_padding) refers (Special) to iusefp.o(.text) for __I$use$fp
    printfa.o(i._printf_pre_padding) refers (Special) to iusefp.o(.text) for __I$use$fp
    printfa.o(i._snputc) refers (Special) to iusefp.o(.text) for __I$use$fp
    printfa.o(i._sputc) refers (Special) to iusefp.o(.text) for __I$use$fp
    malloc.o(i.free) refers to mvars.o(.data) for __microlib_freelist
    malloc.o(i.malloc) refers to mvars.o(.data) for __microlib_freelist_initialised
    malloc.o(i.malloc) refers to mvars.o(.data) for __microlib_freelist
    malloc.o(i.malloc) refers to startup_stm32f10x_hd.o(HEAP) for __heap_base
    mallocr.o(i.__free$realloc) refers to mvars.o(.data) for __microlib_freelist
    mallocr.o(i.__malloc$realloc) refers to mallocr.o(i.internal_alloc) for internal_alloc
    mallocr.o(i.__malloc$realloc) refers to mvars.o(.data) for __microlib_freelist_initialised
    mallocr.o(i.__malloc$realloc) refers to startup_stm32f10x_hd.o(HEAP) for __heap_base
    mallocr.o(i.__malloc$realloc) refers to mvars.o(.data) for __microlib_freelist
    mallocr.o(i.internal_alloc) refers to memcpya.o(.text) for __aeabi_memcpy
    mallocr.o(i.internal_alloc) refers to mvars.o(.data) for __microlib_freelist
    mallocr.o(i.realloc) refers to mallocr.o(i.__free$realloc) for free
    mallocr.o(i.realloc) refers to mallocr.o(i.internal_alloc) for internal_alloc
    mallocr.o(i.realloc) refers to mallocr.o(i.__malloc$realloc) for malloc
    mallocr.o(i.realloc) refers to mvars.o(.data) for __microlib_freelist
    malloca.o(i.__aligned_malloc) refers to mvars.o(.data) for __microlib_freelist_initialised
    malloca.o(i.__aligned_malloc) refers to mvars.o(.data) for __microlib_freelist
    malloca.o(i.__aligned_malloc) refers to startup_stm32f10x_hd.o(HEAP) for __heap_base
    malloca.o(i.__free$memalign) refers to mvars.o(.data) for __microlib_freelist
    malloca.o(i.__malloc$memalign) refers to malloca.o(i.__aligned_malloc) for __aligned_malloc
    mallocra.o(i.__aligned_malloc$realloc) refers to mallocra.o(i.internal_alloc) for internal_alloc
    mallocra.o(i.__aligned_malloc$realloc) refers to mvars.o(.data) for __microlib_freelist_initialised
    mallocra.o(i.__aligned_malloc$realloc) refers to startup_stm32f10x_hd.o(HEAP) for __heap_base
    mallocra.o(i.__aligned_malloc$realloc) refers to mvars.o(.data) for __microlib_freelist
    mallocra.o(i.__free$realloc$memalign) refers to mvars.o(.data) for __microlib_freelist
    mallocra.o(i.__malloc$realloc$memalign) refers to mallocra.o(i.__aligned_malloc$realloc) for __aligned_malloc$realloc
    mallocra.o(i.__realloc$memalign) refers to mallocra.o(i.__free$realloc$memalign) for __free$realloc$memalign
    mallocra.o(i.__realloc$memalign) refers to mallocra.o(i.internal_alloc) for internal_alloc
    mallocra.o(i.__realloc$memalign) refers to mallocra.o(i.__malloc$realloc$memalign) for __malloc$realloc$memalign
    mallocra.o(i.__realloc$memalign) refers to mvars.o(.data) for __microlib_freelist
    mallocra.o(i.internal_alloc) refers to memcpya.o(.text) for __aeabi_memcpy
    mallocra.o(i.internal_alloc) refers to mvars.o(.data) for __microlib_freelist
    __0sscanf.o(.text) refers to scanf_char.o(.text) for __vfscanf_char
    __0sscanf.o(.text) refers to _sgetc.o(.text) for _sgetc
    scanf_fp.o(.text) refers (Special) to iusefp.o(.text) for __I$use$fp
    scanf_fp.o(.text) refers to dfltul.o(.text) for __aeabi_ul2d
    scanf_fp.o(.text) refers to dmul.o(.text) for __aeabi_dmul
    scanf_fp.o(.text) refers to ddiv.o(.text) for __aeabi_ddiv
    scanf_fp.o(.text) refers to scanf_fp.o(i._is_digit) for _is_digit
    scanf_fp.o(.text) refers to d2f.o(.text) for __aeabi_d2f
    atoi.o(.text) refers to errno.o(i.__aeabi_errno_addr) for __aeabi_errno_addr
    atoi.o(.text) refers to strtol.o(.text) for strtol
    dadd.o(.text) refers (Special) to iusefp.o(.text) for __I$use$fp
    dadd.o(.text) refers to llshl.o(.text) for __aeabi_llsl
    dadd.o(.text) refers to llsshr.o(.text) for __aeabi_lasr
    dadd.o(.text) refers to depilogue.o(.text) for _double_epilogue
    dmul.o(.text) refers (Special) to iusefp.o(.text) for __I$use$fp
    dmul.o(.text) refers to depilogue.o(.text) for _double_epilogue
    dflti.o(.text) refers (Special) to iusefp.o(.text) for __I$use$fp
    dflti.o(.text) refers to depilogue.o(.text) for _double_epilogue
    dfltui.o(.text) refers (Special) to iusefp.o(.text) for __I$use$fp
    dfltui.o(.text) refers to depilogue.o(.text) for _double_epilogue
    dfixi.o(.text) refers (Special) to iusefp.o(.text) for __I$use$fp
    dfixi.o(.text) refers to llushr.o(.text) for __aeabi_llsr
    dfixui.o(.text) refers (Special) to iusefp.o(.text) for __I$use$fp
    dfixui.o(.text) refers to llushr.o(.text) for __aeabi_llsr
    f2d.o(.text) refers (Special) to iusefp.o(.text) for __I$use$fp
    cdcmple.o(.text) refers (Special) to iusefp.o(.text) for __I$use$fp
    cdrcmple.o(.text) refers (Special) to iusefp.o(.text) for __I$use$fp
    entry2.o(.ARM.Collect$$$$00000001) refers to entry2.o(.ARM.Collect$$$$00002712) for __lit__00000000
    entry2.o(.ARM.Collect$$$$00002712) refers to startup_stm32f10x_hd.o(STACK) for __initial_sp
    entry2.o(__vectab_stack_and_reset_area) refers to startup_stm32f10x_hd.o(STACK) for __initial_sp
    entry2.o(__vectab_stack_and_reset_area) refers to entry.o(.ARM.Collect$$$$00000000) for __main
    entry5.o(.ARM.Collect$$$$00000004) refers to init.o(.text) for __scatterload
    entry9a.o(.ARM.Collect$$$$0000000B) refers to main.o(.text) for main
    entry9b.o(.ARM.Collect$$$$0000000C) refers to main.o(.text) for main
    uldiv.o(.text) refers to llushr.o(.text) for __aeabi_llsr
    uldiv.o(.text) refers to llshl.o(.text) for __aeabi_llsl
    errno.o(i.__aeabi_errno_addr) refers to errno.o(.data) for .data
    errno.o(i.__read_errno) refers to errno.o(.data) for .data
    errno.o(i.__set_errno) refers to errno.o(.data) for .data
    scanf_char.o(.text) refers to _scanf.o(.text) for __vfscanf
    scanf_char.o(.text) refers to isspace_o.o(.text) for isspace
    strtod.o(.text) refers to scanf_fp.o(.text) for _scanf_real
    strtod.o(.text) refers to _sgetc.o(.text) for _sgetc
    strtod.o(.text) refers to isspace_o.o(.text) for isspace
    strtol.o(.text) refers to ctype_o.o(.text) for __rt_ctype_table
    strtol.o(.text) refers to _strtoul.o(.text) for _strtoul
    strtol.o(.text) refers to errno.o(i.__aeabi_errno_addr) for __aeabi_errno_addr
    depilogue.o(.text) refers to llshl.o(.text) for __aeabi_llsl
    depilogue.o(.text) refers to llushr.o(.text) for __aeabi_llsr
    ddiv.o(.text) refers to depilogue.o(.text) for _double_round
    dfltul.o(.text) refers to depilogue.o(.text) for _double_epilogue
    dfixul.o(.text) refers to llushr.o(.text) for __aeabi_llsr
    dfixul.o(.text) refers to llshl.o(.text) for __aeabi_llsl
    d2f.o(.text) refers to fepilogue.o(.text) for _float_round
    init.o(.text) refers to entry5.o(.ARM.Collect$$$$00000004) for __main_after_scatterload
    isspace_c.o(.text) refers to ctype_c.o(.text) for __ctype_lookup
    ctype_o.o(.text) refers to ctype_o.o(.constdata) for .constdata
    ctype_o.o(.constdata) refers to ctype_o.o(.constdata) for __ctype_table
    isalnum_o.o(.text) refers to ctype_o.o(.text) for __rt_ctype_table
    isalpha_o.o(.text) refers to ctype_o.o(.text) for __rt_ctype_table
    isblank_o.o(.text) refers to ctype_o.o(.constdata) for __ctype_table
    iscntrl_o.o(.text) refers to ctype_o.o(.text) for __rt_ctype_table
    isdigit_o.o(.text) refers to ctype_o.o(.text) for __rt_ctype_table
    isgraph_o.o(.text) refers to ctype_o.o(.text) for __rt_ctype_table
    islower_o.o(.text) refers to ctype_o.o(.text) for __rt_ctype_table
    isprint_o.o(.text) refers to ctype_o.o(.text) for __rt_ctype_table
    ispunct_o.o(.text) refers to ctype_o.o(.text) for __rt_ctype_table
    isspace_o.o(.text) refers to ctype_o.o(.text) for __rt_ctype_table
    isupper_o.o(.text) refers to ctype_o.o(.text) for __rt_ctype_table
    isxdigit_o.o(.text) refers to ctype_o.o(.text) for __rt_ctype_table
    _scanf.o(.text) refers (Weak) to scanf_fp.o(.text) for _scanf_real
    _strtoul.o(.text) refers to _chval.o(.text) for _chval
    _strtoul.o(.text) refers to errno.o(i.__aeabi_errno_addr) for __aeabi_errno_addr
    ctype_c.o(.text) refers to ctype_c.o(.constdata) for .constdata
    scanf_fp.o(i._is_digit) refers (Special) to iusefp.o(.text) for __I$use$fp


==============================================================================

Removing Unused input sections from the image.

    Removing main.o(.conststring), (157 bytes).
    Removing main.o(.data), (20 bytes).
    Removing wifi.o(.text), (1908 bytes).
    Removing cjson.o(.text), (8416 bytes).
    Removing cjson.o(.bss), (15 bytes).
    Removing cjson.o(.data), (20 bytes).
    Removing sys.o(.emb_text), (6 bytes).
    Removing sys.o(.text), (12 bytes).
    Removing malloc.o(.constdata), (12 bytes).
    Removing core_cm3.o(.emb_text), (32 bytes).
    Removing startup_stm32f10x_hd.o(HEAP), (4096 bytes).
    Removing dflti.o(.text), (34 bytes).
    Removing dfixi.o(.text), (62 bytes).
    Removing f2d.o(.text), (38 bytes).
    Removing cdcmple.o(.text), (48 bytes).
    Removing dfltul.o(.text), (24 bytes).
    Removing d2f.o(.text), (56 bytes).
    Removing fepilogue.o(.text), (110 bytes).

18 unused section(s) (total 15066 bytes) removed from the image.

==============================================================================

Image Symbol Table

    Local Symbols

    Symbol Name                              Value     Ov Type        Size  Object(Section)

    ../clib/microlib/ctype/ctype.c           0x00000000   Number         0  isxdigit_o.o ABSOLUTE
    ../clib/microlib/ctype/ctype.c           0x00000000   Number         0  isupper_o.o ABSOLUTE
    ../clib/microlib/ctype/ctype.c           0x00000000   Number         0  isspace_o.o ABSOLUTE
    ../clib/microlib/ctype/ctype.c           0x00000000   Number         0  ispunct_o.o ABSOLUTE
    ../clib/microlib/ctype/ctype.c           0x00000000   Number         0  isspace_c.o ABSOLUTE
    ../clib/microlib/ctype/ctype.c           0x00000000   Number         0  ctype_o.o ABSOLUTE
    ../clib/microlib/ctype/ctype.c           0x00000000   Number         0  isalnum_o.o ABSOLUTE
    ../clib/microlib/ctype/ctype.c           0x00000000   Number         0  isalpha_o.o ABSOLUTE
    ../clib/microlib/ctype/ctype.c           0x00000000   Number         0  isblank_o.o ABSOLUTE
    ../clib/microlib/ctype/ctype.c           0x00000000   Number         0  iscntrl_o.o ABSOLUTE
    ../clib/microlib/ctype/ctype.c           0x00000000   Number         0  isprint_o.o ABSOLUTE
    ../clib/microlib/ctype/ctype.c           0x00000000   Number         0  isdigit_o.o ABSOLUTE
    ../clib/microlib/ctype/ctype.c           0x00000000   Number         0  ctype_c.o ABSOLUTE
    ../clib/microlib/ctype/ctype.c           0x00000000   Number         0  isgraph_o.o ABSOLUTE
    ../clib/microlib/ctype/ctype.c           0x00000000   Number         0  islower_o.o ABSOLUTE
    ../clib/microlib/ctype/tolower.c         0x00000000   Number         0  tolower.o ABSOLUTE
    ../clib/microlib/division.c              0x00000000   Number         0  uidiv.o ABSOLUTE
    ../clib/microlib/division.c              0x00000000   Number         0  uldiv.o ABSOLUTE
    ../clib/microlib/errno.c                 0x00000000   Number         0  errno.o ABSOLUTE
    ../clib/microlib/init/entry.s            0x00000000   Number         0  entry.o ABSOLUTE
    ../clib/microlib/init/entry.s            0x00000000   Number         0  entry2.o ABSOLUTE
    ../clib/microlib/init/entry.s            0x00000000   Number         0  entry5.o ABSOLUTE
    ../clib/microlib/init/entry.s            0x00000000   Number         0  entry7a.o ABSOLUTE
    ../clib/microlib/init/entry.s            0x00000000   Number         0  entry7b.o ABSOLUTE
    ../clib/microlib/init/entry.s            0x00000000   Number         0  entry8a.o ABSOLUTE
    ../clib/microlib/init/entry.s            0x00000000   Number         0  entry8b.o ABSOLUTE
    ../clib/microlib/init/entry.s            0x00000000   Number         0  entry9b.o ABSOLUTE
    ../clib/microlib/init/entry.s            0x00000000   Number         0  entry10a.o ABSOLUTE
    ../clib/microlib/init/entry.s            0x00000000   Number         0  entry10b.o ABSOLUTE
    ../clib/microlib/init/entry.s            0x00000000   Number         0  entry11a.o ABSOLUTE
    ../clib/microlib/init/entry.s            0x00000000   Number         0  entry11b.o ABSOLUTE
    ../clib/microlib/init/entry.s            0x00000000   Number         0  entry9a.o ABSOLUTE
    ../clib/microlib/longlong.c              0x00000000   Number         0  llshl.o ABSOLUTE
    ../clib/microlib/longlong.c              0x00000000   Number         0  llushr.o ABSOLUTE
    ../clib/microlib/longlong.c              0x00000000   Number         0  llsshr.o ABSOLUTE
    ../clib/microlib/malloc/malloc.c         0x00000000   Number         0  malloc.o ABSOLUTE
    ../clib/microlib/malloc/malloc.c         0x00000000   Number         0  mallocr.o ABSOLUTE
    ../clib/microlib/malloc/malloc.c         0x00000000   Number         0  malloca.o ABSOLUTE
    ../clib/microlib/malloc/malloc.c         0x00000000   Number         0  mallocra.o ABSOLUTE
    ../clib/microlib/malloc/mvars.c          0x00000000   Number         0  mvars.o ABSOLUTE
    ../clib/microlib/printf/printf.c         0x00000000   Number         0  printfa.o ABSOLUTE
    ../clib/microlib/printf/printf.c         0x00000000   Number         0  printf8.o ABSOLUTE
    ../clib/microlib/printf/printf.c         0x00000000   Number         0  printfb.o ABSOLUTE
    ../clib/microlib/printf/printf.c         0x00000000   Number         0  printf0.o ABSOLUTE
    ../clib/microlib/printf/printf.c         0x00000000   Number         0  printf1.o ABSOLUTE
    ../clib/microlib/printf/printf.c         0x00000000   Number         0  printf7.o ABSOLUTE
    ../clib/microlib/printf/printf.c         0x00000000   Number         0  printf2.o ABSOLUTE
    ../clib/microlib/printf/printf.c         0x00000000   Number         0  printf3.o ABSOLUTE
    ../clib/microlib/printf/printf.c         0x00000000   Number         0  printf4.o ABSOLUTE
    ../clib/microlib/printf/printf.c         0x00000000   Number         0  printf5.o ABSOLUTE
    ../clib/microlib/printf/printf.c         0x00000000   Number         0  printf6.o ABSOLUTE
    ../clib/microlib/printf/stubs.s          0x00000000   Number         0  stubs.o ABSOLUTE
    ../clib/microlib/string/memcpy.c         0x00000000   Number         0  memcpya.o ABSOLUTE
    ../clib/microlib/string/memcpy.c         0x00000000   Number         0  memcpyb.o ABSOLUTE
    ../clib/microlib/string/memset.c         0x00000000   Number         0  memseta.o ABSOLUTE
    ../clib/microlib/string/strcmp.c         0x00000000   Number         0  strcmp.o ABSOLUTE
    ../clib/microlib/string/strcpy.c         0x00000000   Number         0  strcpy.o ABSOLUTE
    ../clib/microlib/string/strlen.c         0x00000000   Number         0  strlen.o ABSOLUTE
    ../clib/microlib/string/strncmp.c        0x00000000   Number         0  strncmp.o ABSOLUTE
    ../clib/microlib/string/strstr.c         0x00000000   Number         0  strstr.o ABSOLUTE
    ../clib/microlib/stubs.s                 0x00000000   Number         0  iusefp.o ABSOLUTE
    ../clib/microlib/stubs.s                 0x00000000   Number         0  useno.o ABSOLUTE
    ../clib/scanf.c                          0x00000000   Number         0  _scanf.o ABSOLUTE
    ../clib/scanf.c                          0x00000000   Number         0  _strtoul.o ABSOLUTE
    ../clib/scanf.c                          0x00000000   Number         0  __0sscanf.o ABSOLUTE
    ../clib/scanf.c                          0x00000000   Number         0  scanf_char.o ABSOLUTE
    ../clib/scanf.c                          0x00000000   Number         0  _sgetc.o ABSOLUTE
    ../clib/scanf.c                          0x00000000   Number         0  strtod.o ABSOLUTE
    ../clib/scanf.c                          0x00000000   Number         0  strtol.o ABSOLUTE
    ../clib/scanf.c                          0x00000000   Number         0  _chval.o ABSOLUTE
    ../clib/scanf.c                          0x00000000   Number         0  scanf_fp.o ABSOLUTE
    ../clib/scanf.c                          0x00000000   Number         0  atoi.o ABSOLUTE
    ../fplib/microlib/d2f.c                  0x00000000   Number         0  d2f.o ABSOLUTE
    ../fplib/microlib/f2d.c                  0x00000000   Number         0  f2d.o ABSOLUTE
    ../fplib/microlib/fpadd.c                0x00000000   Number         0  dadd.o ABSOLUTE
    ../fplib/microlib/fpdiv.c                0x00000000   Number         0  ddiv.o ABSOLUTE
    ../fplib/microlib/fpepilogue.c           0x00000000   Number         0  depilogue.o ABSOLUTE
    ../fplib/microlib/fpepilogue.c           0x00000000   Number         0  fepilogue.o ABSOLUTE
    ../fplib/microlib/fpfix.c                0x00000000   Number         0  dfixi.o ABSOLUTE
    ../fplib/microlib/fpfix.c                0x00000000   Number         0  dfixui.o ABSOLUTE
    ../fplib/microlib/fpfix.c                0x00000000   Number         0  dfixul.o ABSOLUTE
    ../fplib/microlib/fpflt.c                0x00000000   Number         0  dflti.o ABSOLUTE
    ../fplib/microlib/fpflt.c                0x00000000   Number         0  dfltui.o ABSOLUTE
    ../fplib/microlib/fpflt.c                0x00000000   Number         0  dfltul.o ABSOLUTE
    ../fplib/microlib/fpmul.c                0x00000000   Number         0  dmul.o ABSOLUTE
    ../mathlib/strtod.c                      0x00000000   Number         0  strtod.o ABSOLUTE
    ..\CORE\core_cm3.c                       0x00000000   Number         0  core_cm3.o ABSOLUTE
    ..\CORE\startup_stm32f10x_hd.s           0x00000000   Number         0  startup_stm32f10x_hd.o ABSOLUTE
    ..\HARDWARE\EspUART\EspUart.c            0x00000000   Number         0  espuart.o ABSOLUTE
    ..\HARDWARE\KEY\key.c                    0x00000000   Number         0  key.o ABSOLUTE
    ..\HARDWARE\LCD\lcd.c                    0x00000000   Number         0  lcd.o ABSOLUTE
    ..\HARDWARE\LED\led.c                    0x00000000   Number         0  led.o ABSOLUTE
    ..\HARDWARE\TEXT\Hz.c                    0x00000000   Number         0  hz.o ABSOLUTE
    ..\HARDWARE\WiFi\wifi.c                  0x00000000   Number         0  wifi.o ABSOLUTE
    ..\MALLOC\malloc.c                       0x00000000   Number         0  malloc.o ABSOLUTE
    ..\STM32F10x_FWLib\src\misc.c            0x00000000   Number         0  misc.o ABSOLUTE
    ..\STM32F10x_FWLib\src\stm32f10x_dma.c   0x00000000   Number         0  stm32f10x_dma.o ABSOLUTE
    ..\STM32F10x_FWLib\src\stm32f10x_gpio.c  0x00000000   Number         0  stm32f10x_gpio.o ABSOLUTE
    ..\STM32F10x_FWLib\src\stm32f10x_rcc.c   0x00000000   Number         0  stm32f10x_rcc.o ABSOLUTE
    ..\STM32F10x_FWLib\src\stm32f10x_tim.c   0x00000000   Number         0  stm32f10x_tim.o ABSOLUTE
    ..\STM32F10x_FWLib\src\stm32f10x_usart.c 0x00000000   Number         0  stm32f10x_usart.o ABSOLUTE
    ..\SYSTEM\delay\delay.c                  0x00000000   Number         0  delay.o ABSOLUTE
    ..\SYSTEM\sys\sys.c                      0x00000000   Number         0  sys.o ABSOLUTE
    ..\SYSTEM\usart\usart.c                  0x00000000   Number         0  usart.o ABSOLUTE
    ..\\CORE\\core_cm3.c                     0x00000000   Number         0  core_cm3.o ABSOLUTE
    ..\\SYSTEM\\sys\\sys.c                   0x00000000   Number         0  sys.o ABSOLUTE
    ..\cJSON\cJSON.c                         0x00000000   Number         0  cjson.o ABSOLUTE
    cdcmple.s                                0x00000000   Number         0  cdcmple.o ABSOLUTE
    cdrcmple.s                               0x00000000   Number         0  cdrcmple.o ABSOLUTE
    dc.s                                     0x00000000   Number         0  dc.o ABSOLUTE
    handlers.s                               0x00000000   Number         0  handlers.o ABSOLUTE
    init.s                                   0x00000000   Number         0  init.o ABSOLUTE
    main.c                                   0x00000000   Number         0  main.o ABSOLUTE
    stm32f10x_it.c                           0x00000000   Number         0  stm32f10x_it.o ABSOLUTE
    system_stm32f10x.c                       0x00000000   Number         0  system_stm32f10x.o ABSOLUTE
    RESET                                    0x08000000   Section      304  startup_stm32f10x_hd.o(RESET)
    .ARM.Collect$$$$00000000                 0x08000130   Section        0  entry.o(.ARM.Collect$$$$00000000)
    .ARM.Collect$$$$00000001                 0x08000130   Section        4  entry2.o(.ARM.Collect$$$$00000001)
    .ARM.Collect$$$$00000004                 0x08000134   Section        4  entry5.o(.ARM.Collect$$$$00000004)
    .ARM.Collect$$$$00000008                 0x08000138   Section        0  entry7b.o(.ARM.Collect$$$$00000008)
    .ARM.Collect$$$$0000000A                 0x08000138   Section        0  entry8b.o(.ARM.Collect$$$$0000000A)
    .ARM.Collect$$$$0000000B                 0x08000138   Section        8  entry9a.o(.ARM.Collect$$$$0000000B)
    .ARM.Collect$$$$0000000D                 0x08000140   Section        0  entry10a.o(.ARM.Collect$$$$0000000D)
    .ARM.Collect$$$$0000000F                 0x08000140   Section        0  entry11a.o(.ARM.Collect$$$$0000000F)
    .ARM.Collect$$$$00002712                 0x08000140   Section        4  entry2.o(.ARM.Collect$$$$00002712)
    __lit__00000000                          0x08000140   Data           4  entry2.o(.ARM.Collect$$$$00002712)
    .text                                    0x08000144   Section        0  main.o(.text)
    .text                                    0x080001c4   Section        0  stm32f10x_it.o(.text)
    .text                                    0x080001e0   Section        0  system_stm32f10x.o(.text)
    SetSysClockTo72                          0x080001e1   Thumb Code   214  system_stm32f10x.o(.text)
    SetSysClock                              0x080002b7   Thumb Code     8  system_stm32f10x.o(.text)
    .text                                    0x080003c0   Section        0  led.o(.text)
    .text                                    0x08000410   Section        0  key.o(.text)
    .text                                    0x0800050c   Section        0  espuart.o(.text)
    .text                                    0x08000788   Section        0  lcd.o(.text)
    .text                                    0x08005fd0   Section        0  hz.o(.text)
    .text                                    0x080061c4   Section        0  delay.o(.text)
    .text                                    0x08006298   Section        0  usart.o(.text)
    .text                                    0x080063d8   Section        0  malloc.o(.text)
    .text                                    0x08006578   Section       36  startup_stm32f10x_hd.o(.text)
    .text                                    0x0800659c   Section        0  stm32f10x_gpio.o(.text)
    .text                                    0x080068f8   Section        0  stm32f10x_rcc.o(.text)
    .text                                    0x08006c9c   Section        0  stm32f10x_usart.o(.text)
    .text                                    0x080070a4   Section        0  misc.o(.text)
    .text                                    0x08007180   Section        0  stm32f10x_dma.o(.text)
    .text                                    0x080073d4   Section        0  stm32f10x_tim.o(.text)
    TI4_Config                               0x0800787b   Thumb Code   130  stm32f10x_tim.o(.text)
    TI3_Config                               0x0800790f   Thumb Code   122  stm32f10x_tim.o(.text)
    TI2_Config                               0x080079a3   Thumb Code   130  stm32f10x_tim.o(.text)
    TI1_Config                               0x08007a37   Thumb Code   108  stm32f10x_tim.o(.text)
    .text                                    0x080081ee   Section        0  strlen.o(.text)
    .text                                    0x080081fc   Section        0  dadd.o(.text)
    .text                                    0x0800834a   Section        0  dmul.o(.text)
    .text                                    0x0800842e   Section        0  dfltui.o(.text)
    .text                                    0x08008448   Section        0  dfixui.o(.text)
    .text                                    0x0800847c   Section       48  cdrcmple.o(.text)
    .text                                    0x080084ac   Section        0  uidiv.o(.text)
    .text                                    0x080084d8   Section        0  uldiv.o(.text)
    .text                                    0x0800853a   Section        0  llshl.o(.text)
    .text                                    0x08008558   Section        0  llushr.o(.text)
    .text                                    0x08008578   Section        0  llsshr.o(.text)
    .text                                    0x0800859c   Section        0  depilogue.o(.text)
    .text                                    0x0800859c   Section        0  iusefp.o(.text)
    .text                                    0x08008656   Section        0  ddiv.o(.text)
    .text                                    0x08008734   Section        0  dfixul.o(.text)
    .text                                    0x08008764   Section       36  init.o(.text)
    i.__0printf                              0x08008788   Section        0  printfa.o(i.__0printf)
    i.__0vsprintf                            0x080087a8   Section        0  printfa.o(i.__0vsprintf)
    i.__scatterload_copy                     0x080087cc   Section       14  handlers.o(i.__scatterload_copy)
    i.__scatterload_null                     0x080087da   Section        2  handlers.o(i.__scatterload_null)
    i.__scatterload_zeroinit                 0x080087dc   Section       14  handlers.o(i.__scatterload_zeroinit)
    i._fp_digits                             0x080087ec   Section        0  printfa.o(i._fp_digits)
    _fp_digits                               0x080087ed   Thumb Code   366  printfa.o(i._fp_digits)
    i._printf_core                           0x08008970   Section        0  printfa.o(i._printf_core)
    _printf_core                             0x08008971   Thumb Code  1744  printfa.o(i._printf_core)
    i._printf_post_padding                   0x0800904c   Section        0  printfa.o(i._printf_post_padding)
    _printf_post_padding                     0x0800904d   Thumb Code    36  printfa.o(i._printf_post_padding)
    i._printf_pre_padding                    0x08009070   Section        0  printfa.o(i._printf_pre_padding)
    _printf_pre_padding                      0x08009071   Thumb Code    46  printfa.o(i._printf_pre_padding)
    i._sputc                                 0x0800909e   Section        0  printfa.o(i._sputc)
    _sputc                                   0x0800909f   Thumb Code    10  printfa.o(i._sputc)
    .constdata                               0x080090a8   Section     6080  lcd.o(.constdata)
    .constdata                               0x0800a868   Section      656  hz.o(.constdata)
    .data                                    0x20000000   Section       20  system_stm32f10x.o(.data)
    .data                                    0x20000014   Section        1  key.o(.data)
    key_up                                   0x20000014   Data           1  key.o(.data)
    .data                                    0x20000016   Section        2  espuart.o(.data)
    .data                                    0x20000018   Section        4  lcd.o(.data)
    .data                                    0x2000001c   Section        4  delay.o(.data)
    fac_us                                   0x2000001c   Data           1  delay.o(.data)
    fac_ms                                   0x2000001e   Data           2  delay.o(.data)
    .data                                    0x20000020   Section        6  usart.o(.data)
    .data                                    0x20000028   Section       20  malloc.o(.data)
    .data                                    0x2000003c   Section       20  stm32f10x_rcc.o(.data)
    APBAHBPrescTable                         0x2000003c   Data          16  stm32f10x_rcc.o(.data)
    ADCPrescTable                            0x2000004c   Data           4  stm32f10x_rcc.o(.data)
    .bss                                     0x20000050   Section     2048  espuart.o(.bss)
    .bss                                     0x20000850   Section       14  lcd.o(.bss)
    .bss                                     0x2000085e   Section      200  usart.o(.bss)
    .bss                                     0x20000928   Section    38080  malloc.o(.bss)
    STACK                                    0x20009de8   Section     1024  startup_stm32f10x_hd.o(STACK)

    Global Symbols

    Symbol Name                              Value     Ov Type        Size  Object(Section)

    BuildAttributes$$THM_ISAv4$P$D$K$B$S$PE$A:L22UL41UL21$X:L11$S22US41US21$IEEE1$IW$USESV6$~STKCKD$USESV7$~SHL$OTIME$ROPI$IEEEJ$EBA8$MICROLIB$REQ8$PRES8$EABIv2 0x00000000   Number         0  anon$$obj.o ABSOLUTE
    __ARM_use_no_argv                        0x00000000   Number         0  main.o ABSOLUTE
    __use_no_errno                           0x00000000   Number         0  useno.o ABSOLUTE
    __use_no_exception_handling              0x00000000   Number         0  useno.o ABSOLUTE
    __use_no_fp                              0x00000000   Number         0  useno.o ABSOLUTE
    __use_no_heap                            0x00000000   Number         0  useno.o ABSOLUTE
    __use_no_heap_region                     0x00000000   Number         0  useno.o ABSOLUTE
    __use_no_semihosting                     0x00000000   Number         0  useno.o ABSOLUTE
    __use_no_semihosting_swi                 0x00000000   Number         0  useno.o ABSOLUTE
    __use_no_signal_handling                 0x00000000   Number         0  useno.o ABSOLUTE
    _printf_a                                0x00000000   Number         0  stubs.o ABSOLUTE
    _printf_c                                0x00000000   Number         0  stubs.o ABSOLUTE
    _printf_charcount                        0x00000000   Number         0  stubs.o ABSOLUTE
    _printf_d                                0x00000000   Number         0  stubs.o ABSOLUTE
    _printf_e                                0x00000000   Number         0  stubs.o ABSOLUTE
    _printf_f                                0x00000000   Number         0  stubs.o ABSOLUTE
    _printf_flags                            0x00000000   Number         0  stubs.o ABSOLUTE
    _printf_fp_dec                           0x00000000   Number         0  stubs.o ABSOLUTE
    _printf_fp_hex                           0x00000000   Number         0  stubs.o ABSOLUTE
    _printf_g                                0x00000000   Number         0  stubs.o ABSOLUTE
    _printf_i                                0x00000000   Number         0  stubs.o ABSOLUTE
    _printf_int_dec                          0x00000000   Number         0  stubs.o ABSOLUTE
    _printf_l                                0x00000000   Number         0  stubs.o ABSOLUTE
    _printf_lc                               0x00000000   Number         0  stubs.o ABSOLUTE
    _printf_ll                               0x00000000   Number         0  stubs.o ABSOLUTE
    _printf_lld                              0x00000000   Number         0  stubs.o ABSOLUTE
    _printf_lli                              0x00000000   Number         0  stubs.o ABSOLUTE
    _printf_llo                              0x00000000   Number         0  stubs.o ABSOLUTE
    _printf_llu                              0x00000000   Number         0  stubs.o ABSOLUTE
    _printf_llx                              0x00000000   Number         0  stubs.o ABSOLUTE
    _printf_longlong_dec                     0x00000000   Number         0  stubs.o ABSOLUTE
    _printf_longlong_hex                     0x00000000   Number         0  stubs.o ABSOLUTE
    _printf_longlong_oct                     0x00000000   Number         0  stubs.o ABSOLUTE
    _printf_ls                               0x00000000   Number         0  stubs.o ABSOLUTE
    _printf_mbtowc                           0x00000000   Number         0  stubs.o ABSOLUTE
    _printf_n                                0x00000000   Number         0  stubs.o ABSOLUTE
    _printf_o                                0x00000000   Number         0  stubs.o ABSOLUTE
    _printf_p                                0x00000000   Number         0  stubs.o ABSOLUTE
    _printf_percent                          0x00000000   Number         0  stubs.o ABSOLUTE
    _printf_pre_padding                      0x00000000   Number         0  stubs.o ABSOLUTE
    _printf_return_value                     0x00000000   Number         0  stubs.o ABSOLUTE
    _printf_s                                0x00000000   Number         0  stubs.o ABSOLUTE
    _printf_sizespec                         0x00000000   Number         0  stubs.o ABSOLUTE
    _printf_str                              0x00000000   Number         0  stubs.o ABSOLUTE
    _printf_truncate_signed                  0x00000000   Number         0  stubs.o ABSOLUTE
    _printf_truncate_unsigned                0x00000000   Number         0  stubs.o ABSOLUTE
    _printf_u                                0x00000000   Number         0  stubs.o ABSOLUTE
    _printf_wc                               0x00000000   Number         0  stubs.o ABSOLUTE
    _printf_wctomb                           0x00000000   Number         0  stubs.o ABSOLUTE
    _printf_widthprec                        0x00000000   Number         0  stubs.o ABSOLUTE
    _printf_x                                0x00000000   Number         0  stubs.o ABSOLUTE
    __cpp_initialize__aeabi_                  - Undefined Weak Reference
    __cxa_finalize                            - Undefined Weak Reference
    __decompress                              - Undefined Weak Reference
    _clock_init                               - Undefined Weak Reference
    _microlib_exit                            - Undefined Weak Reference
    _scanf_int                                - Undefined Weak Reference
    _scanf_longlong                           - Undefined Weak Reference
    _scanf_string                             - Undefined Weak Reference
    __Vectors_Size                           0x00000130   Number         0  startup_stm32f10x_hd.o ABSOLUTE
    __Vectors                                0x08000000   Data           4  startup_stm32f10x_hd.o(RESET)
    __Vectors_End                            0x08000130   Data           0  startup_stm32f10x_hd.o(RESET)
    __main                                   0x08000131   Thumb Code     0  entry.o(.ARM.Collect$$$$00000000)
    _main_stk                                0x08000131   Thumb Code     0  entry2.o(.ARM.Collect$$$$00000001)
    _main_scatterload                        0x08000135   Thumb Code     0  entry5.o(.ARM.Collect$$$$00000004)
    __main_after_scatterload                 0x08000139   Thumb Code     0  entry5.o(.ARM.Collect$$$$00000004)
    _main_clock                              0x08000139   Thumb Code     0  entry7b.o(.ARM.Collect$$$$00000008)
    _main_cpp_init                           0x08000139   Thumb Code     0  entry8b.o(.ARM.Collect$$$$0000000A)
    _main_init                               0x08000139   Thumb Code     0  entry9a.o(.ARM.Collect$$$$0000000B)
    __rt_final_cpp                           0x08000141   Thumb Code     0  entry10a.o(.ARM.Collect$$$$0000000D)
    __rt_final_exit                          0x08000141   Thumb Code     0  entry11a.o(.ARM.Collect$$$$0000000F)
    main                                     0x08000145   Thumb Code   100  main.o(.text)
    NMI_Handler                              0x080001c5   Thumb Code     2  stm32f10x_it.o(.text)
    HardFault_Handler                        0x080001c7   Thumb Code     4  stm32f10x_it.o(.text)
    MemManage_Handler                        0x080001cb   Thumb Code     4  stm32f10x_it.o(.text)
    BusFault_Handler                         0x080001cf   Thumb Code     4  stm32f10x_it.o(.text)
    UsageFault_Handler                       0x080001d3   Thumb Code     4  stm32f10x_it.o(.text)
    SVC_Handler                              0x080001d7   Thumb Code     2  stm32f10x_it.o(.text)
    DebugMon_Handler                         0x080001d9   Thumb Code     2  stm32f10x_it.o(.text)
    PendSV_Handler                           0x080001db   Thumb Code     2  stm32f10x_it.o(.text)
    SysTick_Handler                          0x080001dd   Thumb Code     2  stm32f10x_it.o(.text)
    SystemInit                               0x080002bf   Thumb Code    78  system_stm32f10x.o(.text)
    SystemCoreClockUpdate                    0x0800030d   Thumb Code   142  system_stm32f10x.o(.text)
    LED_Init                                 0x080003c1   Thumb Code    72  led.o(.text)
    KEY_Init                                 0x08000411   Thumb Code    82  key.o(.text)
    KEY_Scan                                 0x08000463   Thumb Code   154  key.o(.text)
    TIM4_Set                                 0x0800050d   Thumb Code    34  espuart.o(.text)
    USART2_IRQHandler                        0x0800052f   Thumb Code    84  espuart.o(.text)
    TIM4_Init                                0x08000583   Thumb Code    82  espuart.o(.text)
    UART_DMA_Config                          0x080005d5   Thumb Code    72  espuart.o(.text)
    USART2_Init                              0x0800061d   Thumb Code   206  espuart.o(.text)
    UART_DMA_Enable                          0x080006eb   Thumb Code    32  espuart.o(.text)
    u2_printf                                0x0800070b   Thumb Code    56  espuart.o(.text)
    TIM4_IRQHandler                          0x08000743   Thumb Code    40  espuart.o(.text)
    LCD_WR_REG                               0x08000789   Thumb Code    28  lcd.o(.text)
    LCD_WR_DATAX                             0x080007a5   Thumb Code    28  lcd.o(.text)
    LCD_RD_DATA                              0x080007c1   Thumb Code    98  lcd.o(.text)
    LCD_WriteReg                             0x08000823   Thumb Code    40  lcd.o(.text)
    LCD_ReadReg                              0x0800084b   Thumb Code    16  lcd.o(.text)
    LCD_WriteRAM_Prepare                     0x0800085b   Thumb Code    12  lcd.o(.text)
    LCD_WriteRAM                             0x08000867   Thumb Code    28  lcd.o(.text)
    LCD_BGR2RGB                              0x08000883   Thumb Code    26  lcd.o(.text)
    opt_delay                                0x0800089d   Thumb Code    14  lcd.o(.text)
    LCD_SetCursor                            0x080008ab   Thumb Code   956  lcd.o(.text)
    LCD_ReadPoint                            0x08000c67   Thumb Code   506  lcd.o(.text)
    LCD_DisplayOn                            0x08000e61   Thumb Code    92  lcd.o(.text)
    LCD_DisplayOff                           0x08000ebd   Thumb Code    90  lcd.o(.text)
    LCD_Scan_Dir                             0x08000f17   Thumb Code  1126  lcd.o(.text)
    LCD_DrawPoint                            0x0800137d   Thumb Code    52  lcd.o(.text)
    LCD_Fast_DrawPoint                       0x080013b1   Thumb Code   854  lcd.o(.text)
    LCD_SSD_BackLightSet                     0x08001707   Thumb Code   220  lcd.o(.text)
    LCD_Display_Dir                          0x080017e3   Thumb Code   444  lcd.o(.text)
    LCD_Set_Window                           0x0800199f   Thumb Code  1078  lcd.o(.text)
    LCD_Clear                                0x08001dd5   Thumb Code   122  lcd.o(.text)
    LCD_Init                                 0x08001e4f   Thumb Code 15298  lcd.o(.text)
    LCD_Fill                                 0x08005a11   Thumb Code   200  lcd.o(.text)
    LCD_Color_Fill                           0x08005ad9   Thumb Code   116  lcd.o(.text)
    LCD_DrawLine                             0x08005b4d   Thumb Code   176  lcd.o(.text)
    LCD_DrawRectangle                        0x08005bfd   Thumb Code    60  lcd.o(.text)
    LCD_Draw_Circle                          0x08005c39   Thumb Code   152  lcd.o(.text)
    LCD_ShowChar                             0x08005cd1   Thumb Code   272  lcd.o(.text)
    LCD_Pow                                  0x08005de1   Thumb Code    22  lcd.o(.text)
    LCD_ShowNum                              0x08005df7   Thumb Code   180  lcd.o(.text)
    LCD_ShowxNum                             0x08005eab   Thumb Code   190  lcd.o(.text)
    LCD_ShowString                           0x08005f69   Thumb Code   102  lcd.o(.text)
    PutHZ3232                                0x08005fd1   Thumb Code   198  hz.o(.text)
    show_Hz32                                0x08006097   Thumb Code    60  hz.o(.text)
    Show_Hz16                                0x080060d3   Thumb Code   224  hz.o(.text)
    delay_init                               0x080061c5   Thumb Code    50  delay.o(.text)
    delay_us                                 0x080061f7   Thumb Code    72  delay.o(.text)
    delay_ms                                 0x0800623f   Thumb Code    72  delay.o(.text)
    _sys_exit                                0x08006299   Thumb Code     6  usart.o(.text)
    fputc                                    0x0800629f   Thumb Code    24  usart.o(.text)
    uart_init                                0x080062b7   Thumb Code   152  usart.o(.text)
    USART1_IRQHandler                        0x0800634f   Thumb Code   122  usart.o(.text)
    mymemcpy                                 0x080063d9   Thumb Code    26  malloc.o(.text)
    mymemset                                 0x080063f3   Thumb Code    20  malloc.o(.text)
    mem_init                                 0x08006407   Thumb Code    38  malloc.o(.text)
    mem_perused                              0x0800642d   Thumb Code    42  malloc.o(.text)
    mem_malloc                               0x08006457   Thumb Code   116  malloc.o(.text)
    mem_free                                 0x080064cb   Thumb Code    66  malloc.o(.text)
    myfree                                   0x0800650d   Thumb Code    24  malloc.o(.text)
    mymalloc                                 0x08006525   Thumb Code    28  malloc.o(.text)
    myrealloc                                0x08006541   Thumb Code    50  malloc.o(.text)
    Reset_Handler                            0x08006579   Thumb Code     8  startup_stm32f10x_hd.o(.text)
    ADC1_2_IRQHandler                        0x08006593   Thumb Code     0  startup_stm32f10x_hd.o(.text)
    ADC3_IRQHandler                          0x08006593   Thumb Code     0  startup_stm32f10x_hd.o(.text)
    CAN1_RX1_IRQHandler                      0x08006593   Thumb Code     0  startup_stm32f10x_hd.o(.text)
    CAN1_SCE_IRQHandler                      0x08006593   Thumb Code     0  startup_stm32f10x_hd.o(.text)
    DMA1_Channel1_IRQHandler                 0x08006593   Thumb Code     0  startup_stm32f10x_hd.o(.text)
    DMA1_Channel2_IRQHandler                 0x08006593   Thumb Code     0  startup_stm32f10x_hd.o(.text)
    DMA1_Channel3_IRQHandler                 0x08006593   Thumb Code     0  startup_stm32f10x_hd.o(.text)
    DMA1_Channel4_IRQHandler                 0x08006593   Thumb Code     0  startup_stm32f10x_hd.o(.text)
    DMA1_Channel5_IRQHandler                 0x08006593   Thumb Code     0  startup_stm32f10x_hd.o(.text)
    DMA1_Channel6_IRQHandler                 0x08006593   Thumb Code     0  startup_stm32f10x_hd.o(.text)
    DMA1_Channel7_IRQHandler                 0x08006593   Thumb Code     0  startup_stm32f10x_hd.o(.text)
    DMA2_Channel1_IRQHandler                 0x08006593   Thumb Code     0  startup_stm32f10x_hd.o(.text)
    DMA2_Channel2_IRQHandler                 0x08006593   Thumb Code     0  startup_stm32f10x_hd.o(.text)
    DMA2_Channel3_IRQHandler                 0x08006593   Thumb Code     0  startup_stm32f10x_hd.o(.text)
    DMA2_Channel4_5_IRQHandler               0x08006593   Thumb Code     0  startup_stm32f10x_hd.o(.text)
    EXTI0_IRQHandler                         0x08006593   Thumb Code     0  startup_stm32f10x_hd.o(.text)
    EXTI15_10_IRQHandler                     0x08006593   Thumb Code     0  startup_stm32f10x_hd.o(.text)
    EXTI1_IRQHandler                         0x08006593   Thumb Code     0  startup_stm32f10x_hd.o(.text)
    EXTI2_IRQHandler                         0x08006593   Thumb Code     0  startup_stm32f10x_hd.o(.text)
    EXTI3_IRQHandler                         0x08006593   Thumb Code     0  startup_stm32f10x_hd.o(.text)
    EXTI4_IRQHandler                         0x08006593   Thumb Code     0  startup_stm32f10x_hd.o(.text)
    EXTI9_5_IRQHandler                       0x08006593   Thumb Code     0  startup_stm32f10x_hd.o(.text)
    FLASH_IRQHandler                         0x08006593   Thumb Code     0  startup_stm32f10x_hd.o(.text)
    FSMC_IRQHandler                          0x08006593   Thumb Code     0  startup_stm32f10x_hd.o(.text)
    I2C1_ER_IRQHandler                       0x08006593   Thumb Code     0  startup_stm32f10x_hd.o(.text)
    I2C1_EV_IRQHandler                       0x08006593   Thumb Code     0  startup_stm32f10x_hd.o(.text)
    I2C2_ER_IRQHandler                       0x08006593   Thumb Code     0  startup_stm32f10x_hd.o(.text)
    I2C2_EV_IRQHandler                       0x08006593   Thumb Code     0  startup_stm32f10x_hd.o(.text)
    PVD_IRQHandler                           0x08006593   Thumb Code     0  startup_stm32f10x_hd.o(.text)
    RCC_IRQHandler                           0x08006593   Thumb Code     0  startup_stm32f10x_hd.o(.text)
    RTCAlarm_IRQHandler                      0x08006593   Thumb Code     0  startup_stm32f10x_hd.o(.text)
    RTC_IRQHandler                           0x08006593   Thumb Code     0  startup_stm32f10x_hd.o(.text)
    SDIO_IRQHandler                          0x08006593   Thumb Code     0  startup_stm32f10x_hd.o(.text)
    SPI1_IRQHandler                          0x08006593   Thumb Code     0  startup_stm32f10x_hd.o(.text)
    SPI2_IRQHandler                          0x08006593   Thumb Code     0  startup_stm32f10x_hd.o(.text)
    SPI3_IRQHandler                          0x08006593   Thumb Code     0  startup_stm32f10x_hd.o(.text)
    TAMPER_IRQHandler                        0x08006593   Thumb Code     0  startup_stm32f10x_hd.o(.text)
    TIM1_BRK_IRQHandler                      0x08006593   Thumb Code     0  startup_stm32f10x_hd.o(.text)
    TIM1_CC_IRQHandler                       0x08006593   Thumb Code     0  startup_stm32f10x_hd.o(.text)
    TIM1_TRG_COM_IRQHandler                  0x08006593   Thumb Code     0  startup_stm32f10x_hd.o(.text)
    TIM1_UP_IRQHandler                       0x08006593   Thumb Code     0  startup_stm32f10x_hd.o(.text)
    TIM2_IRQHandler                          0x08006593   Thumb Code     0  startup_stm32f10x_hd.o(.text)
    TIM3_IRQHandler                          0x08006593   Thumb Code     0  startup_stm32f10x_hd.o(.text)
    TIM5_IRQHandler                          0x08006593   Thumb Code     0  startup_stm32f10x_hd.o(.text)
    TIM6_IRQHandler                          0x08006593   Thumb Code     0  startup_stm32f10x_hd.o(.text)
    TIM7_IRQHandler                          0x08006593   Thumb Code     0  startup_stm32f10x_hd.o(.text)
    TIM8_BRK_IRQHandler                      0x08006593   Thumb Code     0  startup_stm32f10x_hd.o(.text)
    TIM8_CC_IRQHandler                       0x08006593   Thumb Code     0  startup_stm32f10x_hd.o(.text)
    TIM8_TRG_COM_IRQHandler                  0x08006593   Thumb Code     0  startup_stm32f10x_hd.o(.text)
    TIM8_UP_IRQHandler                       0x08006593   Thumb Code     0  startup_stm32f10x_hd.o(.text)
    UART4_IRQHandler                         0x08006593   Thumb Code     0  startup_stm32f10x_hd.o(.text)
    UART5_IRQHandler                         0x08006593   Thumb Code     0  startup_stm32f10x_hd.o(.text)
    USART3_IRQHandler                        0x08006593   Thumb Code     0  startup_stm32f10x_hd.o(.text)
    USBWakeUp_IRQHandler                     0x08006593   Thumb Code     0  startup_stm32f10x_hd.o(.text)
    USB_HP_CAN1_TX_IRQHandler                0x08006593   Thumb Code     0  startup_stm32f10x_hd.o(.text)
    USB_LP_CAN1_RX0_IRQHandler               0x08006593   Thumb Code     0  startup_stm32f10x_hd.o(.text)
    WWDG_IRQHandler                          0x08006593   Thumb Code     0  startup_stm32f10x_hd.o(.text)
    GPIO_DeInit                              0x0800659d   Thumb Code   172  stm32f10x_gpio.o(.text)
    GPIO_AFIODeInit                          0x08006649   Thumb Code    20  stm32f10x_gpio.o(.text)
    GPIO_Init                                0x0800665d   Thumb Code   278  stm32f10x_gpio.o(.text)
    GPIO_StructInit                          0x08006773   Thumb Code    16  stm32f10x_gpio.o(.text)
    GPIO_ReadInputDataBit                    0x08006783   Thumb Code    18  stm32f10x_gpio.o(.text)
    GPIO_ReadInputData                       0x08006795   Thumb Code     8  stm32f10x_gpio.o(.text)
    GPIO_ReadOutputDataBit                   0x0800679d   Thumb Code    18  stm32f10x_gpio.o(.text)
    GPIO_ReadOutputData                      0x080067af   Thumb Code     8  stm32f10x_gpio.o(.text)
    GPIO_SetBits                             0x080067b7   Thumb Code     4  stm32f10x_gpio.o(.text)
    GPIO_ResetBits                           0x080067bb   Thumb Code     4  stm32f10x_gpio.o(.text)
    GPIO_WriteBit                            0x080067bf   Thumb Code    10  stm32f10x_gpio.o(.text)
    GPIO_Write                               0x080067c9   Thumb Code     4  stm32f10x_gpio.o(.text)
    GPIO_PinLockConfig                       0x080067cd   Thumb Code    18  stm32f10x_gpio.o(.text)
    GPIO_EventOutputConfig                   0x080067df   Thumb Code    26  stm32f10x_gpio.o(.text)
    GPIO_EventOutputCmd                      0x080067f9   Thumb Code     6  stm32f10x_gpio.o(.text)
    GPIO_PinRemapConfig                      0x080067ff   Thumb Code   138  stm32f10x_gpio.o(.text)
    GPIO_EXTILineConfig                      0x08006889   Thumb Code    66  stm32f10x_gpio.o(.text)
    GPIO_ETH_MediaInterfaceConfig            0x080068cb   Thumb Code     8  stm32f10x_gpio.o(.text)
    RCC_DeInit                               0x080068f9   Thumb Code    64  stm32f10x_rcc.o(.text)
    RCC_HSEConfig                            0x08006939   Thumb Code    70  stm32f10x_rcc.o(.text)
    RCC_GetFlagStatus                        0x0800697f   Thumb Code    56  stm32f10x_rcc.o(.text)
    RCC_WaitForHSEStartUp                    0x080069b7   Thumb Code    56  stm32f10x_rcc.o(.text)
    RCC_AdjustHSICalibrationValue            0x080069ef   Thumb Code    20  stm32f10x_rcc.o(.text)
    RCC_HSICmd                               0x08006a03   Thumb Code     6  stm32f10x_rcc.o(.text)
    RCC_PLLConfig                            0x08006a09   Thumb Code    24  stm32f10x_rcc.o(.text)
    RCC_PLLCmd                               0x08006a21   Thumb Code     6  stm32f10x_rcc.o(.text)
    RCC_SYSCLKConfig                         0x08006a27   Thumb Code    18  stm32f10x_rcc.o(.text)
    RCC_GetSYSCLKSource                      0x08006a39   Thumb Code    10  stm32f10x_rcc.o(.text)
    RCC_HCLKConfig                           0x08006a43   Thumb Code    18  stm32f10x_rcc.o(.text)
    RCC_PCLK1Config                          0x08006a55   Thumb Code    18  stm32f10x_rcc.o(.text)
    RCC_PCLK2Config                          0x08006a67   Thumb Code    20  stm32f10x_rcc.o(.text)
    RCC_ITConfig                             0x08006a7b   Thumb Code    26  stm32f10x_rcc.o(.text)
    RCC_USBCLKConfig                         0x08006a95   Thumb Code     8  stm32f10x_rcc.o(.text)
    RCC_ADCCLKConfig                         0x08006a9d   Thumb Code    18  stm32f10x_rcc.o(.text)
    RCC_LSEConfig                            0x08006aaf   Thumb Code    50  stm32f10x_rcc.o(.text)
    RCC_LSICmd                               0x08006ae1   Thumb Code     6  stm32f10x_rcc.o(.text)
    RCC_RTCCLKConfig                         0x08006ae7   Thumb Code    12  stm32f10x_rcc.o(.text)
    RCC_RTCCLKCmd                            0x08006af3   Thumb Code     8  stm32f10x_rcc.o(.text)
    RCC_GetClocksFreq                        0x08006afb   Thumb Code   192  stm32f10x_rcc.o(.text)
    RCC_AHBPeriphClockCmd                    0x08006bbb   Thumb Code    26  stm32f10x_rcc.o(.text)
    RCC_APB2PeriphClockCmd                   0x08006bd5   Thumb Code    26  stm32f10x_rcc.o(.text)
    RCC_APB1PeriphClockCmd                   0x08006bef   Thumb Code    26  stm32f10x_rcc.o(.text)
    RCC_APB2PeriphResetCmd                   0x08006c09   Thumb Code    26  stm32f10x_rcc.o(.text)
    RCC_APB1PeriphResetCmd                   0x08006c23   Thumb Code    26  stm32f10x_rcc.o(.text)
    RCC_BackupResetCmd                       0x08006c3d   Thumb Code     8  stm32f10x_rcc.o(.text)
    RCC_ClockSecuritySystemCmd               0x08006c45   Thumb Code     6  stm32f10x_rcc.o(.text)
    RCC_MCOConfig                            0x08006c4b   Thumb Code     6  stm32f10x_rcc.o(.text)
    RCC_ClearFlag                            0x08006c51   Thumb Code    14  stm32f10x_rcc.o(.text)
    RCC_GetITStatus                          0x08006c5f   Thumb Code    20  stm32f10x_rcc.o(.text)
    RCC_ClearITPendingBit                    0x08006c73   Thumb Code     6  stm32f10x_rcc.o(.text)
    USART_DeInit                             0x08006c9d   Thumb Code   134  stm32f10x_usart.o(.text)
    USART_Init                               0x08006d23   Thumb Code   210  stm32f10x_usart.o(.text)
    USART_StructInit                         0x08006df5   Thumb Code    24  stm32f10x_usart.o(.text)
    USART_ClockInit                          0x08006e0d   Thumb Code    34  stm32f10x_usart.o(.text)
    USART_ClockStructInit                    0x08006e2f   Thumb Code    12  stm32f10x_usart.o(.text)
    USART_Cmd                                0x08006e3b   Thumb Code    24  stm32f10x_usart.o(.text)
    USART_ITConfig                           0x08006e53   Thumb Code    74  stm32f10x_usart.o(.text)
    USART_DMACmd                             0x08006e9d   Thumb Code    18  stm32f10x_usart.o(.text)
    USART_SetAddress                         0x08006eaf   Thumb Code    18  stm32f10x_usart.o(.text)
    USART_WakeUpConfig                       0x08006ec1   Thumb Code    18  stm32f10x_usart.o(.text)
    USART_ReceiverWakeUpCmd                  0x08006ed3   Thumb Code    24  stm32f10x_usart.o(.text)
    USART_LINBreakDetectLengthConfig         0x08006eeb   Thumb Code    18  stm32f10x_usart.o(.text)
    USART_LINCmd                             0x08006efd   Thumb Code    24  stm32f10x_usart.o(.text)
    USART_SendData                           0x08006f15   Thumb Code     8  stm32f10x_usart.o(.text)
    USART_ReceiveData                        0x08006f1d   Thumb Code    10  stm32f10x_usart.o(.text)
    USART_SendBreak                          0x08006f27   Thumb Code    10  stm32f10x_usart.o(.text)
    USART_SetGuardTime                       0x08006f31   Thumb Code    16  stm32f10x_usart.o(.text)
    USART_SetPrescaler                       0x08006f41   Thumb Code    16  stm32f10x_usart.o(.text)
    USART_SmartCardCmd                       0x08006f51   Thumb Code    24  stm32f10x_usart.o(.text)
    USART_SmartCardNACKCmd                   0x08006f69   Thumb Code    24  stm32f10x_usart.o(.text)
    USART_HalfDuplexCmd                      0x08006f81   Thumb Code    24  stm32f10x_usart.o(.text)
    USART_OverSampling8Cmd                   0x08006f99   Thumb Code    22  stm32f10x_usart.o(.text)
    USART_OneBitMethodCmd                    0x08006faf   Thumb Code    24  stm32f10x_usart.o(.text)
    USART_IrDAConfig                         0x08006fc7   Thumb Code    18  stm32f10x_usart.o(.text)
    USART_IrDACmd                            0x08006fd9   Thumb Code    24  stm32f10x_usart.o(.text)
    USART_GetFlagStatus                      0x08006ff1   Thumb Code    26  stm32f10x_usart.o(.text)
    USART_ClearFlag                          0x0800700b   Thumb Code    18  stm32f10x_usart.o(.text)
    USART_GetITStatus                        0x0800701d   Thumb Code    84  stm32f10x_usart.o(.text)
    USART_ClearITPendingBit                  0x08007071   Thumb Code    52  stm32f10x_usart.o(.text)
    NVIC_PriorityGroupConfig                 0x080070a5   Thumb Code    10  misc.o(.text)
    NVIC_Init                                0x080070af   Thumb Code   100  misc.o(.text)
    NVIC_SetVectorTable                      0x08007113   Thumb Code    14  misc.o(.text)
    NVIC_SystemLPConfig                      0x08007121   Thumb Code    34  misc.o(.text)
    SysTick_CLKSourceConfig                  0x08007143   Thumb Code    40  misc.o(.text)
    DMA_DeInit                               0x08007181   Thumb Code   324  stm32f10x_dma.o(.text)
    DMA_Init                                 0x080072c5   Thumb Code    60  stm32f10x_dma.o(.text)
    DMA_StructInit                           0x08007301   Thumb Code    26  stm32f10x_dma.o(.text)
    DMA_Cmd                                  0x0800731b   Thumb Code    24  stm32f10x_dma.o(.text)
    DMA_ITConfig                             0x08007333   Thumb Code    18  stm32f10x_dma.o(.text)
    DMA_SetCurrDataCounter                   0x08007345   Thumb Code     4  stm32f10x_dma.o(.text)
    DMA_GetCurrDataCounter                   0x08007349   Thumb Code     8  stm32f10x_dma.o(.text)
    DMA_GetFlagStatus                        0x08007351   Thumb Code    40  stm32f10x_dma.o(.text)
    DMA_ClearFlag                            0x08007379   Thumb Code    22  stm32f10x_dma.o(.text)
    DMA_GetITStatus                          0x0800738f   Thumb Code    40  stm32f10x_dma.o(.text)
    DMA_ClearITPendingBit                    0x080073b7   Thumb Code    22  stm32f10x_dma.o(.text)
    TIM_DeInit                               0x080073d5   Thumb Code   424  stm32f10x_tim.o(.text)
    TIM_TimeBaseInit                         0x0800757d   Thumb Code   122  stm32f10x_tim.o(.text)
    TIM_OC1Init                              0x080075f7   Thumb Code   132  stm32f10x_tim.o(.text)
    TIM_OC2Init                              0x0800767b   Thumb Code   154  stm32f10x_tim.o(.text)
    TIM_OC3Init                              0x08007715   Thumb Code   150  stm32f10x_tim.o(.text)
    TIM_OC4Init                              0x080077ab   Thumb Code   182  stm32f10x_tim.o(.text)
    TIM_SetIC4Prescaler                      0x08007861   Thumb Code    26  stm32f10x_tim.o(.text)
    TIM_SetIC3Prescaler                      0x080078fd   Thumb Code    18  stm32f10x_tim.o(.text)
    TIM_SetIC2Prescaler                      0x08007989   Thumb Code    26  stm32f10x_tim.o(.text)
    TIM_SetIC1Prescaler                      0x08007a25   Thumb Code    18  stm32f10x_tim.o(.text)
    TIM_ICInit                               0x08007aa3   Thumb Code   150  stm32f10x_tim.o(.text)
    TIM_PWMIConfig                           0x08007b39   Thumb Code   124  stm32f10x_tim.o(.text)
    TIM_BDTRConfig                           0x08007bb5   Thumb Code    32  stm32f10x_tim.o(.text)
    TIM_TimeBaseStructInit                   0x08007bd5   Thumb Code    18  stm32f10x_tim.o(.text)
    TIM_OCStructInit                         0x08007be7   Thumb Code    20  stm32f10x_tim.o(.text)
    TIM_ICStructInit                         0x08007bfb   Thumb Code    18  stm32f10x_tim.o(.text)
    TIM_BDTRStructInit                       0x08007c0d   Thumb Code    40  stm32f10x_tim.o(.text)
    TIM_Cmd                                  0x08007c35   Thumb Code    24  stm32f10x_tim.o(.text)
    TIM_CtrlPWMOutputs                       0x08007c4d   Thumb Code    30  stm32f10x_tim.o(.text)
    TIM_ITConfig                             0x08007c6b   Thumb Code    18  stm32f10x_tim.o(.text)
    TIM_GenerateEvent                        0x08007c7d   Thumb Code     4  stm32f10x_tim.o(.text)
    TIM_DMAConfig                            0x08007c81   Thumb Code    10  stm32f10x_tim.o(.text)
    TIM_DMACmd                               0x08007c8b   Thumb Code    18  stm32f10x_tim.o(.text)
    TIM_InternalClockConfig                  0x08007c9d   Thumb Code    12  stm32f10x_tim.o(.text)
    TIM_SelectInputTrigger                   0x08007ca9   Thumb Code    18  stm32f10x_tim.o(.text)
    TIM_ITRxExternalClockConfig              0x08007cbb   Thumb Code    24  stm32f10x_tim.o(.text)
    TIM_TIxExternalClockConfig               0x08007cd3   Thumb Code    62  stm32f10x_tim.o(.text)
    TIM_ETRConfig                            0x08007d11   Thumb Code    28  stm32f10x_tim.o(.text)
    TIM_ETRClockMode1Config                  0x08007d2d   Thumb Code    54  stm32f10x_tim.o(.text)
    TIM_ETRClockMode2Config                  0x08007d63   Thumb Code    32  stm32f10x_tim.o(.text)
    TIM_PrescalerConfig                      0x08007d83   Thumb Code     6  stm32f10x_tim.o(.text)
    TIM_CounterModeConfig                    0x08007d89   Thumb Code    18  stm32f10x_tim.o(.text)
    TIM_EncoderInterfaceConfig               0x08007d9b   Thumb Code    66  stm32f10x_tim.o(.text)
    TIM_ForcedOC1Config                      0x08007ddd   Thumb Code    18  stm32f10x_tim.o(.text)
    TIM_ForcedOC2Config                      0x08007def   Thumb Code    26  stm32f10x_tim.o(.text)
    TIM_ForcedOC3Config                      0x08007e09   Thumb Code    18  stm32f10x_tim.o(.text)
    TIM_ForcedOC4Config                      0x08007e1b   Thumb Code    26  stm32f10x_tim.o(.text)
    TIM_ARRPreloadConfig                     0x08007e35   Thumb Code    24  stm32f10x_tim.o(.text)
    TIM_SelectCOM                            0x08007e4d   Thumb Code    24  stm32f10x_tim.o(.text)
    TIM_SelectCCDMA                          0x08007e65   Thumb Code    24  stm32f10x_tim.o(.text)
    TIM_CCPreloadControl                     0x08007e7d   Thumb Code    24  stm32f10x_tim.o(.text)
    TIM_OC1PreloadConfig                     0x08007e95   Thumb Code    18  stm32f10x_tim.o(.text)
    TIM_OC2PreloadConfig                     0x08007ea7   Thumb Code    26  stm32f10x_tim.o(.text)
    TIM_OC3PreloadConfig                     0x08007ec1   Thumb Code    18  stm32f10x_tim.o(.text)
    TIM_OC4PreloadConfig                     0x08007ed3   Thumb Code    26  stm32f10x_tim.o(.text)
    TIM_OC1FastConfig                        0x08007eed   Thumb Code    18  stm32f10x_tim.o(.text)
    TIM_OC2FastConfig                        0x08007eff   Thumb Code    26  stm32f10x_tim.o(.text)
    TIM_OC3FastConfig                        0x08007f19   Thumb Code    18  stm32f10x_tim.o(.text)
    TIM_OC4FastConfig                        0x08007f2b   Thumb Code    26  stm32f10x_tim.o(.text)
    TIM_ClearOC1Ref                          0x08007f45   Thumb Code    18  stm32f10x_tim.o(.text)
    TIM_ClearOC2Ref                          0x08007f57   Thumb Code    24  stm32f10x_tim.o(.text)
    TIM_ClearOC3Ref                          0x08007f6f   Thumb Code    18  stm32f10x_tim.o(.text)
    TIM_ClearOC4Ref                          0x08007f81   Thumb Code    24  stm32f10x_tim.o(.text)
    TIM_OC1PolarityConfig                    0x08007f99   Thumb Code    18  stm32f10x_tim.o(.text)
    TIM_OC1NPolarityConfig                   0x08007fab   Thumb Code    18  stm32f10x_tim.o(.text)
    TIM_OC2PolarityConfig                    0x08007fbd   Thumb Code    26  stm32f10x_tim.o(.text)
    TIM_OC2NPolarityConfig                   0x08007fd7   Thumb Code    26  stm32f10x_tim.o(.text)
    TIM_OC3PolarityConfig                    0x08007ff1   Thumb Code    26  stm32f10x_tim.o(.text)
    TIM_OC3NPolarityConfig                   0x0800800b   Thumb Code    26  stm32f10x_tim.o(.text)
    TIM_OC4PolarityConfig                    0x08008025   Thumb Code    26  stm32f10x_tim.o(.text)
    TIM_CCxCmd                               0x0800803f   Thumb Code    30  stm32f10x_tim.o(.text)
    TIM_CCxNCmd                              0x0800805d   Thumb Code    30  stm32f10x_tim.o(.text)
    TIM_SelectOCxM                           0x0800807b   Thumb Code    82  stm32f10x_tim.o(.text)
    TIM_UpdateDisableConfig                  0x080080cd   Thumb Code    24  stm32f10x_tim.o(.text)
    TIM_UpdateRequestConfig                  0x080080e5   Thumb Code    24  stm32f10x_tim.o(.text)
    TIM_SelectHallSensor                     0x080080fd   Thumb Code    24  stm32f10x_tim.o(.text)
    TIM_SelectOnePulseMode                   0x08008115   Thumb Code    18  stm32f10x_tim.o(.text)
    TIM_SelectOutputTrigger                  0x08008127   Thumb Code    18  stm32f10x_tim.o(.text)
    TIM_SelectSlaveMode                      0x08008139   Thumb Code    18  stm32f10x_tim.o(.text)
    TIM_SelectMasterSlaveMode                0x0800814b   Thumb Code    18  stm32f10x_tim.o(.text)
    TIM_SetCounter                           0x0800815d   Thumb Code     4  stm32f10x_tim.o(.text)
    TIM_SetAutoreload                        0x08008161   Thumb Code     4  stm32f10x_tim.o(.text)
    TIM_SetCompare1                          0x08008165   Thumb Code     4  stm32f10x_tim.o(.text)
    TIM_SetCompare2                          0x08008169   Thumb Code     4  stm32f10x_tim.o(.text)
    TIM_SetCompare3                          0x0800816d   Thumb Code     4  stm32f10x_tim.o(.text)
    TIM_SetCompare4                          0x08008171   Thumb Code     6  stm32f10x_tim.o(.text)
    TIM_SetClockDivision                     0x08008177   Thumb Code    18  stm32f10x_tim.o(.text)
    TIM_GetCapture1                          0x08008189   Thumb Code     6  stm32f10x_tim.o(.text)
    TIM_GetCapture2                          0x0800818f   Thumb Code     6  stm32f10x_tim.o(.text)
    TIM_GetCapture3                          0x08008195   Thumb Code     6  stm32f10x_tim.o(.text)
    TIM_GetCapture4                          0x0800819b   Thumb Code     8  stm32f10x_tim.o(.text)
    TIM_GetCounter                           0x080081a3   Thumb Code     6  stm32f10x_tim.o(.text)
    TIM_GetPrescaler                         0x080081a9   Thumb Code     6  stm32f10x_tim.o(.text)
    TIM_GetFlagStatus                        0x080081af   Thumb Code    18  stm32f10x_tim.o(.text)
    TIM_ClearFlag                            0x080081c1   Thumb Code     6  stm32f10x_tim.o(.text)
    TIM_GetITStatus                          0x080081c7   Thumb Code    34  stm32f10x_tim.o(.text)
    TIM_ClearITPendingBit                    0x080081e9   Thumb Code     6  stm32f10x_tim.o(.text)
    strlen                                   0x080081ef   Thumb Code    14  strlen.o(.text)
    __aeabi_dadd                             0x080081fd   Thumb Code   322  dadd.o(.text)
    __aeabi_dsub                             0x0800833f   Thumb Code     6  dadd.o(.text)
    __aeabi_drsub                            0x08008345   Thumb Code     6  dadd.o(.text)
    __aeabi_dmul                             0x0800834b   Thumb Code   228  dmul.o(.text)
    __aeabi_ui2d                             0x0800842f   Thumb Code    26  dfltui.o(.text)
    __aeabi_d2uiz                            0x08008449   Thumb Code    50  dfixui.o(.text)
    __aeabi_cdrcmple                         0x0800847d   Thumb Code    48  cdrcmple.o(.text)
    __aeabi_uidiv                            0x080084ad   Thumb Code     0  uidiv.o(.text)
    __aeabi_uidivmod                         0x080084ad   Thumb Code    44  uidiv.o(.text)
    __aeabi_uldivmod                         0x080084d9   Thumb Code    98  uldiv.o(.text)
    __aeabi_llsl                             0x0800853b   Thumb Code    30  llshl.o(.text)
    _ll_shift_l                              0x0800853b   Thumb Code     0  llshl.o(.text)
    __aeabi_llsr                             0x08008559   Thumb Code    32  llushr.o(.text)
    _ll_ushift_r                             0x08008559   Thumb Code     0  llushr.o(.text)
    __aeabi_lasr                             0x08008579   Thumb Code    36  llsshr.o(.text)
    _ll_sshift_r                             0x08008579   Thumb Code     0  llsshr.o(.text)
    __I$use$fp                               0x0800859d   Thumb Code     0  iusefp.o(.text)
    _double_round                            0x0800859d   Thumb Code    30  depilogue.o(.text)
    _double_epilogue                         0x080085bb   Thumb Code   156  depilogue.o(.text)
    __aeabi_ddiv                             0x08008657   Thumb Code   222  ddiv.o(.text)
    __aeabi_d2ulz                            0x08008735   Thumb Code    48  dfixul.o(.text)
    __scatterload                            0x08008765   Thumb Code    28  init.o(.text)
    __scatterload_rt2                        0x08008765   Thumb Code     0  init.o(.text)
    __0printf                                0x08008789   Thumb Code    22  printfa.o(i.__0printf)
    __1printf                                0x08008789   Thumb Code     0  printfa.o(i.__0printf)
    __2printf                                0x08008789   Thumb Code     0  printfa.o(i.__0printf)
    __c89printf                              0x08008789   Thumb Code     0  printfa.o(i.__0printf)
    printf                                   0x08008789   Thumb Code     0  printfa.o(i.__0printf)
    __0vsprintf                              0x080087a9   Thumb Code    30  printfa.o(i.__0vsprintf)
    __1vsprintf                              0x080087a9   Thumb Code     0  printfa.o(i.__0vsprintf)
    __2vsprintf                              0x080087a9   Thumb Code     0  printfa.o(i.__0vsprintf)
    __c89vsprintf                            0x080087a9   Thumb Code     0  printfa.o(i.__0vsprintf)
    vsprintf                                 0x080087a9   Thumb Code     0  printfa.o(i.__0vsprintf)
    __scatterload_copy                       0x080087cd   Thumb Code    14  handlers.o(i.__scatterload_copy)
    __scatterload_null                       0x080087db   Thumb Code     2  handlers.o(i.__scatterload_null)
    __scatterload_zeroinit                   0x080087dd   Thumb Code    14  handlers.o(i.__scatterload_zeroinit)
    asc2_1206                                0x080090a8   Data        1140  lcd.o(.constdata)
    asc2_1608                                0x0800951c   Data        1520  lcd.o(.constdata)
    asc2_2412                                0x08009b0c   Data        3420  lcd.o(.constdata)
    GB32_Code                                0x0800a868   Data         520  hz.o(.constdata)
    GB16_Code                                0x0800aa70   Data         136  hz.o(.constdata)
    Region$$Table$$Base                      0x0800aaf8   Number         0  anon$$obj.o(Region$$Table)
    Region$$Table$$Limit                     0x0800ab18   Number         0  anon$$obj.o(Region$$Table)
    SystemCoreClock                          0x20000000   Data           4  system_stm32f10x.o(.data)
    AHBPrescTable                            0x20000004   Data          16  system_stm32f10x.o(.data)
    USART2_RX_STA                            0x20000016   Data           2  espuart.o(.data)
    POINT_COLOR                              0x20000018   Data           2  lcd.o(.data)
    BACK_COLOR                               0x2000001a   Data           2  lcd.o(.data)
    __stdout                                 0x20000020   Data           4  usart.o(.data)
    USART_RX_STA                             0x20000024   Data           2  usart.o(.data)
    mallco_dev                               0x20000028   Data          20  malloc.o(.data)
    USART2_TX_BUF                            0x20000050   Data        1024  espuart.o(.bss)
    USART2_RX_BUF                            0x20000450   Data        1024  espuart.o(.bss)
    lcddev                                   0x20000850   Data          14  lcd.o(.bss)
    USART_RX_BUF                             0x2000085e   Data         200  usart.o(.bss)
    membase                                  0x20000928   Data       35840  malloc.o(.bss)
    memmapbase                               0x20009528   Data        2240  malloc.o(.bss)
    __initial_sp                             0x2000a1e8   Data           0  startup_stm32f10x_hd.o(STACK)



==============================================================================

Memory Map of the image

  Image Entry point : 0x08000131

  Load Region LR_IROM1 (Base: 0x08000000, Size: 0x0000ab68, Max: 0x00040000, ABSOLUTE)

    Execution Region ER_IROM1 (Exec base: 0x08000000, Load base: 0x08000000, Size: 0x0000ab18, Max: 0x00040000, ABSOLUTE)

    Exec Addr    Load Addr    Size         Type   Attr      Idx    E Section Name        Object

    0x08000000   0x08000000   0x00000130   Data   RO          456    RESET               startup_stm32f10x_hd.o
    0x08000130   0x08000130   0x00000000   Code   RO          539  * .ARM.Collect$$$$00000000  mc_w.l(entry.o)
    0x08000130   0x08000130   0x00000004   Code   RO          875    .ARM.Collect$$$$00000001  mc_w.l(entry2.o)
    0x08000134   0x08000134   0x00000004   Code   RO          878    .ARM.Collect$$$$00000004  mc_w.l(entry5.o)
    0x08000138   0x08000138   0x00000000   Code   RO          880    .ARM.Collect$$$$00000008  mc_w.l(entry7b.o)
    0x08000138   0x08000138   0x00000000   Code   RO          882    .ARM.Collect$$$$0000000A  mc_w.l(entry8b.o)
    0x08000138   0x08000138   0x00000008   Code   RO          883    .ARM.Collect$$$$0000000B  mc_w.l(entry9a.o)
    0x08000140   0x08000140   0x00000000   Code   RO          885    .ARM.Collect$$$$0000000D  mc_w.l(entry10a.o)
    0x08000140   0x08000140   0x00000000   Code   RO          887    .ARM.Collect$$$$0000000F  mc_w.l(entry11a.o)
    0x08000140   0x08000140   0x00000004   Code   RO          876    .ARM.Collect$$$$00002712  mc_w.l(entry2.o)
    0x08000144   0x08000144   0x00000080   Code   RO            1    .text               main.o
    0x080001c4   0x080001c4   0x0000001a   Code   RO          149    .text               stm32f10x_it.o
    0x080001de   0x080001de   0x00000002   PAD
    0x080001e0   0x080001e0   0x000001e0   Code   RO          190    .text               system_stm32f10x.o
    0x080003c0   0x080003c0   0x00000050   Code   RO          208    .text               led.o
    0x08000410   0x08000410   0x000000fc   Code   RO          220    .text               key.o
    0x0800050c   0x0800050c   0x0000027c   Code   RO          233    .text               espuart.o
    0x08000788   0x08000788   0x00005846   Code   RO          290    .text               lcd.o
    0x08005fce   0x08005fce   0x00000002   PAD
    0x08005fd0   0x08005fd0   0x000001f4   Code   RO          320    .text               hz.o
    0x080061c4   0x080061c4   0x000000d4   Code   RO          370    .text               delay.o
    0x08006298   0x08006298   0x00000140   Code   RO          401    .text               usart.o
    0x080063d8   0x080063d8   0x000001a0   Code   RO          424    .text               malloc.o
    0x08006578   0x08006578   0x00000024   Code   RO          457    .text               startup_stm32f10x_hd.o
    0x0800659c   0x0800659c   0x0000035c   Code   RO          461    .text               stm32f10x_gpio.o
    0x080068f8   0x080068f8   0x000003a4   Code   RO          473    .text               stm32f10x_rcc.o
    0x08006c9c   0x08006c9c   0x00000408   Code   RO          487    .text               stm32f10x_usart.o
    0x080070a4   0x080070a4   0x000000dc   Code   RO          499    .text               misc.o
    0x08007180   0x08007180   0x00000254   Code   RO          511    .text               stm32f10x_dma.o
    0x080073d4   0x080073d4   0x00000e1a   Code   RO          523    .text               stm32f10x_tim.o
    0x080081ee   0x080081ee   0x0000000e   Code   RO          550    .text               mc_w.l(strlen.o)
    0x080081fc   0x080081fc   0x0000014e   Code   RO          857    .text               mf_w.l(dadd.o)
    0x0800834a   0x0800834a   0x000000e4   Code   RO          859    .text               mf_w.l(dmul.o)
    0x0800842e   0x0800842e   0x0000001a   Code   RO          863    .text               mf_w.l(dfltui.o)
    0x08008448   0x08008448   0x00000032   Code   RO          867    .text               mf_w.l(dfixui.o)
    0x0800847a   0x0800847a   0x00000002   PAD
    0x0800847c   0x0800847c   0x00000030   Code   RO          873    .text               mf_w.l(cdrcmple.o)
    0x080084ac   0x080084ac   0x0000002c   Code   RO          889    .text               mc_w.l(uidiv.o)
    0x080084d8   0x080084d8   0x00000062   Code   RO          891    .text               mc_w.l(uldiv.o)
    0x0800853a   0x0800853a   0x0000001e   Code   RO          893    .text               mc_w.l(llshl.o)
    0x08008558   0x08008558   0x00000020   Code   RO          895    .text               mc_w.l(llushr.o)
    0x08008578   0x08008578   0x00000024   Code   RO          897    .text               mc_w.l(llsshr.o)
    0x0800859c   0x0800859c   0x00000000   Code   RO          916    .text               mc_w.l(iusefp.o)
    0x0800859c   0x0800859c   0x000000ba   Code   RO          917    .text               mf_w.l(depilogue.o)
    0x08008656   0x08008656   0x000000de   Code   RO          919    .text               mf_w.l(ddiv.o)
    0x08008734   0x08008734   0x00000030   Code   RO          923    .text               mf_w.l(dfixul.o)
    0x08008764   0x08008764   0x00000024   Code   RO          927    .text               mc_w.l(init.o)
    0x08008788   0x08008788   0x00000020   Code   RO          793    i.__0printf         mc_w.l(printfa.o)
    0x080087a8   0x080087a8   0x00000024   Code   RO          799    i.__0vsprintf       mc_w.l(printfa.o)
    0x080087cc   0x080087cc   0x0000000e   Code   RO          972    i.__scatterload_copy  mc_w.l(handlers.o)
    0x080087da   0x080087da   0x00000002   Code   RO          973    i.__scatterload_null  mc_w.l(handlers.o)
    0x080087dc   0x080087dc   0x0000000e   Code   RO          974    i.__scatterload_zeroinit  mc_w.l(handlers.o)
    0x080087ea   0x080087ea   0x00000002   PAD
    0x080087ec   0x080087ec   0x00000184   Code   RO          800    i._fp_digits        mc_w.l(printfa.o)
    0x08008970   0x08008970   0x000006dc   Code   RO          801    i._printf_core      mc_w.l(printfa.o)
    0x0800904c   0x0800904c   0x00000024   Code   RO          802    i._printf_post_padding  mc_w.l(printfa.o)
    0x08009070   0x08009070   0x0000002e   Code   RO          803    i._printf_pre_padding  mc_w.l(printfa.o)
    0x0800909e   0x0800909e   0x0000000a   Code   RO          805    i._sputc            mc_w.l(printfa.o)
    0x080090a8   0x080090a8   0x000017c0   Data   RO          292    .constdata          lcd.o
    0x0800a868   0x0800a868   0x00000290   Data   RO          321    .constdata          hz.o
    0x0800aaf8   0x0800aaf8   0x00000020   Data   RO          970    Region$$Table       anon$$obj.o


    Execution Region RW_IRAM1 (Exec base: 0x20000000, Load base: 0x0800ab18, Size: 0x0000a1e8, Max: 0x0000c000, ABSOLUTE)

    Exec Addr    Load Addr    Size         Type   Attr      Idx    E Section Name        Object

    0x20000000   0x0800ab18   0x00000014   Data   RW          191    .data               system_stm32f10x.o
    0x20000014   0x0800ab2c   0x00000001   Data   RW          221    .data               key.o
    0x20000015   0x0800ab2d   0x00000001   PAD
    0x20000016   0x0800ab2e   0x00000002   Data   RW          235    .data               espuart.o
    0x20000018   0x0800ab30   0x00000004   Data   RW          293    .data               lcd.o
    0x2000001c   0x0800ab34   0x00000004   Data   RW          371    .data               delay.o
    0x20000020   0x0800ab38   0x00000006   Data   RW          403    .data               usart.o
    0x20000026   0x0800ab3e   0x00000002   PAD
    0x20000028   0x0800ab40   0x00000014   Data   RW          427    .data               malloc.o
    0x2000003c   0x0800ab54   0x00000014   Data   RW          474    .data               stm32f10x_rcc.o
    0x20000050        -       0x00000800   Zero   RW          234    .bss                espuart.o
    0x20000850        -       0x0000000e   Zero   RW          291    .bss                lcd.o
    0x2000085e        -       0x000000c8   Zero   RW          402    .bss                usart.o
    0x20000926   0x0800ab68   0x00000002   PAD
    0x20000928        -       0x000094c0   Zero   RW          425    .bss                malloc.o
    0x20009de8        -       0x00000400   Zero   RW          454    STACK               startup_stm32f10x_hd.o


==============================================================================

Image component sizes


      Code (inc. data)   RO Data    RW Data    ZI Data      Debug   Object Name

       212         18          0          4          0       1039   delay.o
       636         30          0          2       2048       3729   espuart.o
       500         18        656          0          0       2850   hz.o
       252         16          0          1          0        836   key.o
     22598        208       6080          4         14      24995   lcd.o
        80          8          0          0          0        495   led.o
       128         28          0          0          0     264807   main.o
       416          6          0         20      38080       3977   malloc.o
       220         22          0          0          0       1793   misc.o
        36          8        304          0       1024        792   startup_stm32f10x_hd.o
       596          8          0          0          0       4358   stm32f10x_dma.o
       860         38          0          0          0       5729   stm32f10x_gpio.o
        26          0          0          0          0       1178   stm32f10x_it.o
       932         36          0         20          0       8908   stm32f10x_rcc.o
      3610         88          0          0          0      22836   stm32f10x_tim.o
      1032         22          0          0          0       8452   stm32f10x_usart.o
         0          0          0          0          0         32   sys.o
       480         38          0         20          0       1731   system_stm32f10x.o
       320         16          0          6        200       3170   usart.o

    ----------------------------------------------------------------------
     32938        608       7072         80      41368     361707   Object Totals
         0          0         32          0          0          0   (incl. Generated)
         4          0          0          3          2          0   (incl. Padding)

    ----------------------------------------------------------------------

      Code (inc. data)   RO Data    RW Data    ZI Data      Debug   Library Member Name

         0          0          0          0          0          0   entry.o
         0          0          0          0          0          0   entry10a.o
         0          0          0          0          0          0   entry11a.o
         8          4          0          0          0          0   entry2.o
         4          0          0          0          0          0   entry5.o
         0          0          0          0          0          0   entry7b.o
         0          0          0          0          0          0   entry8b.o
         8          4          0          0          0          0   entry9a.o
        30          0          0          0          0          0   handlers.o
        36          8          0          0          0         68   init.o
         0          0          0          0          0          0   iusefp.o
        30          0          0          0          0         68   llshl.o
        36          0          0          0          0         68   llsshr.o
        32          0          0          0          0         68   llushr.o
      2304         96          0          0          0        600   printfa.o
        14          0          0          0          0         68   strlen.o
        44          0          0          0          0         80   uidiv.o
        98          0          0          0          0         92   uldiv.o
        48          0          0          0          0         68   cdrcmple.o
       334          0          0          0          0        148   dadd.o
       222          0          0          0          0        100   ddiv.o
       186          0          0          0          0        176   depilogue.o
        50          0          0          0          0         76   dfixui.o
        48          0          0          0          0         68   dfixul.o
        26          0          0          0          0         76   dfltui.o
       228          0          0          0          0         96   dmul.o

    ----------------------------------------------------------------------
      3790        112          0          0          0       1920   Library Totals
         4          0          0          0          0          0   (incl. Padding)

    ----------------------------------------------------------------------

      Code (inc. data)   RO Data    RW Data    ZI Data      Debug   Library Name

      2644        112          0          0          0       1112   mc_w.l
      1142          0          0          0          0        808   mf_w.l

    ----------------------------------------------------------------------
      3790        112          0          0          0       1920   Library Totals

    ----------------------------------------------------------------------

==============================================================================


      Code (inc. data)   RO Data    RW Data    ZI Data      Debug   

     36728        720       7072         80      41368     361387   Grand Totals
     36728        720       7072         80      41368     361387   ELF Image Totals
     36728        720       7072         80          0          0   ROM Totals

==============================================================================

    Total RO  Size (Code + RO Data)                43800 (  42.77kB)
    Total RW  Size (RW Data + ZI Data)             41448 (  40.48kB)
    Total ROM Size (Code + RO Data + RW Data)      43880 (  42.85kB)

==============================================================================

